Copyright 1986-2022 Xilinx, Inc. All Rights Reserved. Copyright 2022-2025 Advanced Micro Devices, Inc. All Rights Reserved.
------------------------------------------------------------------------------------------------------------------------------------------------------------------------------------------------------------------------------------
| Tool Version : Vivado v.2025.2 (win64) Build 6299465 Fri Nov 14 19:35:11 GMT 2025
| Date         : Mon Jul 27 19:10:57 2026
| Host         : LAPTOP-2P21F8GO running 64-bit major release  (build 9200)
| Command      : report_timing_summary -max_paths 10 -routable_nets -report_unconstrained -file hex_7seg_timing_summary_routed.rpt -pb hex_7seg_timing_summary_routed.pb -rpx hex_7seg_timing_summary_routed.rpx -warn_on_violation
| Design       : hex_7seg
| Device       : 7s15-ftgb196
| Speed File   : -1  PRODUCTION 1.23 2018-06-13
| Design State : Routed
------------------------------------------------------------------------------------------------------------------------------------------------------------------------------------------------------------------------------------

Timing Summary Report

------------------------------------------------------------------------------------------------
| Timer Settings
| --------------
------------------------------------------------------------------------------------------------

  Enable Multi Corner Analysis               :  Yes
  Enable Pessimism Removal                   :  Yes
  Pessimism Removal Resolution               :  Nearest Common Node
  Enable Input Delay Default Clock           :  No
  Enable Preset / Clear Arcs                 :  No
  Disable Flight Delays                      :  No
  Ignore I/O Paths                           :  No
  Timing Early Launch at Borrowing Latches   :  No
  Borrow Time for Max Delay Exceptions       :  Yes
  Merge Timing Exceptions                    :  Yes
  Inter-SLR Compensation                     :  Conservative

  Corner  Analyze    Analyze    
  Name    Max Paths  Min Paths  
  ------  ---------  ---------  
  Slow    Yes        Yes        
  Fast    Yes        Yes        


------------------------------------------------------------------------------------------------
| Report Methodology
| ------------------
------------------------------------------------------------------------------------------------

No report available as report_methodology has not been run prior. Run report_methodology on the current design for the summary of methodology violations.



check_timing report

Table of Contents
-----------------
1. checking no_clock (0)
2. checking constant_clock (0)
3. checking pulse_width_clock (0)
4. checking unconstrained_internal_endpoints (0)
5. checking no_input_delay (0)
6. checking no_output_delay (0)
7. checking multiple_clock (0)
8. checking generated_clocks (0)
9. checking loops (0)
10. checking partial_input_delay (0)
11. checking partial_output_delay (0)
12. checking latch_loops (0)

1. checking no_clock (0)
------------------------
 There are 0 register/latch pins with no clock.


2. checking constant_clock (0)
------------------------------
 There are 0 register/latch pins with constant_clock.


3. checking pulse_width_clock (0)
---------------------------------
 There are 0 register/latch pins which need pulse_width check


4. checking unconstrained_internal_endpoints (0)
------------------------------------------------
 There are 0 pins that are not constrained for maximum delay.

 There are 0 pins that are not constrained for maximum delay due to constant clock.


5. checking no_input_delay (0)
------------------------------
 There are 0 input ports with no input delay specified.

 There are 0 input ports with no input delay but user has a false path constraint.


6. checking no_output_delay (0)
-------------------------------
 There are 0 ports with no output delay specified.

 There are 0 ports with no output delay but user has a false path constraint

 There are 0 ports with no output delay but with a timing clock defined on it or propagating through it


7. checking multiple_clock (0)
------------------------------
 There are 0 register/latch pins with multiple clocks.


8. checking generated_clocks (0)
--------------------------------
 There are 0 generated clocks that are not connected to a clock source.


9. checking loops (0)
---------------------
 There are 0 combinational loops in the design.


10. checking partial_input_delay (0)
------------------------------------
 There are 0 input ports with partial input delay specified.


11. checking partial_output_delay (0)
-------------------------------------
 There are 0 ports with partial output delay specified.


12. checking latch_loops (0)
----------------------------
 There are 0 combinational latch loops in the design through latch input



------------------------------------------------------------------------------------------------
| Design Timing Summary
| ---------------------
------------------------------------------------------------------------------------------------

    WNS(ns)      TNS(ns)  TNS Failing Endpoints  TNS Total Endpoints      WHS(ns)      THS(ns)  THS Failing Endpoints  THS Total Endpoints     WPWS(ns)     TPWS(ns)  TPWS Failing Endpoints  TPWS Total Endpoints  
    -------      -------  ---------------------  -------------------      -------      -------  ---------------------  -------------------     --------     --------  ----------------------  --------------------  
        inf        0.000                      0                    7          inf        0.000                      0                    7           NA           NA                      NA                    NA  


There are no user specified timing constraints.


------------------------------------------------------------------------------------------------
| Clock Summary
| -------------
------------------------------------------------------------------------------------------------


------------------------------------------------------------------------------------------------
| Intra Clock Table
| -----------------
------------------------------------------------------------------------------------------------

Clock             WNS(ns)      TNS(ns)  TNS Failing Endpoints  TNS Total Endpoints      WHS(ns)      THS(ns)  THS Failing Endpoints  THS Total Endpoints     WPWS(ns)     TPWS(ns)  TPWS Failing Endpoints  TPWS Total Endpoints  
-----             -------      -------  ---------------------  -------------------      -------      -------  ---------------------  -------------------     --------     --------  ----------------------  --------------------  


------------------------------------------------------------------------------------------------
| Inter Clock Table
| -----------------
------------------------------------------------------------------------------------------------

From Clock    To Clock          WNS(ns)      TNS(ns)  TNS Failing Endpoints  TNS Total Endpoints      WHS(ns)      THS(ns)  THS Failing Endpoints  THS Total Endpoints  
----------    --------          -------      -------  ---------------------  -------------------      -------      -------  ---------------------  -------------------  


------------------------------------------------------------------------------------------------
| Other Path Groups Table
| -----------------------
------------------------------------------------------------------------------------------------

Path Group    From Clock    To Clock          WNS(ns)      TNS(ns)  TNS Failing Endpoints  TNS Total Endpoints      WHS(ns)      THS(ns)  THS Failing Endpoints  THS Total Endpoints  
----------    ----------    --------          -------      -------  ---------------------  -------------------      -------      -------  ---------------------  -------------------  


------------------------------------------------------------------------------------------------
| User Ignored Path Table
| -----------------------
------------------------------------------------------------------------------------------------

Path Group    From Clock    To Clock    
----------    ----------    --------    


------------------------------------------------------------------------------------------------
| Unconstrained Path Table
| ------------------------
------------------------------------------------------------------------------------------------

Path Group    From Clock    To Clock    
----------    ----------    --------    
(none)                                    


------------------------------------------------------------------------------------------------
| Timing Details
| --------------
------------------------------------------------------------------------------------------------


--------------------------------------------------------------------------------------
Path Group:  (none)
From Clock:  
  To Clock:  

Max Delay             7 Endpoints
Min Delay             7 Endpoints
--------------------------------------------------------------------------------------


Max Delay Paths
--------------------------------------------------------------------------------------
Slack:                    inf
  Source:                 SW22
                            (input port)
  Destination:            A
                            (output port)
  Path Group:             (none)
  Path Type:              Max at Slow Process Corner
  Data Path Delay:        8.841ns  (logic 5.310ns (60.059%)  route 3.531ns (39.941%))
  Logic Levels:           3  (IBUF=1 LUT4=1 OBUF=1)

    Location             Delay type                Incr(ns)  Path(ns)    Netlist Resource(s)
  -------------------------------------------------------------------    -------------------
    J1                                                0.000     0.000 r  SW22 (IN)
                         net (fo=0)                   0.000     0.000    SW22
    J1                   IBUF (Prop_ibuf_I_O)         1.450     1.450 r  SW22_IBUF_inst/O
                         net (fo=7, routed)           1.653     3.104    SW22_IBUF
    SLICE_X39Y13         LUT4 (Prop_lut4_I2_O)        0.150     3.254 r  A_OBUF_inst_i_1/O
                         net (fo=1, routed)           1.878     5.131    A_OBUF
    L3                   OBUF (Prop_obuf_I_O)         3.710     8.841 r  A_OBUF_inst/O
                         net (fo=0)                   0.000     8.841    A
    L3                                                                r  A (OUT)
  -------------------------------------------------------------------    -------------------

Slack:                    inf
  Source:                 SW22
                            (input port)
  Destination:            D
                            (output port)
  Path Group:             (none)
  Path Type:              Max at Slow Process Corner
  Data Path Delay:        8.800ns  (logic 5.334ns (60.614%)  route 3.466ns (39.386%))
  Logic Levels:           3  (IBUF=1 LUT4=1 OBUF=1)

    Location             Delay type                Incr(ns)  Path(ns)    Netlist Resource(s)
  -------------------------------------------------------------------    -------------------
    J1                                                0.000     0.000 r  SW22 (IN)
                         net (fo=0)                   0.000     0.000    SW22
    J1                   IBUF (Prop_ibuf_I_O)         1.450     1.450 r  SW22_IBUF_inst/O
                         net (fo=7, routed)           1.658     3.109    SW22_IBUF
    SLICE_X39Y13         LUT4 (Prop_lut4_I2_O)        0.152     3.261 r  D_OBUF_inst_i_1/O
                         net (fo=1, routed)           1.807     5.068    D_OBUF
    M3                   OBUF (Prop_obuf_I_O)         3.732     8.800 r  D_OBUF_inst/O
                         net (fo=0)                   0.000     8.800    D
    M3                                                                r  D (OUT)
  -------------------------------------------------------------------    -------------------

Slack:                    inf
  Source:                 SW22
                            (input port)
  Destination:            B
                            (output port)
  Path Group:             (none)
  Path Type:              Max at Slow Process Corner
  Data Path Delay:        8.612ns  (logic 5.107ns (59.297%)  route 3.505ns (40.703%))
  Logic Levels:           3  (IBUF=1 LUT4=1 OBUF=1)

    Location             Delay type                Incr(ns)  Path(ns)    Netlist Resource(s)
  -------------------------------------------------------------------    -------------------
    J1                                                0.000     0.000 r  SW22 (IN)
                         net (fo=0)                   0.000     0.000    SW22
    J1                   IBUF (Prop_ibuf_I_O)         1.450     1.450 r  SW22_IBUF_inst/O
                         net (fo=7, routed)           1.653     3.104    SW22_IBUF
    SLICE_X39Y13         LUT4 (Prop_lut4_I1_O)        0.124     3.228 r  B_OBUF_inst_i_1/O
                         net (fo=1, routed)           1.852     5.080    B_OBUF
    P4                   OBUF (Prop_obuf_I_O)         3.533     8.612 r  B_OBUF_inst/O
                         net (fo=0)                   0.000     8.612    B
    P4                                                                r  B (OUT)
  -------------------------------------------------------------------    -------------------

Slack:                    inf
  Source:                 SW22
                            (input port)
  Destination:            F
                            (output port)
  Path Group:             (none)
  Path Type:              Max at Slow Process Corner
  Data Path Delay:        8.555ns  (logic 5.304ns (62.000%)  route 3.251ns (38.000%))
  Logic Levels:           3  (IBUF=1 LUT4=1 OBUF=1)

    Location             Delay type                Incr(ns)  Path(ns)    Netlist Resource(s)
  -------------------------------------------------------------------    -------------------
    J1                                                0.000     0.000 r  SW22 (IN)
                         net (fo=0)                   0.000     0.000    SW22
    J1                   IBUF (Prop_ibuf_I_O)         1.450     1.450 r  SW22_IBUF_inst/O
                         net (fo=7, routed)           1.395     2.845    SW22_IBUF
    SLICE_X39Y13         LUT4 (Prop_lut4_I1_O)        0.153     2.998 r  F_OBUF_inst_i_1/O
                         net (fo=1, routed)           1.856     4.854    F_OBUF
    J4                   OBUF (Prop_obuf_I_O)         3.701     8.555 r  F_OBUF_inst/O
                         net (fo=0)                   0.000     8.555    F
    J4                                                                r  F (OUT)
  -------------------------------------------------------------------    -------------------

Slack:                    inf
  Source:                 SW22
                            (input port)
  Destination:            C
                            (output port)
  Path Group:             (none)
  Path Type:              Max at Slow Process Corner
  Data Path Delay:        8.486ns  (logic 5.113ns (60.254%)  route 3.373ns (39.746%))
  Logic Levels:           3  (IBUF=1 LUT4=1 OBUF=1)

    Location             Delay type                Incr(ns)  Path(ns)    Netlist Resource(s)
  -------------------------------------------------------------------    -------------------
    J1                                                0.000     0.000 r  SW22 (IN)
                         net (fo=0)                   0.000     0.000    SW22
    J1                   IBUF (Prop_ibuf_I_O)         1.450     1.450 r  SW22_IBUF_inst/O
                         net (fo=7, routed)           1.658     3.109    SW22_IBUF
    SLICE_X39Y13         LUT4 (Prop_lut4_I2_O)        0.124     3.233 r  C_OBUF_inst_i_1/O
                         net (fo=1, routed)           1.714     4.947    C_OBUF
    P2                   OBUF (Prop_obuf_I_O)         3.539     8.486 r  C_OBUF_inst/O
                         net (fo=0)                   0.000     8.486    C
    P2                                                                r  C (OUT)
  -------------------------------------------------------------------    -------------------

Slack:                    inf
  Source:                 SW22
                            (input port)
  Destination:            G
                            (output port)
  Path Group:             (none)
  Path Type:              Max at Slow Process Corner
  Data Path Delay:        8.375ns  (logic 5.087ns (60.738%)  route 3.288ns (39.262%))
  Logic Levels:           3  (IBUF=1 LUT4=1 OBUF=1)

    Location             Delay type                Incr(ns)  Path(ns)    Netlist Resource(s)
  -------------------------------------------------------------------    -------------------
    J1                                                0.000     0.000 r  SW22 (IN)
                         net (fo=0)                   0.000     0.000    SW22
    J1                   IBUF (Prop_ibuf_I_O)         1.450     1.450 r  SW22_IBUF_inst/O
                         net (fo=7, routed)           1.435     2.885    SW22_IBUF
    SLICE_X39Y13         LUT4 (Prop_lut4_I2_O)        0.124     3.009 r  G_OBUF_inst_i_1/O
                         net (fo=1, routed)           1.853     4.862    G_OBUF
    K4                   OBUF (Prop_obuf_I_O)         3.513     8.375 r  G_OBUF_inst/O
                         net (fo=0)                   0.000     8.375    G
    K4                                                                r  G (OUT)
  -------------------------------------------------------------------    -------------------

Slack:                    inf
  Source:                 SW22
                            (input port)
  Destination:            E
                            (output port)
  Path Group:             (none)
  Path Type:              Max at Slow Process Corner
  Data Path Delay:        8.164ns  (logic 5.099ns (62.454%)  route 3.065ns (37.546%))
  Logic Levels:           3  (IBUF=1 LUT4=1 OBUF=1)

    Location             Delay type                Incr(ns)  Path(ns)    Netlist Resource(s)
  -------------------------------------------------------------------    -------------------
    J1                                                0.000     0.000 f  SW22 (IN)
                         net (fo=0)                   0.000     0.000    SW22
    J1                   IBUF (Prop_ibuf_I_O)         1.450     1.450 f  SW22_IBUF_inst/O
                         net (fo=7, routed)           1.395     2.845    SW22_IBUF
    SLICE_X39Y13         LUT4 (Prop_lut4_I1_O)        0.124     2.969 r  E_OBUF_inst_i_1/O
                         net (fo=1, routed)           1.670     4.639    E_OBUF
    M1                   OBUF (Prop_obuf_I_O)         3.525     8.164 r  E_OBUF_inst/O
                         net (fo=0)                   0.000     8.164    E
    M1                                                                r  E (OUT)
  -------------------------------------------------------------------    -------------------





Min Delay Paths
--------------------------------------------------------------------------------------
Slack:                    inf
  Source:                 SW19
                            (input port)
  Destination:            E
                            (output port)
  Path Group:             (none)
  Path Type:              Min at Fast Process Corner
  Data Path Delay:        2.190ns  (logic 1.480ns (67.589%)  route 0.710ns (32.411%))
  Logic Levels:           3  (IBUF=1 LUT4=1 OBUF=1)

    Location             Delay type                Incr(ns)  Path(ns)    Netlist Resource(s)
  -------------------------------------------------------------------    -------------------
    J3                                                0.000     0.000 f  SW19 (IN)
                         net (fo=0)                   0.000     0.000    SW19
    J3                   IBUF (Prop_ibuf_I_O)         0.209     0.209 f  SW19_IBUF_inst/O
                         net (fo=7, routed)           0.385     0.594    SW19_IBUF
    SLICE_X39Y13         LUT4 (Prop_lut4_I3_O)        0.045     0.639 r  E_OBUF_inst_i_1/O
                         net (fo=1, routed)           0.324     0.964    E_OBUF
    M1                   OBUF (Prop_obuf_I_O)         1.226     2.190 r  E_OBUF_inst/O
                         net (fo=0)                   0.000     2.190    E
    M1                                                                r  E (OUT)
  -------------------------------------------------------------------    -------------------

Slack:                    inf
  Source:                 SW17
                            (input port)
  Destination:            G
                            (output port)
  Path Group:             (none)
  Path Type:              Min at Fast Process Corner
  Data Path Delay:        2.229ns  (logic 1.491ns (66.896%)  route 0.738ns (33.104%))
  Logic Levels:           3  (IBUF=1 LUT4=1 OBUF=1)

    Location             Delay type                Incr(ns)  Path(ns)    Netlist Resource(s)
  -------------------------------------------------------------------    -------------------
    L1                                                0.000     0.000 r  SW17 (IN)
                         net (fo=0)                   0.000     0.000    SW17
    L1                   IBUF (Prop_ibuf_I_O)         0.232     0.232 r  SW17_IBUF_inst/O
                         net (fo=7, routed)           0.330     0.562    SW17_IBUF
    SLICE_X39Y13         LUT4 (Prop_lut4_I1_O)        0.045     0.607 r  G_OBUF_inst_i_1/O
                         net (fo=1, routed)           0.408     1.015    G_OBUF
    K4                   OBUF (Prop_obuf_I_O)         1.214     2.229 r  G_OBUF_inst/O
                         net (fo=0)                   0.000     2.229    G
    K4                                                                r  G (OUT)
  -------------------------------------------------------------------    -------------------

Slack:                    inf
  Source:                 SW17
                            (input port)
  Destination:            C
                            (output port)
  Path Group:             (none)
  Path Type:              Min at Fast Process Corner
  Data Path Delay:        2.236ns  (logic 1.517ns (67.835%)  route 0.719ns (32.165%))
  Logic Levels:           3  (IBUF=1 LUT4=1 OBUF=1)

    Location             Delay type                Incr(ns)  Path(ns)    Netlist Resource(s)
  -------------------------------------------------------------------    -------------------
    L1                                                0.000     0.000 f  SW17 (IN)
                         net (fo=0)                   0.000     0.000    SW17
    L1                   IBUF (Prop_ibuf_I_O)         0.232     0.232 f  SW17_IBUF_inst/O
                         net (fo=7, routed)           0.361     0.593    SW17_IBUF
    SLICE_X39Y13         LUT4 (Prop_lut4_I3_O)        0.045     0.638 r  C_OBUF_inst_i_1/O
                         net (fo=1, routed)           0.358     0.997    C_OBUF
    P2                   OBUF (Prop_obuf_I_O)         1.240     2.236 r  C_OBUF_inst/O
                         net (fo=0)                   0.000     2.236    C
    P2                                                                r  C (OUT)
  -------------------------------------------------------------------    -------------------

Slack:                    inf
  Source:                 SW19
                            (input port)
  Destination:            F
                            (output port)
  Path Group:             (none)
  Path Type:              Min at Fast Process Corner
  Data Path Delay:        2.321ns  (logic 1.525ns (65.690%)  route 0.796ns (34.310%))
  Logic Levels:           3  (IBUF=1 LUT4=1 OBUF=1)

    Location             Delay type                Incr(ns)  Path(ns)    Netlist Resource(s)
  -------------------------------------------------------------------    -------------------
    J3                                                0.000     0.000 r  SW19 (IN)
                         net (fo=0)                   0.000     0.000    SW19
    J3                   IBUF (Prop_ibuf_I_O)         0.209     0.209 r  SW19_IBUF_inst/O
                         net (fo=7, routed)           0.385     0.594    SW19_IBUF
    SLICE_X39Y13         LUT4 (Prop_lut4_I3_O)        0.051     0.645 r  F_OBUF_inst_i_1/O
                         net (fo=1, routed)           0.411     1.057    F_OBUF
    J4                   OBUF (Prop_obuf_I_O)         1.264     2.321 r  F_OBUF_inst/O
                         net (fo=0)                   0.000     2.321    F
    J4                                                                r  F (OUT)
  -------------------------------------------------------------------    -------------------

Slack:                    inf
  Source:                 SW17
                            (input port)
  Destination:            D
                            (output port)
  Path Group:             (none)
  Path Type:              Min at Fast Process Corner
  Data Path Delay:        2.328ns  (logic 1.573ns (67.559%)  route 0.755ns (32.441%))
  Logic Levels:           3  (IBUF=1 LUT4=1 OBUF=1)

    Location             Delay type                Incr(ns)  Path(ns)    Netlist Resource(s)
  -------------------------------------------------------------------    -------------------
    L1                                                0.000     0.000 r  SW17 (IN)
                         net (fo=0)                   0.000     0.000    SW17
    L1                   IBUF (Prop_ibuf_I_O)         0.232     0.232 r  SW17_IBUF_inst/O
                         net (fo=7, routed)           0.361     0.593    SW17_IBUF
    SLICE_X39Y13         LUT4 (Prop_lut4_I3_O)        0.049     0.642 r  D_OBUF_inst_i_1/O
                         net (fo=1, routed)           0.394     1.037    D_OBUF
    M3                   OBUF (Prop_obuf_I_O)         1.292     2.328 r  D_OBUF_inst/O
                         net (fo=0)                   0.000     2.328    D
    M3                                                                r  D (OUT)
  -------------------------------------------------------------------    -------------------

Slack:                    inf
  Source:                 SW17
                            (input port)
  Destination:            B
                            (output port)
  Path Group:             (none)
  Path Type:              Min at Fast Process Corner
  Data Path Delay:        2.331ns  (logic 1.511ns (64.823%)  route 0.820ns (35.177%))
  Logic Levels:           3  (IBUF=1 LUT4=1 OBUF=1)

    Location             Delay type                Incr(ns)  Path(ns)    Netlist Resource(s)
  -------------------------------------------------------------------    -------------------
    L1                                                0.000     0.000 r  SW17 (IN)
                         net (fo=0)                   0.000     0.000    SW17
    L1                   IBUF (Prop_ibuf_I_O)         0.232     0.232 r  SW17_IBUF_inst/O
                         net (fo=7, routed)           0.413     0.645    SW17_IBUF
    SLICE_X39Y13         LUT4 (Prop_lut4_I2_O)        0.045     0.690 r  B_OBUF_inst_i_1/O
                         net (fo=1, routed)           0.407     1.097    B_OBUF
    P4                   OBUF (Prop_obuf_I_O)         1.234     2.331 r  B_OBUF_inst/O
                         net (fo=0)                   0.000     2.331    B
    P4                                                                r  B (OUT)
  -------------------------------------------------------------------    -------------------

Slack:                    inf
  Source:                 SW17
                            (input port)
  Destination:            A
                            (output port)
  Path Group:             (none)
  Path Type:              Min at Fast Process Corner
  Data Path Delay:        2.373ns  (logic 1.549ns (65.285%)  route 0.824ns (34.715%))
  Logic Levels:           3  (IBUF=1 LUT4=1 OBUF=1)

    Location             Delay type                Incr(ns)  Path(ns)    Netlist Resource(s)
  -------------------------------------------------------------------    -------------------
    L1                                                0.000     0.000 r  SW17 (IN)
                         net (fo=0)                   0.000     0.000    SW17
    L1                   IBUF (Prop_ibuf_I_O)         0.232     0.232 r  SW17_IBUF_inst/O
                         net (fo=7, routed)           0.413     0.645    SW17_IBUF
    SLICE_X39Y13         LUT4 (Prop_lut4_I3_O)        0.046     0.691 r  A_OBUF_inst_i_1/O
                         net (fo=1, routed)           0.411     1.102    A_OBUF
    L3                   OBUF (Prop_obuf_I_O)         1.271     2.373 r  A_OBUF_inst/O
                         net (fo=0)                   0.000     2.373    A
    L3                                                                r  A (OUT)
  -------------------------------------------------------------------    -------------------





