Copyright 1986-2022 Xilinx, Inc. All Rights Reserved. Copyright 2022-2025 Advanced Micro Devices, Inc. All Rights Reserved.
---------------------------------------------------------------------------------------------------------------------------------------------
| Tool Version : Vivado v.2025.2 (win64) Build 6299465 Fri Nov 14 19:35:11 GMT 2025
| Date         : Mon Aug  3 16:52:14 2026
| Host         : LAPTOP-2P21F8GO running 64-bit major release  (build 9200)
| Command      : report_drc -file lab4_drc_routed.rpt -pb lab4_drc_routed.pb -rpx lab4_drc_routed.rpx
| Design       : lab4
| Device       : xc7s15ftgb196-1
| Speed File   : -1
| Design State : Fully Routed
---------------------------------------------------------------------------------------------------------------------------------------------

Report DRC

Table of Contents
-----------------
1. REPORT SUMMARY
2. REPORT DETAILS

1. REPORT SUMMARY
-----------------
            Netlist: netlist
          Floorplan: design_1
      Design limits: <entire design considered>
           Ruledeck: default
             Max checks: <unlimited>
             Checks found: 11
+-------------+----------+-------------------------------------------------------------+--------+
| Rule        | Severity | Description                                                 | Checks |
+-------------+----------+-------------------------------------------------------------+--------+
| CFGBVS-1    | Warning  | Missing CFGBVS and CONFIG_VOLTAGE Design Properties         | 1      |
| PDRC-153    | Warning  | Gated clock check                                           | 5      |
| PLHOLDVIO-2 | Warning  | Non-Optimal connections which could lead to hold violations | 5      |
+-------------+----------+-------------------------------------------------------------+--------+

2. REPORT DETAILS
-----------------
CFGBVS-1#1 Warning
Missing CFGBVS and CONFIG_VOLTAGE Design Properties  
Neither the CFGBVS nor CONFIG_VOLTAGE voltage property is set in the current_design.  Configuration bank voltage select (CFGBVS) must be set to VCCO or GND, and CONFIG_VOLTAGE must be set to the correct configuration voltage, in order to determine the I/O voltage support for the pins in bank 0.  It is suggested to specify these either using the 'Edit Device Properties' function in the GUI or directly in the XDC file using the following syntax:

 set_property CFGBVS value1 [current_design]
 #where value1 is either VCCO or GND

 set_property CONFIG_VOLTAGE value2 [current_design]
 #where value2 is the voltage provided to configuration bank 0

Refer to the device configuration user guide for more information.
Related violations: <none>

PDRC-153#1 Warning
Gated clock check  
Net u_0_c4085/n1_clk_mod5 is a gated clock net sourced by a combinational pin u_0_c4085/n1_q_i_2/O, cell u_0_c4085/n1_q_i_2. This is not good design practice and will likely impact performance. For SLICE registers, for example, use the CE pin to control the loading of data.
Related violations: <none>

PDRC-153#2 Warning
Gated clock check  
Net u_1_c4087/n2_clk_mod10 is a gated clock net sourced by a combinational pin u_1_c4087/n1_q_i_2__0/O, cell u_1_c4087/n1_q_i_2__0. This is not good design practice and will likely impact performance. For SLICE registers, for example, use the CE pin to control the loading of data.
Related violations: <none>

PDRC-153#3 Warning
Gated clock check  
Net u_2_c4089/n3_clk_mod10 is a gated clock net sourced by a combinational pin u_2_c4089/n1_q_i_2__1/O, cell u_2_c4089/n1_q_i_2__1. This is not good design practice and will likely impact performance. For SLICE registers, for example, use the CE pin to control the loading of data.
Related violations: <none>

PDRC-153#4 Warning
Gated clock check  
Net u_3_c4091/n4_clk_mod10 is a gated clock net sourced by a combinational pin u_3_c4091/n1_q_i_2__2/O, cell u_3_c4091/n1_q_i_2__2. This is not good design practice and will likely impact performance. For SLICE registers, for example, use the CE pin to control the loading of data.
Related violations: <none>

PDRC-153#5 Warning
Gated clock check  
Net u_4_c4093/n5_clk_mod10 is a gated clock net sourced by a combinational pin u_4_c4093/n1_q_i_2__3/O, cell u_4_c4093/n1_q_i_2__3. This is not good design practice and will likely impact performance. For SLICE registers, for example, use the CE pin to control the loading of data.
Related violations: <none>

PLHOLDVIO-2#1 Warning
Non-Optimal connections which could lead to hold violations  
A LUT u_0_c4085/n1_q_i_2 is driving clock pin of 2 cells. This could lead to large hold time violations. Involved cells are:
u_1_c4087/n1_q_reg, u_1_c4087/n1_qn_reg
Related violations: <none>

PLHOLDVIO-2#2 Warning
Non-Optimal connections which could lead to hold violations  
A LUT u_1_c4087/n1_q_i_2__0 is driving clock pin of 2 cells. This could lead to large hold time violations. Involved cells are:
u_2_c4089/n1_q_reg, u_2_c4089/n1_qn_reg
Related violations: <none>

PLHOLDVIO-2#3 Warning
Non-Optimal connections which could lead to hold violations  
A LUT u_2_c4089/n1_q_i_2__1 is driving clock pin of 2 cells. This could lead to large hold time violations. Involved cells are:
u_3_c4091/n1_q_reg, u_3_c4091/n1_qn_reg
Related violations: <none>

PLHOLDVIO-2#4 Warning
Non-Optimal connections which could lead to hold violations  
A LUT u_3_c4091/n1_q_i_2__2 is driving clock pin of 2 cells. This could lead to large hold time violations. Involved cells are:
u_4_c4093/n1_q_reg, u_4_c4093/n1_qn_reg
Related violations: <none>

PLHOLDVIO-2#5 Warning
Non-Optimal connections which could lead to hold violations  
A LUT u_4_c4093/n1_q_i_2__3 is driving clock pin of 4 cells. This could lead to large hold time violations. Involved cells are:
u_5_c5025/n1_q_reg, u_5_c5025/n1_qn_reg, u_5_c5025/n2_q_reg
u_5_c5025/n2_qn_reg
Related violations: <none>


