Copyright 1986-2022 Xilinx, Inc. All Rights Reserved. Copyright 2022-2025 Advanced Micro Devices, Inc. All Rights Reserved.
---------------------------------------------------------------------------------------------------------------------------------------------------------------------------------------------------------------------
| Tool Version : Vivado v.2025.2 (win64) Build 6299465 Fri Nov 14 19:35:11 GMT 2025
| Date         : Tue Jul 28 17:20:09 2026
| Host         : LAPTOP-2P21F8GO running 64-bit major release  (build 9200)
| Command      : report_timing_summary -max_paths 10 -routable_nets -report_unconstrained -file top_timing_summary_routed.rpt -pb top_timing_summary_routed.pb -rpx top_timing_summary_routed.rpx -warn_on_violation
| Design       : top
| Device       : 7s15-ftgb196
| Speed File   : -1  PRODUCTION 1.23 2018-06-13
| Design State : Routed
---------------------------------------------------------------------------------------------------------------------------------------------------------------------------------------------------------------------

Timing Summary Report

------------------------------------------------------------------------------------------------
| Timer Settings
| --------------
------------------------------------------------------------------------------------------------

  Enable Multi Corner Analysis               :  Yes
  Enable Pessimism Removal                   :  Yes
  Pessimism Removal Resolution               :  Nearest Common Node
  Enable Input Delay Default Clock           :  No
  Enable Preset / Clear Arcs                 :  No
  Disable Flight Delays                      :  No
  Ignore I/O Paths                           :  No
  Timing Early Launch at Borrowing Latches   :  No
  Borrow Time for Max Delay Exceptions       :  Yes
  Merge Timing Exceptions                    :  Yes
  Inter-SLR Compensation                     :  Conservative

  Corner  Analyze    Analyze    
  Name    Max Paths  Min Paths  
  ------  ---------  ---------  
  Slow    Yes        Yes        
  Fast    Yes        Yes        


------------------------------------------------------------------------------------------------
| Report Methodology
| ------------------
------------------------------------------------------------------------------------------------

Rule       Severity          Description                  Violations  
---------  ----------------  ---------------------------  ----------  
TIMING-17  Critical Warning  Non-clocked sequential cell  21          

Note: This report is based on the most recent report_methodology run and may not be up-to-date. Run report_methodology on the current design for the latest report.



check_timing report

Table of Contents
-----------------
1. checking no_clock (25)
2. checking constant_clock (0)
3. checking pulse_width_clock (0)
4. checking unconstrained_internal_endpoints (21)
5. checking no_input_delay (0)
6. checking no_output_delay (10)
7. checking multiple_clock (0)
8. checking generated_clocks (0)
9. checking loops (0)
10. checking partial_input_delay (0)
11. checking partial_output_delay (0)
12. checking latch_loops (0)

1. checking no_clock (25)
-------------------------
 There are 3 register/latch pins with no clock driven by root clock pin: clk (HIGH)

 There are 4 register/latch pins with no clock driven by root clock pin: u_0/count_reg[1]/Q (HIGH)

 There are 4 register/latch pins with no clock driven by root clock pin: u_0/count_reg[2]/Q (HIGH)

 There are 4 register/latch pins with no clock driven by root clock pin: u_1/clk_track_reg/Q (HIGH)

 There are 4 register/latch pins with no clock driven by root clock pin: u_2/clk_track_reg/Q (HIGH)

 There are 4 register/latch pins with no clock driven by root clock pin: u_3/clk_track_reg/Q (HIGH)

 There are 2 register/latch pins with no clock driven by root clock pin: u_4/clk_track_reg/Q (HIGH)


2. checking constant_clock (0)
------------------------------
 There are 0 register/latch pins with constant_clock.


3. checking pulse_width_clock (0)
---------------------------------
 There are 0 register/latch pins which need pulse_width check


4. checking unconstrained_internal_endpoints (21)
-------------------------------------------------
 There are 21 pins that are not constrained for maximum delay. (HIGH)

 There are 0 pins that are not constrained for maximum delay due to constant clock.


5. checking no_input_delay (0)
------------------------------
 There are 0 input ports with no input delay specified.

 There are 0 input ports with no input delay but user has a false path constraint.


6. checking no_output_delay (10)
--------------------------------
 There are 10 ports with no output delay specified. (HIGH)

 There are 0 ports with no output delay but user has a false path constraint

 There are 0 ports with no output delay but with a timing clock defined on it or propagating through it


7. checking multiple_clock (0)
------------------------------
 There are 0 register/latch pins with multiple clocks.


8. checking generated_clocks (0)
--------------------------------
 There are 0 generated clocks that are not connected to a clock source.


9. checking loops (0)
---------------------
 There are 0 combinational loops in the design.


10. checking partial_input_delay (0)
------------------------------------
 There are 0 input ports with partial input delay specified.


11. checking partial_output_delay (0)
-------------------------------------
 There are 0 ports with partial output delay specified.


12. checking latch_loops (0)
----------------------------
 There are 0 combinational latch loops in the design through latch input



------------------------------------------------------------------------------------------------
| Design Timing Summary
| ---------------------
------------------------------------------------------------------------------------------------

    WNS(ns)      TNS(ns)  TNS Failing Endpoints  TNS Total Endpoints      WHS(ns)      THS(ns)  THS Failing Endpoints  THS Total Endpoints     WPWS(ns)     TPWS(ns)  TPWS Failing Endpoints  TPWS Total Endpoints  
    -------      -------  ---------------------  -------------------      -------      -------  ---------------------  -------------------     --------     --------  ----------------------  --------------------  
        inf        0.000                      0                   31          inf        0.000                      0                   31           NA           NA                      NA                    NA  


There are no user specified timing constraints.


------------------------------------------------------------------------------------------------
| Clock Summary
| -------------
------------------------------------------------------------------------------------------------


------------------------------------------------------------------------------------------------
| Intra Clock Table
| -----------------
------------------------------------------------------------------------------------------------

Clock             WNS(ns)      TNS(ns)  TNS Failing Endpoints  TNS Total Endpoints      WHS(ns)      THS(ns)  THS Failing Endpoints  THS Total Endpoints     WPWS(ns)     TPWS(ns)  TPWS Failing Endpoints  TPWS Total Endpoints  
-----             -------      -------  ---------------------  -------------------      -------      -------  ---------------------  -------------------     --------     --------  ----------------------  --------------------  


------------------------------------------------------------------------------------------------
| Inter Clock Table
| -----------------
------------------------------------------------------------------------------------------------

From Clock    To Clock          WNS(ns)      TNS(ns)  TNS Failing Endpoints  TNS Total Endpoints      WHS(ns)      THS(ns)  THS Failing Endpoints  THS Total Endpoints  
----------    --------          -------      -------  ---------------------  -------------------      -------      -------  ---------------------  -------------------  


------------------------------------------------------------------------------------------------
| Other Path Groups Table
| -----------------------
------------------------------------------------------------------------------------------------

Path Group    From Clock    To Clock          WNS(ns)      TNS(ns)  TNS Failing Endpoints  TNS Total Endpoints      WHS(ns)      THS(ns)  THS Failing Endpoints  THS Total Endpoints  
----------    ----------    --------          -------      -------  ---------------------  -------------------      -------      -------  ---------------------  -------------------  


------------------------------------------------------------------------------------------------
| User Ignored Path Table
| -----------------------
------------------------------------------------------------------------------------------------

Path Group    From Clock    To Clock    
----------    ----------    --------    


------------------------------------------------------------------------------------------------
| Unconstrained Path Table
| ------------------------
------------------------------------------------------------------------------------------------

Path Group    From Clock    To Clock    
----------    ----------    --------    
(none)                                    


------------------------------------------------------------------------------------------------
| Timing Details
| --------------
------------------------------------------------------------------------------------------------


--------------------------------------------------------------------------------------
Path Group:  (none)
From Clock:  
  To Clock:  

Max Delay            31 Endpoints
Min Delay            31 Endpoints
--------------------------------------------------------------------------------------


Max Delay Paths
--------------------------------------------------------------------------------------
Slack:                    inf
  Source:                 u_5/count_reg[1]/C
                            (rising edge-triggered cell FDRE)
  Destination:            g
                            (output port)
  Path Group:             (none)
  Path Type:              Max at Slow Process Corner
  Data Path Delay:        7.261ns  (logic 4.323ns (59.531%)  route 2.939ns (40.469%))
  Logic Levels:           3  (FDRE=1 LUT2=1 OBUF=1)

    Location             Delay type                Incr(ns)  Path(ns)    Netlist Resource(s)
  -------------------------------------------------------------------    -------------------
    SLICE_X39Y21         FDRE                         0.000     0.000 r  u_5/count_reg[1]/C
    SLICE_X39Y21         FDRE (Prop_fdre_C_Q)         0.456     0.456 f  u_5/count_reg[1]/Q
                         net (fo=8, routed)           1.131     1.587    u_6/Q[1]
    SLICE_X39Y15         LUT2 (Prop_lut2_I1_O)        0.152     1.739 r  u_6/g/O
                         net (fo=1, routed)           1.808     3.547    g_OBUF
    K4                   OBUF (Prop_obuf_I_O)         3.715     7.261 r  g_OBUF_inst/O
                         net (fo=0)                   0.000     7.261    g
    K4                                                                r  g (OUT)
  -------------------------------------------------------------------    -------------------

Slack:                    inf
  Source:                 u_5/count_reg[0]/C
                            (rising edge-triggered cell FDRE)
  Destination:            a
                            (output port)
  Path Group:             (none)
  Path Type:              Max at Slow Process Corner
  Data Path Delay:        7.155ns  (logic 4.291ns (59.970%)  route 2.864ns (40.030%))
  Logic Levels:           3  (FDRE=1 LUT1=1 OBUF=1)

    Location             Delay type                Incr(ns)  Path(ns)    Netlist Resource(s)
  -------------------------------------------------------------------    -------------------
    SLICE_X39Y21         FDRE                         0.000     0.000 r  u_5/count_reg[0]/C
    SLICE_X39Y21         FDRE (Prop_fdre_C_Q)         0.456     0.456 f  u_5/count_reg[0]/Q
                         net (fo=11, routed)          0.750     1.206    u_6/Q[0]
    SLICE_X39Y15         LUT1 (Prop_lut1_I0_O)        0.119     1.325 r  u_6/a/O
                         net (fo=1, routed)           2.114     3.439    a_OBUF
    L3                   OBUF (Prop_obuf_I_O)         3.716     7.155 r  a_OBUF_inst/O
                         net (fo=0)                   0.000     7.155    a
    L3                                                                r  a (OUT)
  -------------------------------------------------------------------    -------------------

Slack:                    inf
  Source:                 u_5/count_reg[1]/C
                            (rising edge-triggered cell FDRE)
  Destination:            c
                            (output port)
  Path Group:             (none)
  Path Type:              Max at Slow Process Corner
  Data Path Delay:        7.102ns  (logic 4.119ns (57.998%)  route 2.983ns (42.002%))
  Logic Levels:           3  (FDRE=1 LUT2=1 OBUF=1)

    Location             Delay type                Incr(ns)  Path(ns)    Netlist Resource(s)
  -------------------------------------------------------------------    -------------------
    SLICE_X39Y21         FDRE                         0.000     0.000 r  u_5/count_reg[1]/C
    SLICE_X39Y21         FDRE (Prop_fdre_C_Q)         0.456     0.456 f  u_5/count_reg[1]/Q
                         net (fo=8, routed)           1.131     1.587    u_6/Q[1]
    SLICE_X39Y15         LUT2 (Prop_lut2_I0_O)        0.124     1.711 r  u_6/c/O
                         net (fo=1, routed)           1.852     3.563    c_OBUF
    P2                   OBUF (Prop_obuf_I_O)         3.539     7.102 r  c_OBUF_inst/O
                         net (fo=0)                   0.000     7.102    c
    P2                                                                r  c (OUT)
  -------------------------------------------------------------------    -------------------

Slack:                    inf
  Source:                 u_5/count_reg[0]/C
                            (rising edge-triggered cell FDRE)
  Destination:            e
                            (output port)
  Path Group:             (none)
  Path Type:              Max at Slow Process Corner
  Data Path Delay:        6.931ns  (logic 4.105ns (59.226%)  route 2.826ns (40.774%))
  Logic Levels:           3  (FDRE=1 LUT1=1 OBUF=1)

    Location             Delay type                Incr(ns)  Path(ns)    Netlist Resource(s)
  -------------------------------------------------------------------    -------------------
    SLICE_X39Y21         FDRE                         0.000     0.000 r  u_5/count_reg[0]/C
    SLICE_X39Y21         FDRE (Prop_fdre_C_Q)         0.456     0.456 f  u_5/count_reg[0]/Q
                         net (fo=11, routed)          1.151     1.607    u_6/Q[0]
    SLICE_X39Y15         LUT1 (Prop_lut1_I0_O)        0.124     1.731 r  u_6/e/O
                         net (fo=1, routed)           1.674     3.406    e_OBUF
    M1                   OBUF (Prop_obuf_I_O)         3.525     6.931 r  e_OBUF_inst/O
                         net (fo=0)                   0.000     6.931    e
    M1                                                                r  e (OUT)
  -------------------------------------------------------------------    -------------------

Slack:                    inf
  Source:                 u_5/count_reg[1]/C
                            (rising edge-triggered cell FDRE)
  Destination:            d2
                            (output port)
  Path Group:             (none)
  Path Type:              Max at Slow Process Corner
  Data Path Delay:        6.882ns  (logic 4.315ns (62.710%)  route 2.566ns (37.290%))
  Logic Levels:           3  (FDRE=1 LUT2=1 OBUF=1)

    Location             Delay type                Incr(ns)  Path(ns)    Netlist Resource(s)
  -------------------------------------------------------------------    -------------------
    SLICE_X39Y21         FDRE                         0.000     0.000 r  u_5/count_reg[1]/C
    SLICE_X39Y21         FDRE (Prop_fdre_C_Q)         0.456     0.456 r  u_5/count_reg[1]/Q
                         net (fo=8, routed)           0.890     1.346    u_5/Q[1]
    SLICE_X39Y21         LUT2 (Prop_lut2_I0_O)        0.154     1.500 r  u_5/d2_OBUF_inst_i_1/O
                         net (fo=1, routed)           1.676     3.176    d2_OBUF
    H2                   OBUF (Prop_obuf_I_O)         3.705     6.882 r  d2_OBUF_inst/O
                         net (fo=0)                   0.000     6.882    d2
    H2                                                                r  d2 (OUT)
  -------------------------------------------------------------------    -------------------

Slack:                    inf
  Source:                 u_5/count_reg[1]/C
                            (rising edge-triggered cell FDRE)
  Destination:            d1
                            (output port)
  Path Group:             (none)
  Path Type:              Max at Slow Process Corner
  Data Path Delay:        6.785ns  (logic 4.069ns (59.977%)  route 2.715ns (40.023%))
  Logic Levels:           3  (FDRE=1 LUT2=1 OBUF=1)

    Location             Delay type                Incr(ns)  Path(ns)    Netlist Resource(s)
  -------------------------------------------------------------------    -------------------
    SLICE_X39Y21         FDRE                         0.000     0.000 r  u_5/count_reg[1]/C
    SLICE_X39Y21         FDRE (Prop_fdre_C_Q)         0.456     0.456 f  u_5/count_reg[1]/Q
                         net (fo=8, routed)           0.890     1.346    u_5/Q[1]
    SLICE_X39Y21         LUT2 (Prop_lut2_I1_O)        0.124     1.470 r  u_5/d1_OBUF_inst_i_1/O
                         net (fo=1, routed)           1.826     3.295    d1_OBUF
    H3                   OBUF (Prop_obuf_I_O)         3.489     6.785 r  d1_OBUF_inst/O
                         net (fo=0)                   0.000     6.785    d1
    H3                                                                r  d1 (OUT)
  -------------------------------------------------------------------    -------------------

Slack:                    inf
  Source:                 u_5/count_reg[1]/C
                            (rising edge-triggered cell FDRE)
  Destination:            d3
                            (output port)
  Path Group:             (none)
  Path Type:              Max at Slow Process Corner
  Data Path Delay:        6.666ns  (logic 4.312ns (64.684%)  route 2.354ns (35.316%))
  Logic Levels:           3  (FDRE=1 LUT2=1 OBUF=1)

    Location             Delay type                Incr(ns)  Path(ns)    Netlist Resource(s)
  -------------------------------------------------------------------    -------------------
    SLICE_X39Y21         FDRE                         0.000     0.000 r  u_5/count_reg[1]/C
    SLICE_X39Y21         FDRE (Prop_fdre_C_Q)         0.456     0.456 r  u_5/count_reg[1]/Q
                         net (fo=8, routed)           0.690     1.146    u_5/Q[1]
    SLICE_X39Y21         LUT2 (Prop_lut2_I1_O)        0.152     1.298 r  u_5/d3_OBUF_inst_i_1/O
                         net (fo=1, routed)           1.664     2.962    d3_OBUF
    H1                   OBUF (Prop_obuf_I_O)         3.704     6.666 r  d3_OBUF_inst/O
                         net (fo=0)                   0.000     6.666    d3
    H1                                                                r  d3 (OUT)
  -------------------------------------------------------------------    -------------------

Slack:                    inf
  Source:                 u_5/count_reg[0]/C
                            (rising edge-triggered cell FDRE)
  Destination:            d
                            (output port)
  Path Group:             (none)
  Path Type:              Max at Slow Process Corner
  Data Path Delay:        6.569ns  (logic 4.104ns (62.476%)  route 2.465ns (37.524%))
  Logic Levels:           3  (FDRE=1 LUT1=1 OBUF=1)

    Location             Delay type                Incr(ns)  Path(ns)    Netlist Resource(s)
  -------------------------------------------------------------------    -------------------
    SLICE_X39Y21         FDRE                         0.000     0.000 r  u_5/count_reg[0]/C
    SLICE_X39Y21         FDRE (Prop_fdre_C_Q)         0.456     0.456 f  u_5/count_reg[0]/Q
                         net (fo=11, routed)          0.750     1.206    u_6/Q[0]
    SLICE_X39Y15         LUT1 (Prop_lut1_I0_O)        0.124     1.330 r  u_6/d/O
                         net (fo=1, routed)           1.714     3.045    d_OBUF
    M3                   OBUF (Prop_obuf_I_O)         3.524     6.569 r  d_OBUF_inst/O
                         net (fo=0)                   0.000     6.569    d
    M3                                                                r  d (OUT)
  -------------------------------------------------------------------    -------------------

Slack:                    inf
  Source:                 u_5/count_reg[1]/C
                            (rising edge-triggered cell FDRE)
  Destination:            d0
                            (output port)
  Path Group:             (none)
  Path Type:              Max at Slow Process Corner
  Data Path Delay:        6.532ns  (logic 4.066ns (62.248%)  route 2.466ns (37.752%))
  Logic Levels:           3  (FDRE=1 LUT2=1 OBUF=1)

    Location             Delay type                Incr(ns)  Path(ns)    Netlist Resource(s)
  -------------------------------------------------------------------    -------------------
    SLICE_X39Y21         FDRE                         0.000     0.000 r  u_5/count_reg[1]/C
    SLICE_X39Y21         FDRE (Prop_fdre_C_Q)         0.456     0.456 f  u_5/count_reg[1]/Q
                         net (fo=8, routed)           0.689     1.145    u_5/Q[1]
    SLICE_X39Y21         LUT2 (Prop_lut2_I0_O)        0.124     1.269 r  u_5/d0_OBUF_inst_i_1/O
                         net (fo=1, routed)           1.777     3.046    d0_OBUF
    H4                   OBUF (Prop_obuf_I_O)         3.486     6.532 r  d0_OBUF_inst/O
                         net (fo=0)                   0.000     6.532    d0
    H4                                                                r  d0 (OUT)
  -------------------------------------------------------------------    -------------------

Slack:                    inf
  Source:                 u_5/count_reg[1]/C
                            (rising edge-triggered cell FDRE)
  Destination:            f
                            (output port)
  Path Group:             (none)
  Path Type:              Max at Slow Process Corner
  Data Path Delay:        6.370ns  (logic 4.078ns (64.023%)  route 2.292ns (35.977%))
  Logic Levels:           3  (FDRE=1 LUT1=1 OBUF=1)

    Location             Delay type                Incr(ns)  Path(ns)    Netlist Resource(s)
  -------------------------------------------------------------------    -------------------
    SLICE_X39Y21         FDRE                         0.000     0.000 r  u_5/count_reg[1]/C
    SLICE_X39Y21         FDRE (Prop_fdre_C_Q)         0.456     0.456 f  u_5/count_reg[1]/Q
                         net (fo=8, routed)           0.629     1.085    u_6/Q[1]
    SLICE_X39Y15         LUT1 (Prop_lut1_I0_O)        0.124     1.209 r  u_6/f/O
                         net (fo=1, routed)           1.663     2.872    f_OBUF
    J4                   OBUF (Prop_obuf_I_O)         3.498     6.370 r  f_OBUF_inst/O
                         net (fo=0)                   0.000     6.370    f
    J4                                                                r  f (OUT)
  -------------------------------------------------------------------    -------------------





Min Delay Paths
--------------------------------------------------------------------------------------
Slack:                    inf
  Source:                 u_0/count_reg[0]/C
                            (rising edge-triggered cell FDRE)
  Destination:            u_0/count_reg[2]/D
  Path Group:             (none)
  Path Type:              Min at Fast Process Corner
  Data Path Delay:        0.350ns  (logic 0.183ns (52.255%)  route 0.167ns (47.745%))
  Logic Levels:           2  (FDRE=1 LUT3=1)

    Location             Delay type                Incr(ns)  Path(ns)    Netlist Resource(s)
  -------------------------------------------------------------------    -------------------
    SLICE_X39Y20         FDRE                         0.000     0.000 r  u_0/count_reg[0]/C
    SLICE_X39Y20         FDRE (Prop_fdre_C_Q)         0.141     0.141 r  u_0/count_reg[0]/Q
                         net (fo=3, routed)           0.167     0.308    u_0/count[0]
    SLICE_X39Y20         LUT3 (Prop_lut3_I2_O)        0.042     0.350 r  u_0/count[2]_i_1/O
                         net (fo=1, routed)           0.000     0.350    u_0/count[2]_i_1_n_0
    SLICE_X39Y20         FDRE                                         r  u_0/count_reg[2]/D
  -------------------------------------------------------------------    -------------------

Slack:                    inf
  Source:                 u_0/count_reg[0]/C
                            (rising edge-triggered cell FDRE)
  Destination:            u_0/count_reg[0]/D
  Path Group:             (none)
  Path Type:              Min at Fast Process Corner
  Data Path Delay:        0.353ns  (logic 0.186ns (52.660%)  route 0.167ns (47.340%))
  Logic Levels:           2  (FDRE=1 LUT3=1)

    Location             Delay type                Incr(ns)  Path(ns)    Netlist Resource(s)
  -------------------------------------------------------------------    -------------------
    SLICE_X39Y20         FDRE                         0.000     0.000 r  u_0/count_reg[0]/C
    SLICE_X39Y20         FDRE (Prop_fdre_C_Q)         0.141     0.141 f  u_0/count_reg[0]/Q
                         net (fo=3, routed)           0.167     0.308    u_0/count[0]
    SLICE_X39Y20         LUT3 (Prop_lut3_I2_O)        0.045     0.353 r  u_0/count[0]_i_1/O
                         net (fo=1, routed)           0.000     0.353    u_0/count[0]_i_1_n_0
    SLICE_X39Y20         FDRE                                         r  u_0/count_reg[0]/D
  -------------------------------------------------------------------    -------------------

Slack:                    inf
  Source:                 u_0/count_reg[0]/C
                            (rising edge-triggered cell FDRE)
  Destination:            u_0/count_reg[1]/D
  Path Group:             (none)
  Path Type:              Min at Fast Process Corner
  Data Path Delay:        0.353ns  (logic 0.184ns (52.094%)  route 0.169ns (47.906%))
  Logic Levels:           2  (FDRE=1 LUT2=1)

    Location             Delay type                Incr(ns)  Path(ns)    Netlist Resource(s)
  -------------------------------------------------------------------    -------------------
    SLICE_X39Y20         FDRE                         0.000     0.000 r  u_0/count_reg[0]/C
    SLICE_X39Y20         FDRE (Prop_fdre_C_Q)         0.141     0.141 r  u_0/count_reg[0]/Q
                         net (fo=3, routed)           0.169     0.310    u_0/count[0]
    SLICE_X39Y20         LUT2 (Prop_lut2_I1_O)        0.043     0.353 r  u_0/count[1]_i_1/O
                         net (fo=1, routed)           0.000     0.353    u_0/count[1]_i_1_n_0
    SLICE_X39Y20         FDRE                                         r  u_0/count_reg[1]/D
  -------------------------------------------------------------------    -------------------

Slack:                    inf
  Source:                 u_1/clk_track_reg/C
                            (rising edge-triggered cell FDRE)
  Destination:            u_1/clk_track_reg/D
  Path Group:             (none)
  Path Type:              Min at Fast Process Corner
  Data Path Delay:        0.384ns  (logic 0.209ns (54.393%)  route 0.175ns (45.607%))
  Logic Levels:           2  (FDRE=1 LUT4=1)

    Location             Delay type                Incr(ns)  Path(ns)    Netlist Resource(s)
  -------------------------------------------------------------------    -------------------
    SLICE_X38Y20         FDRE                         0.000     0.000 r  u_1/clk_track_reg/C
    SLICE_X38Y20         FDRE (Prop_fdre_C_Q)         0.164     0.164 r  u_1/clk_track_reg/Q
                         net (fo=5, routed)           0.175     0.339    u_1/clk_track_reg_0
    SLICE_X38Y20         LUT4 (Prop_lut4_I3_O)        0.045     0.384 r  u_1/clk_track_i_1__2/O
                         net (fo=1, routed)           0.000     0.384    u_1/clk_track_i_1__2_n_0
    SLICE_X38Y20         FDRE                                         r  u_1/clk_track_reg/D
  -------------------------------------------------------------------    -------------------

Slack:                    inf
  Source:                 u_2/clk_track_reg/C
                            (rising edge-triggered cell FDRE)
  Destination:            u_2/clk_track_reg/D
  Path Group:             (none)
  Path Type:              Min at Fast Process Corner
  Data Path Delay:        0.384ns  (logic 0.209ns (54.393%)  route 0.175ns (45.607%))
  Logic Levels:           2  (FDRE=1 LUT4=1)

    Location             Delay type                Incr(ns)  Path(ns)    Netlist Resource(s)
  -------------------------------------------------------------------    -------------------
    SLICE_X38Y19         FDRE                         0.000     0.000 r  u_2/clk_track_reg/C
    SLICE_X38Y19         FDRE (Prop_fdre_C_Q)         0.164     0.164 r  u_2/clk_track_reg/Q
                         net (fo=5, routed)           0.175     0.339    u_2/clk_track_reg_0
    SLICE_X38Y19         LUT4 (Prop_lut4_I3_O)        0.045     0.384 r  u_2/clk_track_i_1__1/O
                         net (fo=1, routed)           0.000     0.384    u_2/clk_track_i_1__1_n_0
    SLICE_X38Y19         FDRE                                         r  u_2/clk_track_reg/D
  -------------------------------------------------------------------    -------------------

Slack:                    inf
  Source:                 u_4/clk_track_reg/C
                            (rising edge-triggered cell FDRE)
  Destination:            u_4/clk_track_reg/D
  Path Group:             (none)
  Path Type:              Min at Fast Process Corner
  Data Path Delay:        0.384ns  (logic 0.209ns (54.384%)  route 0.175ns (45.616%))
  Logic Levels:           2  (FDRE=1 LUT4=1)

    Location             Delay type                Incr(ns)  Path(ns)    Netlist Resource(s)
  -------------------------------------------------------------------    -------------------
    SLICE_X38Y21         FDRE                         0.000     0.000 r  u_4/clk_track_reg/C
    SLICE_X38Y21         FDRE (Prop_fdre_C_Q)         0.164     0.164 r  u_4/clk_track_reg/Q
                         net (fo=3, routed)           0.175     0.339    u_4/CLK
    SLICE_X38Y21         LUT4 (Prop_lut4_I3_O)        0.045     0.384 r  u_4/clk_track_i_1/O
                         net (fo=1, routed)           0.000     0.384    u_4/clk_track_i_1_n_0
    SLICE_X38Y21         FDRE                                         r  u_4/clk_track_reg/D
  -------------------------------------------------------------------    -------------------

Slack:                    inf
  Source:                 u_3/clk_track_reg/C
                            (rising edge-triggered cell FDRE)
  Destination:            u_3/clk_track_reg/D
  Path Group:             (none)
  Path Type:              Min at Fast Process Corner
  Data Path Delay:        0.394ns  (logic 0.186ns (47.259%)  route 0.208ns (52.741%))
  Logic Levels:           2  (FDRE=1 LUT4=1)

    Location             Delay type                Incr(ns)  Path(ns)    Netlist Resource(s)
  -------------------------------------------------------------------    -------------------
    SLICE_X39Y19         FDRE                         0.000     0.000 r  u_3/clk_track_reg/C
    SLICE_X39Y19         FDRE (Prop_fdre_C_Q)         0.141     0.141 r  u_3/clk_track_reg/Q
                         net (fo=5, routed)           0.208     0.349    u_3/clk_track_reg_0
    SLICE_X39Y19         LUT4 (Prop_lut4_I3_O)        0.045     0.394 r  u_3/clk_track_i_1__0/O
                         net (fo=1, routed)           0.000     0.394    u_3/clk_track_i_1__0_n_0
    SLICE_X39Y19         FDRE                                         r  u_3/clk_track_reg/D
  -------------------------------------------------------------------    -------------------

Slack:                    inf
  Source:                 u_1/count_reg[2]/C
                            (rising edge-triggered cell FDRE)
  Destination:            u_1/count_reg[2]/D
  Path Group:             (none)
  Path Type:              Min at Fast Process Corner
  Data Path Delay:        0.411ns  (logic 0.249ns (60.591%)  route 0.162ns (39.409%))
  Logic Levels:           2  (FDRE=1 LUT3=1)

    Location             Delay type                Incr(ns)  Path(ns)    Netlist Resource(s)
  -------------------------------------------------------------------    -------------------
    SLICE_X38Y20         FDRE                         0.000     0.000 r  u_1/count_reg[2]/C
    SLICE_X38Y20         FDRE (Prop_fdre_C_Q)         0.148     0.148 r  u_1/count_reg[2]/Q
                         net (fo=3, routed)           0.162     0.310    u_1/count_reg_n_0_[2]
    SLICE_X38Y20         LUT3 (Prop_lut3_I1_O)        0.101     0.411 r  u_1/count[2]_i_1/O
                         net (fo=1, routed)           0.000     0.411    u_1/count[2]_i_1_n_0
    SLICE_X38Y20         FDRE                                         r  u_1/count_reg[2]/D
  -------------------------------------------------------------------    -------------------

Slack:                    inf
  Source:                 u_2/count_reg[2]/C
                            (rising edge-triggered cell FDRE)
  Destination:            u_2/count_reg[2]/D
  Path Group:             (none)
  Path Type:              Min at Fast Process Corner
  Data Path Delay:        0.411ns  (logic 0.249ns (60.591%)  route 0.162ns (39.409%))
  Logic Levels:           2  (FDRE=1 LUT3=1)

    Location             Delay type                Incr(ns)  Path(ns)    Netlist Resource(s)
  -------------------------------------------------------------------    -------------------
    SLICE_X38Y19         FDRE                         0.000     0.000 r  u_2/count_reg[2]/C
    SLICE_X38Y19         FDRE (Prop_fdre_C_Q)         0.148     0.148 r  u_2/count_reg[2]/Q
                         net (fo=3, routed)           0.162     0.310    u_2/count_reg_n_0_[2]
    SLICE_X38Y19         LUT3 (Prop_lut3_I1_O)        0.101     0.411 r  u_2/count[2]_i_1/O
                         net (fo=1, routed)           0.000     0.411    u_2/count[2]_i_1_n_0
    SLICE_X38Y19         FDRE                                         r  u_2/count_reg[2]/D
  -------------------------------------------------------------------    -------------------

Slack:                    inf
  Source:                 u_4/count_reg[2]/C
                            (rising edge-triggered cell FDRE)
  Destination:            u_4/count_reg[2]/D
  Path Group:             (none)
  Path Type:              Min at Fast Process Corner
  Data Path Delay:        0.411ns  (logic 0.249ns (60.591%)  route 0.162ns (39.409%))
  Logic Levels:           2  (FDRE=1 LUT3=1)

    Location             Delay type                Incr(ns)  Path(ns)    Netlist Resource(s)
  -------------------------------------------------------------------    -------------------
    SLICE_X38Y21         FDRE                         0.000     0.000 r  u_4/count_reg[2]/C
    SLICE_X38Y21         FDRE (Prop_fdre_C_Q)         0.148     0.148 r  u_4/count_reg[2]/Q
                         net (fo=3, routed)           0.162     0.310    u_4/count_reg_n_0_[2]
    SLICE_X38Y21         LUT3 (Prop_lut3_I1_O)        0.101     0.411 r  u_4/count[2]_i_1/O
                         net (fo=1, routed)           0.000     0.411    u_4/count[2]_i_1_n_0
    SLICE_X38Y21         FDRE                                         r  u_4/count_reg[2]/D
  -------------------------------------------------------------------    -------------------





