
*** Running vivado
    with args -log lab4.vds -m64 -product Vivado -mode batch -messageDb vivado.pb -notrace -source lab4.tcl



****** Vivado v2025.2 (64-bit)
  **** SW Build 6299465 on Fri Nov 14 19:35:11 GMT 2025
  **** IP Build 6300035 on Fri Nov 14 10:48:45 MST 2025
  **** SharedData Build 6298862 on Thu Nov 13 04:50:51 MST 2025
  **** Start of session at: Tue Jul 28 22:53:39 2026
    ** Copyright 1986-2022 Xilinx, Inc. All Rights Reserved.
    ** Copyright 2022-2025 Advanced Micro Devices, Inc. All Rights Reserved.

source lab4.tcl -notrace

*** Running vivado
    with args -log lab4.vds -m64 -product Vivado -mode batch -messageDb vivado.pb -notrace -source lab4.tcl



****** Vivado v2025.2 (64-bit)
  **** SW Build 6299465 on Fri Nov 14 19:35:11 GMT 2025
  **** IP Build 6300035 on Fri Nov 14 10:48:45 MST 2025
  **** SharedData Build 6298862 on Thu Nov 13 04:50:51 MST 2025
  **** Start of session at: Tue Jul 28 22:54:07 2026
    ** Copyright 1986-2022 Xilinx, Inc. All Rights Reserved.
    ** Copyright 2022-2025 Advanced Micro Devices, Inc. All Rights Reserved.

source lab4.tcl -notrace
Command: read_checkpoint -auto_incremental -incremental {E:/Second Year/First Semester/Digital/Lab/Lab04/1_4/1_4.srcs/utils_1/imports/synth_1/hex_7seg.dcp}
INFO: [Vivado 12-5825] Read reference checkpoint from E:/Second Year/First Semester/Digital/Lab/Lab04/1_4/1_4.srcs/utils_1/imports/synth_1/hex_7seg.dcp for incremental synthesis
INFO: [Vivado 12-7989] Please ensure there are no constraint changes
Command: synth_design -top lab4 -part xc7s15ftgb196-1
Starting synth_design
Attempting to get a license for feature 'Synthesis' and/or device 'xc7s15'
INFO: [Common 17-349] Got license for feature 'Synthesis' and/or device 'xc7s15'
INFO: [Device 21-403] Loading part xc7s15ftgb196-1
INFO: [Synth 8-7079] Multithreading enabled for synth_design using a maximum of 2 processes.
INFO: [Synth 8-7078] Launching helper process for spawning children vivado processes
INFO: [Synth 8-7075] Helper process launched with PID 19960
---------------------------------------------------------------------------------
Starting RTL Elaboration : Time (s): cpu = 00:00:06 ; elapsed = 00:00:06 . Memory (MB): peak = 1222.000 ; gain = 540.828
---------------------------------------------------------------------------------
INFO: [Synth 8-638] synthesizing module 'lab4' [E:/Second Year/First Semester/Digital/Lab/Lab04/1_4/1_4.srcs/sources_1/new/top.vhd:50]
INFO: [Synth 8-3491] module 'mod_5' declared at 'E:/Second Year/First Semester/Digital/Lab/Lab04/1_4/1_4.srcs/sources_1/new/mod5.vhd:24' bound to instance 'u_0_c4085' of component 'mod_5' [E:/Second Year/First Semester/Digital/Lab/Lab04/1_4/1_4.srcs/sources_1/new/top.vhd:136]
INFO: [Synth 8-638] synthesizing module 'mod_5' [E:/Second Year/First Semester/Digital/Lab/Lab04/1_4/1_4.srcs/sources_1/new/mod5.vhd:31]
INFO: [Synth 8-256] done synthesizing module 'mod_5' (0#1) [E:/Second Year/First Semester/Digital/Lab/Lab04/1_4/1_4.srcs/sources_1/new/mod5.vhd:31]
INFO: [Synth 8-3491] module 'mod_10' declared at 'E:/Second Year/First Semester/Digital/Lab/Lab04/1_4/1_4.srcs/sources_1/new/mod10.vhd:24' bound to instance 'u_1_c4087' of component 'mod_10' [E:/Second Year/First Semester/Digital/Lab/Lab04/1_4/1_4.srcs/sources_1/new/top.vhd:140]
INFO: [Synth 8-638] synthesizing module 'mod_10' [E:/Second Year/First Semester/Digital/Lab/Lab04/1_4/1_4.srcs/sources_1/new/mod10.vhd:31]
INFO: [Synth 8-256] done synthesizing module 'mod_10' (0#1) [E:/Second Year/First Semester/Digital/Lab/Lab04/1_4/1_4.srcs/sources_1/new/mod10.vhd:31]
INFO: [Synth 8-3491] module 'mod_10' declared at 'E:/Second Year/First Semester/Digital/Lab/Lab04/1_4/1_4.srcs/sources_1/new/mod10.vhd:24' bound to instance 'u_2_c4089' of component 'mod_10' [E:/Second Year/First Semester/Digital/Lab/Lab04/1_4/1_4.srcs/sources_1/new/top.vhd:144]
INFO: [Synth 8-3491] module 'mod_10' declared at 'E:/Second Year/First Semester/Digital/Lab/Lab04/1_4/1_4.srcs/sources_1/new/mod10.vhd:24' bound to instance 'u_3_c4091' of component 'mod_10' [E:/Second Year/First Semester/Digital/Lab/Lab04/1_4/1_4.srcs/sources_1/new/top.vhd:148]
INFO: [Synth 8-3491] module 'mod_10' declared at 'E:/Second Year/First Semester/Digital/Lab/Lab04/1_4/1_4.srcs/sources_1/new/mod10.vhd:24' bound to instance 'u_4_c4093' of component 'mod_10' [E:/Second Year/First Semester/Digital/Lab/Lab04/1_4/1_4.srcs/sources_1/new/top.vhd:152]
INFO: [Synth 8-3491] module 'digit_selector' declared at 'E:/Second Year/First Semester/Digital/Lab/Lab04/1_4/1_4.srcs/sources_1/new/digit_selector.vhd:24' bound to instance 'u_5_c5025' of component 'digit_selector' [E:/Second Year/First Semester/Digital/Lab/Lab04/1_4/1_4.srcs/sources_1/new/top.vhd:156]
INFO: [Synth 8-638] synthesizing module 'digit_selector' [E:/Second Year/First Semester/Digital/Lab/Lab04/1_4/1_4.srcs/sources_1/new/digit_selector.vhd:34]
INFO: [Synth 8-256] done synthesizing module 'digit_selector' (0#1) [E:/Second Year/First Semester/Digital/Lab/Lab04/1_4/1_4.srcs/sources_1/new/digit_selector.vhd:34]
INFO: [Synth 8-3491] module 'hex_7seg' declared at 'E:/Second Year/First Semester/Digital/Lab/Lab04/1_4/1_4.srcs/sources_1/new/hex_7seg.vhd:24' bound to instance 'u_6_c5045' of component 'hex_7seg' [E:/Second Year/First Semester/Digital/Lab/Lab04/1_4/1_4.srcs/sources_1/new/top.vhd:163]
INFO: [Synth 8-638] synthesizing module 'hex_7seg' [E:/Second Year/First Semester/Digital/Lab/Lab04/1_4/1_4.srcs/sources_1/new/hex_7seg.vhd:40]
INFO: [Synth 8-256] done synthesizing module 'hex_7seg' (0#1) [E:/Second Year/First Semester/Digital/Lab/Lab04/1_4/1_4.srcs/sources_1/new/hex_7seg.vhd:40]
INFO: [Synth 8-3491] module 'fas8' declared at 'E:/Second Year/First Semester/Digital/Lab/Lab04/1_4/1_4.srcs/sources_1/new/fas8.vhd:28' bound to instance 'u_7_c5434' of component 'fas8' [E:/Second Year/First Semester/Digital/Lab/Lab04/1_4/1_4.srcs/sources_1/new/top.vhd:176]
INFO: [Synth 8-638] synthesizing module 'fas8' [E:/Second Year/First Semester/Digital/Lab/Lab04/1_4/1_4.srcs/sources_1/new/fas8.vhd:59]
INFO: [Synth 8-3491] module 'fa1' declared at 'E:/Second Year/First Semester/Digital/Lab/Lab04/1_4/1_4.srcs/sources_1/new/fa1.vhd:24' bound to instance 'u_0_c5272' of component 'fa1' [E:/Second Year/First Semester/Digital/Lab/Lab04/1_4/1_4.srcs/sources_1/new/fas8.vhd:83]
INFO: [Synth 8-638] synthesizing module 'fa1' [E:/Second Year/First Semester/Digital/Lab/Lab04/1_4/1_4.srcs/sources_1/new/fa1.vhd:34]
INFO: [Synth 8-256] done synthesizing module 'fa1' (0#1) [E:/Second Year/First Semester/Digital/Lab/Lab04/1_4/1_4.srcs/sources_1/new/fa1.vhd:34]
INFO: [Synth 8-3491] module 'fa1' declared at 'E:/Second Year/First Semester/Digital/Lab/Lab04/1_4/1_4.srcs/sources_1/new/fa1.vhd:24' bound to instance 'u_1_c5316' of component 'fa1' [E:/Second Year/First Semester/Digital/Lab/Lab04/1_4/1_4.srcs/sources_1/new/fas8.vhd:90]
INFO: [Synth 8-3491] module 'fa1' declared at 'E:/Second Year/First Semester/Digital/Lab/Lab04/1_4/1_4.srcs/sources_1/new/fa1.vhd:24' bound to instance 'u_2_c5325' of component 'fa1' [E:/Second Year/First Semester/Digital/Lab/Lab04/1_4/1_4.srcs/sources_1/new/fas8.vhd:97]
INFO: [Synth 8-3491] module 'fa1' declared at 'E:/Second Year/First Semester/Digital/Lab/Lab04/1_4/1_4.srcs/sources_1/new/fa1.vhd:24' bound to instance 'u_3_c5334' of component 'fa1' [E:/Second Year/First Semester/Digital/Lab/Lab04/1_4/1_4.srcs/sources_1/new/fas8.vhd:104]
INFO: [Synth 8-3491] module 'fa1' declared at 'E:/Second Year/First Semester/Digital/Lab/Lab04/1_4/1_4.srcs/sources_1/new/fa1.vhd:24' bound to instance 'u_4_c5343' of component 'fa1' [E:/Second Year/First Semester/Digital/Lab/Lab04/1_4/1_4.srcs/sources_1/new/fas8.vhd:111]
INFO: [Synth 8-3491] module 'fa1' declared at 'E:/Second Year/First Semester/Digital/Lab/Lab04/1_4/1_4.srcs/sources_1/new/fa1.vhd:24' bound to instance 'u_5_c5352' of component 'fa1' [E:/Second Year/First Semester/Digital/Lab/Lab04/1_4/1_4.srcs/sources_1/new/fas8.vhd:118]
INFO: [Synth 8-3491] module 'fa1' declared at 'E:/Second Year/First Semester/Digital/Lab/Lab04/1_4/1_4.srcs/sources_1/new/fa1.vhd:24' bound to instance 'u_6_c5361' of component 'fa1' [E:/Second Year/First Semester/Digital/Lab/Lab04/1_4/1_4.srcs/sources_1/new/fas8.vhd:125]
INFO: [Synth 8-3491] module 'fa1' declared at 'E:/Second Year/First Semester/Digital/Lab/Lab04/1_4/1_4.srcs/sources_1/new/fa1.vhd:24' bound to instance 'u_7_c5370' of component 'fa1' [E:/Second Year/First Semester/Digital/Lab/Lab04/1_4/1_4.srcs/sources_1/new/fas8.vhd:132]
INFO: [Synth 8-256] done synthesizing module 'fas8' (0#1) [E:/Second Year/First Semester/Digital/Lab/Lab04/1_4/1_4.srcs/sources_1/new/fas8.vhd:59]
INFO: [Synth 8-256] done synthesizing module 'lab4' (0#1) [E:/Second Year/First Semester/Digital/Lab/Lab04/1_4/1_4.srcs/sources_1/new/top.vhd:50]
---------------------------------------------------------------------------------
Finished RTL Elaboration : Time (s): cpu = 00:00:08 ; elapsed = 00:00:08 . Memory (MB): peak = 1339.848 ; gain = 658.676
---------------------------------------------------------------------------------
---------------------------------------------------------------------------------
Start Handling Custom Attributes
---------------------------------------------------------------------------------
---------------------------------------------------------------------------------
Finished Handling Custom Attributes : Time (s): cpu = 00:00:08 ; elapsed = 00:00:08 . Memory (MB): peak = 1339.848 ; gain = 658.676
---------------------------------------------------------------------------------
---------------------------------------------------------------------------------
Finished RTL Optimization Phase 1 : Time (s): cpu = 00:00:08 ; elapsed = 00:00:08 . Memory (MB): peak = 1339.848 ; gain = 658.676
---------------------------------------------------------------------------------
Netlist sorting complete. Time (s): cpu = 00:00:00 ; elapsed = 00:00:00.001 . Memory (MB): peak = 1339.848 ; gain = 0.000
INFO: [Project 1-570] Preparing netlist for logic optimization

Processing XDC Constraints
Initializing timing engine
Parsing XDC File [E:/Second Year/First Semester/Digital/Lab/Lab04/1_4/1_4.srcs/constrs_1/new/main.xdc]
Finished Parsing XDC File [E:/Second Year/First Semester/Digital/Lab/Lab04/1_4/1_4.srcs/constrs_1/new/main.xdc]
INFO: [Project 1-236] Implementation specific constraints were found while reading constraint file [E:/Second Year/First Semester/Digital/Lab/Lab04/1_4/1_4.srcs/constrs_1/new/main.xdc]. These constraints will be ignored for synthesis but will be used in implementation. Impacted constraints are listed in the file [.Xil/lab4_propImpl.xdc].
Resolution: To avoid this warning, move constraints listed in [.Xil/lab4_propImpl.xdc] to another XDC file and exclude this new file from synthesis with the used_in_synthesis property (File Properties dialog in GUI) and re-run elaboration/synthesis.
Parsing XDC File [E:/Second Year/First Semester/Digital/Lab/Lab04/1_4/1_4.srcs/constrs_1/new/fa1_constraint.xdc]
WARNING: [Vivado 12-584] No ports matched 'carry_in'. [E:/Second Year/First Semester/Digital/Lab/Lab04/1_4/1_4.srcs/constrs_1/new/fa1_constraint.xdc:23]
CRITICAL WARNING: [Common 17-55] 'set_property' expects at least one object. [E:/Second Year/First Semester/Digital/Lab/Lab04/1_4/1_4.srcs/constrs_1/new/fa1_constraint.xdc:23]
Resolution: If [get_<value>] was used to populate the object, check to make sure this command returns at least one valid object.
WARNING: [Vivado 12-584] No ports matched 'rhs'. [E:/Second Year/First Semester/Digital/Lab/Lab04/1_4/1_4.srcs/constrs_1/new/fa1_constraint.xdc:24]
CRITICAL WARNING: [Common 17-55] 'set_property' expects at least one object. [E:/Second Year/First Semester/Digital/Lab/Lab04/1_4/1_4.srcs/constrs_1/new/fa1_constraint.xdc:24]
Resolution: If [get_<value>] was used to populate the object, check to make sure this command returns at least one valid object.
WARNING: [Vivado 12-584] No ports matched 'lhs'. [E:/Second Year/First Semester/Digital/Lab/Lab04/1_4/1_4.srcs/constrs_1/new/fa1_constraint.xdc:25]
CRITICAL WARNING: [Common 17-55] 'set_property' expects at least one object. [E:/Second Year/First Semester/Digital/Lab/Lab04/1_4/1_4.srcs/constrs_1/new/fa1_constraint.xdc:25]
Resolution: If [get_<value>] was used to populate the object, check to make sure this command returns at least one valid object.
WARNING: [Vivado 12-584] No ports matched 'carry_out'. [E:/Second Year/First Semester/Digital/Lab/Lab04/1_4/1_4.srcs/constrs_1/new/fa1_constraint.xdc:42]
CRITICAL WARNING: [Common 17-55] 'set_property' expects at least one object. [E:/Second Year/First Semester/Digital/Lab/Lab04/1_4/1_4.srcs/constrs_1/new/fa1_constraint.xdc:42]
Resolution: If [get_<value>] was used to populate the object, check to make sure this command returns at least one valid object.
WARNING: [Vivado 12-584] No ports matched 'sum'. [E:/Second Year/First Semester/Digital/Lab/Lab04/1_4/1_4.srcs/constrs_1/new/fa1_constraint.xdc:43]
CRITICAL WARNING: [Common 17-55] 'set_property' expects at least one object. [E:/Second Year/First Semester/Digital/Lab/Lab04/1_4/1_4.srcs/constrs_1/new/fa1_constraint.xdc:43]
Resolution: If [get_<value>] was used to populate the object, check to make sure this command returns at least one valid object.
Finished Parsing XDC File [E:/Second Year/First Semester/Digital/Lab/Lab04/1_4/1_4.srcs/constrs_1/new/fa1_constraint.xdc]
Completed Processing XDC Constraints

Netlist sorting complete. Time (s): cpu = 00:00:00 ; elapsed = 00:00:00.001 . Memory (MB): peak = 1423.547 ; gain = 0.000
INFO: [Project 1-111] Unisim Transformation Summary:
No Unisim elements were transformed.

Constraint Validation Runtime : Time (s): cpu = 00:00:00 ; elapsed = 00:00:00.004 . Memory (MB): peak = 1423.547 ; gain = 0.000
---------------------------------------------------------------------------------
Finished Constraint Validation : Time (s): cpu = 00:00:16 ; elapsed = 00:00:16 . Memory (MB): peak = 1423.547 ; gain = 742.375
---------------------------------------------------------------------------------
---------------------------------------------------------------------------------
Start Loading Part and Timing Information
---------------------------------------------------------------------------------
Loading part: xc7s15ftgb196-1
---------------------------------------------------------------------------------
Finished Loading Part and Timing Information : Time (s): cpu = 00:00:16 ; elapsed = 00:00:16 . Memory (MB): peak = 1423.547 ; gain = 742.375
---------------------------------------------------------------------------------
---------------------------------------------------------------------------------
Start Applying 'set_property' XDC Constraints
---------------------------------------------------------------------------------
---------------------------------------------------------------------------------
Finished applying 'set_property' XDC Constraints : Time (s): cpu = 00:00:16 ; elapsed = 00:00:16 . Memory (MB): peak = 1423.547 ; gain = 742.375
---------------------------------------------------------------------------------
---------------------------------------------------------------------------------
Start Preparing Guide Design
---------------------------------------------------------------------------------
CRITICAL WARNING: [Synth 8-6895] The reference checkpoint E:/Second Year/First Semester/Digital/Lab/Lab04/1_4/1_4.srcs/utils_1/imports/synth_1/hex_7seg.dcp is not suitable for use with incremental synthesis for this design. Please regenerate the checkpoint for this design with -incremental_synth switch in the same Vivado session that synth_design has been run. Synthesis will continue with the default flow
---------------------------------------------------------------------------------
Finished Doing Graph Differ : Time (s): cpu = 00:00:16 ; elapsed = 00:00:16 . Memory (MB): peak = 1423.547 ; gain = 742.375
---------------------------------------------------------------------------------
---------------------------------------------------------------------------------
Finished Preparing Guide Design : Time (s): cpu = 00:00:16 ; elapsed = 00:00:16 . Memory (MB): peak = 1423.547 ; gain = 742.375
---------------------------------------------------------------------------------
---------------------------------------------------------------------------------
Finished RTL Optimization Phase 2 : Time (s): cpu = 00:00:16 ; elapsed = 00:00:16 . Memory (MB): peak = 1423.547 ; gain = 742.375
---------------------------------------------------------------------------------


Incremental Synthesis Report Summary:

1. Incremental synthesis run: no

   Reason for not running incremental synthesis : 


INFO: [Synth 8-7130] Flow is switching to default flow due to incremental criteria not met. If you would like to alter this behaviour and have the flow terminate instead, please set the following parameter config_implementation {autoIncr.Synth.RejectBehavior Terminate}
---------------------------------------------------------------------------------
Start RTL Component Statistics 
---------------------------------------------------------------------------------
Detailed RTL Component Info : 
+---Adders : 
	   2 Input    3 Bit       Adders := 5     
	   2 Input    2 Bit       Adders := 1     
+---XORs : 
	   2 Input      1 Bit         XORs := 24    
+---Registers : 
	                3 Bit    Registers := 5     
	                2 Bit    Registers := 1     
	                1 Bit    Registers := 4     
+---Muxes : 
	   2 Input    1 Bit        Muxes := 4     
---------------------------------------------------------------------------------
Finished RTL Component Statistics 
---------------------------------------------------------------------------------
---------------------------------------------------------------------------------
Start Part Resource Summary
---------------------------------------------------------------------------------
Part Resources:
DSPs: 20 (col length:20)
BRAMs: 20 (col length: RAMB18 20 RAMB36 10)
---------------------------------------------------------------------------------
Finished Part Resource Summary
---------------------------------------------------------------------------------
---------------------------------------------------------------------------------
Start Cross Boundary and Area Optimization
---------------------------------------------------------------------------------
---------------------------------------------------------------------------------
Finished Cross Boundary and Area Optimization : Time (s): cpu = 00:00:18 ; elapsed = 00:00:19 . Memory (MB): peak = 1423.547 ; gain = 742.375
---------------------------------------------------------------------------------
---------------------------------------------------------------------------------
Start Applying XDC Timing Constraints
---------------------------------------------------------------------------------
---------------------------------------------------------------------------------
Finished Applying XDC Timing Constraints : Time (s): cpu = 00:00:23 ; elapsed = 00:00:23 . Memory (MB): peak = 1530.945 ; gain = 849.773
---------------------------------------------------------------------------------
---------------------------------------------------------------------------------
Start Timing Optimization
---------------------------------------------------------------------------------
---------------------------------------------------------------------------------
Finished Timing Optimization : Time (s): cpu = 00:00:23 ; elapsed = 00:00:23 . Memory (MB): peak = 1531.020 ; gain = 849.848
---------------------------------------------------------------------------------
---------------------------------------------------------------------------------
Start Technology Mapping
---------------------------------------------------------------------------------
---------------------------------------------------------------------------------
Finished Technology Mapping : Time (s): cpu = 00:00:23 ; elapsed = 00:00:23 . Memory (MB): peak = 1543.238 ; gain = 862.066
---------------------------------------------------------------------------------
---------------------------------------------------------------------------------
Start IO Insertion
---------------------------------------------------------------------------------
---------------------------------------------------------------------------------
Start Flattening Before IO Insertion
---------------------------------------------------------------------------------
---------------------------------------------------------------------------------
Finished Flattening Before IO Insertion
---------------------------------------------------------------------------------
---------------------------------------------------------------------------------
Start Final Netlist Cleanup
---------------------------------------------------------------------------------
---------------------------------------------------------------------------------
Finished Final Netlist Cleanup
---------------------------------------------------------------------------------
---------------------------------------------------------------------------------
Finished IO Insertion : Time (s): cpu = 00:00:27 ; elapsed = 00:00:28 . Memory (MB): peak = 1789.973 ; gain = 1108.801
---------------------------------------------------------------------------------
---------------------------------------------------------------------------------
Start Renaming Generated Instances
---------------------------------------------------------------------------------
---------------------------------------------------------------------------------
Finished Renaming Generated Instances : Time (s): cpu = 00:00:27 ; elapsed = 00:00:28 . Memory (MB): peak = 1789.973 ; gain = 1108.801
---------------------------------------------------------------------------------
---------------------------------------------------------------------------------
Start Rebuilding User Hierarchy
---------------------------------------------------------------------------------
---------------------------------------------------------------------------------
Finished Rebuilding User Hierarchy : Time (s): cpu = 00:00:27 ; elapsed = 00:00:28 . Memory (MB): peak = 1789.973 ; gain = 1108.801
---------------------------------------------------------------------------------
---------------------------------------------------------------------------------
Start Renaming Generated Ports
---------------------------------------------------------------------------------
---------------------------------------------------------------------------------
Finished Renaming Generated Ports : Time (s): cpu = 00:00:27 ; elapsed = 00:00:28 . Memory (MB): peak = 1789.973 ; gain = 1108.801
---------------------------------------------------------------------------------
---------------------------------------------------------------------------------
Start Handling Custom Attributes
---------------------------------------------------------------------------------
---------------------------------------------------------------------------------
Finished Handling Custom Attributes : Time (s): cpu = 00:00:27 ; elapsed = 00:00:28 . Memory (MB): peak = 1789.973 ; gain = 1108.801
---------------------------------------------------------------------------------
---------------------------------------------------------------------------------
Start Renaming Generated Nets
---------------------------------------------------------------------------------
---------------------------------------------------------------------------------
Finished Renaming Generated Nets : Time (s): cpu = 00:00:27 ; elapsed = 00:00:28 . Memory (MB): peak = 1789.973 ; gain = 1108.801
---------------------------------------------------------------------------------
---------------------------------------------------------------------------------
Start Writing Synthesis Report
---------------------------------------------------------------------------------

Report BlackBoxes: 
+-+--------------+----------+
| |BlackBox name |Instances |
+-+--------------+----------+
+-+--------------+----------+

Report Cell Usage: 
+------+-----+------+
|      |Cell |Count |
+------+-----+------+
|1     |BUFG |     1|
|2     |LUT1 |     1|
|3     |LUT2 |    12|
|4     |LUT3 |    17|
|5     |LUT4 |    13|
|6     |LUT5 |     3|
|7     |LUT6 |     9|
|8     |FDRE |    21|
|9     |IBUF |    18|
|10    |OBUF |    11|
+------+-----+------+
---------------------------------------------------------------------------------
Finished Writing Synthesis Report : Time (s): cpu = 00:00:27 ; elapsed = 00:00:28 . Memory (MB): peak = 1789.973 ; gain = 1108.801
---------------------------------------------------------------------------------
Synthesis finished with 0 errors, 1 critical warnings and 0 warnings.
Synthesis Optimization Runtime : Time (s): cpu = 00:00:17 ; elapsed = 00:00:26 . Memory (MB): peak = 1789.973 ; gain = 1025.102
Synthesis Optimization Complete : Time (s): cpu = 00:00:27 ; elapsed = 00:00:28 . Memory (MB): peak = 1789.973 ; gain = 1108.801
INFO: [Project 1-571] Translating synthesized netlist
Netlist sorting complete. Time (s): cpu = 00:00:00 ; elapsed = 00:00:00.001 . Memory (MB): peak = 1799.176 ; gain = 0.000
INFO: [Project 1-570] Preparing netlist for logic optimization
INFO: [Opt 31-138] Pushed 0 inverter(s) to 0 load pin(s).
Netlist sorting complete. Time (s): cpu = 00:00:00 ; elapsed = 00:00:00 . Memory (MB): peak = 1802.828 ; gain = 0.000
INFO: [Project 1-111] Unisim Transformation Summary:
No Unisim elements were transformed.

Synth Design complete | Checksum: 3dcae6b7
INFO: [Common 17-83] Releasing license: Synthesis
46 Infos, 5 Warnings, 6 Critical Warnings and 0 Errors encountered.
synth_design completed successfully
synth_design: Time (s): cpu = 00:00:30 ; elapsed = 00:00:33 . Memory (MB): peak = 1802.828 ; gain = 1274.840
INFO: [runtcl-6] Synthesis results are not added to the cache due to CRITICAL_WARNING
Write ShapeDB Complete: Time (s): cpu = 00:00:00 ; elapsed = 00:00:00 . Memory (MB): peak = 1802.828 ; gain = 0.000
INFO: [Common 17-1381] The checkpoint 'E:/Second Year/First Semester/Digital/Lab/Lab04/1_4/1_4.runs/synth_1/lab4.dcp' has been generated.
INFO: [Vivado 12-24828] Executing command : report_utilization -file lab4_utilization_synth.rpt -pb lab4_utilization_synth.pb
INFO: [Common 17-206] Exiting Vivado at Tue Jul 28 22:54:47 2026...
