Copyright 1986-2022 Xilinx, Inc. All Rights Reserved. Copyright 2022-2025 Advanced Micro Devices, Inc. All Rights Reserved.
---------------------------------------------------------------------------------------------------------------------------------------------
| Tool Version : Vivado v.2025.2 (win64) Build 6299465 Fri Nov 14 19:35:11 GMT 2025
| Date         : Sun Aug  2 23:29:23 2026
| Host         : LAPTOP-2P21F8GO running 64-bit major release  (build 9200)
| Command      : report_control_sets -verbose -file lab5_3_control_sets_placed.rpt
| Design       : lab5_3
| Device       : xc7s15
---------------------------------------------------------------------------------------------------------------------------------------------

Control Set Information

Table of Contents
-----------------
1. Summary
2. Histogram
3. Flip-Flop Distribution
4. Detailed Control Set Information

1. Summary
----------

+----------------------------------------------------------+-------+
|                          Status                          | Count |
+----------------------------------------------------------+-------+
| Total control sets                                       |    32 |
|    Minimum number of control sets                        |    32 |
|    Addition due to synthesis replication                 |     0 |
|    Addition due to physical synthesis replication        |     0 |
| Unused register locations in slices containing registers |   196 |
+----------------------------------------------------------+-------+
* Control sets can be merged at opt_design using control_set_merge or merge_equivalent_drivers
** Run report_qor_suggestions for automated merging and remapping suggestions


2. Histogram
------------

+--------------------+-------+
|       Fanout       | Count |
+--------------------+-------+
| Total control sets |    32 |
| >= 0 to < 4        |    31 |
| >= 4 to < 6        |     0 |
| >= 6 to < 8        |     1 |
| >= 8 to < 10       |     0 |
| >= 10 to < 12      |     0 |
| >= 12 to < 14      |     0 |
| >= 14 to < 16      |     0 |
| >= 16              |     0 |
+--------------------+-------+
* Control sets can be remapped at either synth_design or opt_design


3. Flip-Flop Distribution
-------------------------

+--------------+-----------------------+------------------------+-----------------+--------------+
| Clock Enable | Synchronous Set/Reset | Asynchronous Set/Reset | Total Registers | Total Slices |
+--------------+-----------------------+------------------------+-----------------+--------------+
| No           | No                    | No                     |               6 |            2 |
| No           | No                    | Yes                    |              54 |           32 |
| No           | Yes                   | No                     |               0 |            0 |
| Yes          | No                    | No                     |               0 |            0 |
| Yes          | No                    | Yes                    |               0 |            0 |
| Yes          | Yes                   | No                     |               0 |            0 |
+--------------+-----------------------+------------------------+-----------------+--------------+


4. Detailed Control Set Information
-----------------------------------

+------------------------------------+---------------+----------------------------------+------------------+----------------+--------------+
|            Clock Signal            | Enable Signal |         Set/Reset Signal         | Slice Load Count | Bel Load Count | Bels / Slice |
+------------------------------------+---------------+----------------------------------+------------------+----------------+--------------+
|  u_0_c6232/u_1_c6092/n3_qn         |               | u_0_c6232/u_1_c6092/n4_q_reg_0   |                1 |              1 |         1.00 |
|  u_0_c6232/u_2_c6093/n3_qn_reg_n_0 |               | u_0_c6232/u_2_c6093/n3_clk_mod10 |                1 |              1 |         1.00 |
|  u_0_c6232/u_3_c6094/n3_qn_reg_n_0 |               | u_0_c6232/u_3_c6094/n4_clk_mod10 |                1 |              1 |         1.00 |
|  u_0_c6232/u_4_c6095/n3_qn_reg_n_0 |               | u_0_c6232/u_4_c6095/n5_clk_mod10 |                1 |              1 |         1.00 |
|  u_0_c6232/u_5_c6096/n3_qn_reg_n_0 |               | u_0_c6232/u_5_c6096/n6_clk_mod10 |                1 |              1 |         1.00 |
|  u_0_c6232/u_6_c6097/n3_qn_reg_n_0 |               | u_0_c6232/u_6_c6097/n7_clk_mod10 |                1 |              1 |         1.00 |
|  u_0_c6232/u_0_c6091/n2_qn         |               | u_0_c6232/u_0_c6091/n1_clk_mod5  |                1 |              1 |         1.00 |
|  u_0_c6232/u_7_c6098/n3_qn_reg_n_0 |               | u_0_c6232/u_7_c6098/n8_clk_mod10 |                1 |              1 |         1.00 |
|  u_0_c6232/u_1_c6092/n1_qn_reg_n_0 |               | u_0_c6232/u_1_c6092/n4_q_reg_0   |                1 |              2 |         2.00 |
|  u_0_c6232/u_1_c6092/n2_qn_reg_n_0 |               | u_0_c6232/u_1_c6092/n4_q_reg_0   |                1 |              2 |         2.00 |
|  u_0_c6232/u_3_c6094/n1_qn_reg_n_0 |               | u_0_c6232/u_3_c6094/n4_clk_mod10 |                1 |              2 |         2.00 |
|  u_0_c6232/u_3_c6094/n4_clk_mod10  |               | u_0_c6232/u_4_c6095/n5_clk_mod10 |                1 |              2 |         2.00 |
|  u_0_c6232/u_2_c6093/n1_qn_reg_n_0 |               | u_0_c6232/u_2_c6093/n3_clk_mod10 |                1 |              2 |         2.00 |
|  u_0_c6232/u_3_c6094/n2_qn_reg_n_0 |               | u_0_c6232/u_3_c6094/n4_clk_mod10 |                1 |              2 |         2.00 |
|  u_0_c6232/u_2_c6093/n2_qn_reg_n_0 |               | u_0_c6232/u_2_c6093/n3_clk_mod10 |                1 |              2 |         2.00 |
|  u_0_c6232/u_2_c6093/n3_clk_mod10  |               | u_0_c6232/u_7_c6098/n8_clk_mod10 |                1 |              2 |         2.00 |
|  u_0_c6232/u_4_c6095/n2_qn_reg_n_0 |               | u_0_c6232/u_4_c6095/n5_clk_mod10 |                1 |              2 |         2.00 |
|  u_0_c6232/u_5_c6096/n1_qn_reg_n_0 |               | u_0_c6232/u_5_c6096/n6_clk_mod10 |                1 |              2 |         2.00 |
|  u_0_c6232/u_4_c6095/n5_clk_mod10  |               | u_0_c6232/u_5_c6096/n6_clk_mod10 |                1 |              2 |         2.00 |
|  u_0_c6232/u_6_c6097/n1_qn_reg_n_0 |               | u_0_c6232/u_6_c6097/n7_clk_mod10 |                1 |              2 |         2.00 |
|  u_0_c6232/u_5_c6096/n2_qn_reg_n_0 |               | u_0_c6232/u_5_c6096/n6_clk_mod10 |                1 |              2 |         2.00 |
|  u_0_c6232/u_5_c6096/n6_clk_mod10  |               | u_0_c6232/u_6_c6097/n7_clk_mod10 |                1 |              2 |         2.00 |
|  u_0_c6232/u_4_c6095/n1_qn_reg_n_0 |               | u_0_c6232/u_4_c6095/n5_clk_mod10 |                2 |              2 |         1.00 |
|  u_0_c6232/u_7_c6098/n2_qn_reg_n_0 |               | u_0_c6232/u_7_c6098/n8_clk_mod10 |                1 |              2 |         2.00 |
|  u_0_c6232/u_0_c6091/n1_clk_mod5   |               | u_0_c6232/u_3_c6094/n4_clk_mod10 |                1 |              2 |         2.00 |
|  u_0_c6232/u_6_c6097/n2_qn_reg_n_0 |               | u_0_c6232/u_6_c6097/n7_clk_mod10 |                1 |              2 |         2.00 |
|  u_0_c6232/u_6_c6097/n7_clk_mod10  |               | u_0_c6232/u_2_c6093/n3_clk_mod10 |                1 |              2 |         2.00 |
|  u_0_c6232/u_0_c6091/n1_qn         |               | u_0_c6232/u_0_c6091/n1_clk_mod5  |                1 |              2 |         2.00 |
|  u_0_c6232/u_7_c6098/n1_qn_reg_n_0 |               | u_0_c6232/u_7_c6098/n8_clk_mod10 |                1 |              2 |         2.00 |
|  u_0_c6232/u_7_c6098/n8_clk_mod10  |               | u_0_c6232/u_1_c6092/n4_q_reg_0   |                1 |              2 |         2.00 |
|  clk_IBUF_BUFG                     |               | u_0_c6232/u_0_c6091/n1_clk_mod5  |                1 |              2 |         2.00 |
|  u_0_c6232/u_1_c6092/n4_q_reg_0    |               |                                  |                2 |              6 |         3.00 |
+------------------------------------+---------------+----------------------------------+------------------+----------------+--------------+


