Copyright 1986-2022 Xilinx, Inc. All Rights Reserved. Copyright 2022-2025 Advanced Micro Devices, Inc. All Rights Reserved.
---------------------------------------------------------------------------------------------------------------------------------------------
| Tool Version : Vivado v.2025.2 (win64) Build 6299465 Fri Nov 14 19:35:11 GMT 2025
| Date         : Mon Aug  3 17:54:36 2026
| Host         : LAPTOP-2P21F8GO running 64-bit major release  (build 9200)
| Command      : report_drc -file lab5_3_drc_routed.rpt -pb lab5_3_drc_routed.pb -rpx lab5_3_drc_routed.rpx
| Design       : lab5_3
| Device       : xc7s15ftgb196-1
| Speed File   : -1
| Design State : Fully Routed
---------------------------------------------------------------------------------------------------------------------------------------------

Report DRC

Table of Contents
-----------------
1. REPORT SUMMARY
2. REPORT DETAILS

1. REPORT SUMMARY
-----------------
            Netlist: netlist
          Floorplan: design_1
      Design limits: <entire design considered>
           Ruledeck: default
             Max checks: <unlimited>
             Checks found: 17
+-------------+----------+-------------------------------------------------------------+--------+
| Rule        | Severity | Description                                                 | Checks |
+-------------+----------+-------------------------------------------------------------+--------+
| CFGBVS-1    | Warning  | Missing CFGBVS and CONFIG_VOLTAGE Design Properties         | 1      |
| PDRC-153    | Warning  | Gated clock check                                           | 8      |
| PLHOLDVIO-2 | Warning  | Non-Optimal connections which could lead to hold violations | 8      |
+-------------+----------+-------------------------------------------------------------+--------+

2. REPORT DETAILS
-----------------
CFGBVS-1#1 Warning
Missing CFGBVS and CONFIG_VOLTAGE Design Properties  
Neither the CFGBVS nor CONFIG_VOLTAGE voltage property is set in the current_design.  Configuration bank voltage select (CFGBVS) must be set to VCCO or GND, and CONFIG_VOLTAGE must be set to the correct configuration voltage, in order to determine the I/O voltage support for the pins in bank 0.  It is suggested to specify these either using the 'Edit Device Properties' function in the GUI or directly in the XDC file using the following syntax:

 set_property CFGBVS value1 [current_design]
 #where value1 is either VCCO or GND

 set_property CONFIG_VOLTAGE value2 [current_design]
 #where value2 is the voltage provided to configuration bank 0

Refer to the device configuration user guide for more information.
Related violations: <none>

PDRC-153#1 Warning
Gated clock check  
Net u_0_c6232/u_0_c6091/n1_clk_mod5 is a gated clock net sourced by a combinational pin u_0_c6232/u_0_c6091/n1_q_i_2/O, cell u_0_c6232/u_0_c6091/n1_q_i_2. This is not good design practice and will likely impact performance. For SLICE registers, for example, use the CE pin to control the loading of data.
Related violations: <none>

PDRC-153#2 Warning
Gated clock check  
Net u_0_c6232/u_1_c6092/n4_q_reg_0 is a gated clock net sourced by a combinational pin u_0_c6232/u_1_c6092/n1_q_i_3/O, cell u_0_c6232/u_1_c6092/n1_q_i_3. This is not good design practice and will likely impact performance. For SLICE registers, for example, use the CE pin to control the loading of data.
Related violations: <none>

PDRC-153#3 Warning
Gated clock check  
Net u_0_c6232/u_2_c6093/n3_clk_mod10 is a gated clock net sourced by a combinational pin u_0_c6232/u_2_c6093/n1_q_i_3__0/O, cell u_0_c6232/u_2_c6093/n1_q_i_3__0. This is not good design practice and will likely impact performance. For SLICE registers, for example, use the CE pin to control the loading of data.
Related violations: <none>

PDRC-153#4 Warning
Gated clock check  
Net u_0_c6232/u_3_c6094/n4_clk_mod10 is a gated clock net sourced by a combinational pin u_0_c6232/u_3_c6094/n1_q_i_2__0/O, cell u_0_c6232/u_3_c6094/n1_q_i_2__0. This is not good design practice and will likely impact performance. For SLICE registers, for example, use the CE pin to control the loading of data.
Related violations: <none>

PDRC-153#5 Warning
Gated clock check  
Net u_0_c6232/u_4_c6095/n5_clk_mod10 is a gated clock net sourced by a combinational pin u_0_c6232/u_4_c6095/n1_q_i_2__1/O, cell u_0_c6232/u_4_c6095/n1_q_i_2__1. This is not good design practice and will likely impact performance. For SLICE registers, for example, use the CE pin to control the loading of data.
Related violations: <none>

PDRC-153#6 Warning
Gated clock check  
Net u_0_c6232/u_5_c6096/n6_clk_mod10 is a gated clock net sourced by a combinational pin u_0_c6232/u_5_c6096/n1_q_i_2__2/O, cell u_0_c6232/u_5_c6096/n1_q_i_2__2. This is not good design practice and will likely impact performance. For SLICE registers, for example, use the CE pin to control the loading of data.
Related violations: <none>

PDRC-153#7 Warning
Gated clock check  
Net u_0_c6232/u_6_c6097/n7_clk_mod10 is a gated clock net sourced by a combinational pin u_0_c6232/u_6_c6097/n1_q_i_2__3/O, cell u_0_c6232/u_6_c6097/n1_q_i_2__3. This is not good design practice and will likely impact performance. For SLICE registers, for example, use the CE pin to control the loading of data.
Related violations: <none>

PDRC-153#8 Warning
Gated clock check  
Net u_0_c6232/u_7_c6098/n8_clk_mod10 is a gated clock net sourced by a combinational pin u_0_c6232/u_7_c6098/n1_q_i_2__4/O, cell u_0_c6232/u_7_c6098/n1_q_i_2__4. This is not good design practice and will likely impact performance. For SLICE registers, for example, use the CE pin to control the loading of data.
Related violations: <none>

PLHOLDVIO-2#1 Warning
Non-Optimal connections which could lead to hold violations  
A LUT u_0_c6232/u_0_c6091/n1_q_i_2 is driving clock pin of 2 cells. This could lead to large hold time violations. Involved cells are:
u_0_c6232/u_3_c6094/n1_q_reg, u_0_c6232/u_3_c6094/n1_qn_reg
Related violations: <none>

PLHOLDVIO-2#2 Warning
Non-Optimal connections which could lead to hold violations  
A LUT u_0_c6232/u_1_c6092/n1_q_i_3 is driving clock pin of 7 cells. This could lead to large hold time violations. Involved cells are:
u_1_c6233/n19_qn_reg, u_1_c6233/n1_q_reg, u_1_c6233/n2_q_reg,
u_1_c6233/n2_qn_reg, u_1_c6233/n3_q_reg, u_1_c6233/n3_qn_reg
u_1_c6233/n4_q_reg
Related violations: <none>

PLHOLDVIO-2#3 Warning
Non-Optimal connections which could lead to hold violations  
A LUT u_0_c6232/u_2_c6093/n1_q_i_3__0 is driving clock pin of 2 cells. This could lead to large hold time violations. Involved cells are:
u_0_c6232/u_7_c6098/n1_q_reg, u_0_c6232/u_7_c6098/n1_qn_reg
Related violations: <none>

PLHOLDVIO-2#4 Warning
Non-Optimal connections which could lead to hold violations  
A LUT u_0_c6232/u_3_c6094/n1_q_i_2__0 is driving clock pin of 2 cells. This could lead to large hold time violations. Involved cells are:
u_0_c6232/u_4_c6095/n1_q_reg, u_0_c6232/u_4_c6095/n1_qn_reg
Related violations: <none>

PLHOLDVIO-2#5 Warning
Non-Optimal connections which could lead to hold violations  
A LUT u_0_c6232/u_4_c6095/n1_q_i_2__1 is driving clock pin of 2 cells. This could lead to large hold time violations. Involved cells are:
u_0_c6232/u_5_c6096/n1_q_reg, u_0_c6232/u_5_c6096/n1_qn_reg
Related violations: <none>

PLHOLDVIO-2#6 Warning
Non-Optimal connections which could lead to hold violations  
A LUT u_0_c6232/u_5_c6096/n1_q_i_2__2 is driving clock pin of 2 cells. This could lead to large hold time violations. Involved cells are:
u_0_c6232/u_6_c6097/n1_q_reg, u_0_c6232/u_6_c6097/n1_qn_reg
Related violations: <none>

PLHOLDVIO-2#7 Warning
Non-Optimal connections which could lead to hold violations  
A LUT u_0_c6232/u_6_c6097/n1_q_i_2__3 is driving clock pin of 2 cells. This could lead to large hold time violations. Involved cells are:
u_0_c6232/u_2_c6093/n1_q_reg, u_0_c6232/u_2_c6093/n1_qn_reg
Related violations: <none>

PLHOLDVIO-2#8 Warning
Non-Optimal connections which could lead to hold violations  
A LUT u_0_c6232/u_7_c6098/n1_q_i_2__4 is driving clock pin of 2 cells. This could lead to large hold time violations. Involved cells are:
u_0_c6232/u_1_c6092/n1_q_reg, u_0_c6232/u_1_c6092/n1_qn_reg
Related violations: <none>


