Copyright 1986-2022 Xilinx, Inc. All Rights Reserved. Copyright 2022-2025 Advanced Micro Devices, Inc. All Rights Reserved.
------------------------------------------------------------------------------------------------------------------------------------------------------------------------------------------------------------------------------
| Tool Version : Vivado v.2025.2 (win64) Build 6299465 Fri Nov 14 19:35:11 GMT 2025
| Date         : Sun Aug  2 22:31:56 2026
| Host         : LAPTOP-2P21F8GO running 64-bit major release  (build 9200)
| Command      : report_timing_summary -max_paths 10 -routable_nets -report_unconstrained -file lab5_2_timing_summary_routed.rpt -pb lab5_2_timing_summary_routed.pb -rpx lab5_2_timing_summary_routed.rpx -warn_on_violation
| Design       : lab5_2
| Device       : 7s15-ftgb196
| Speed File   : -1  PRODUCTION 1.23 2018-06-13
| Design State : Routed
------------------------------------------------------------------------------------------------------------------------------------------------------------------------------------------------------------------------------

Timing Summary Report

------------------------------------------------------------------------------------------------
| Timer Settings
| --------------
------------------------------------------------------------------------------------------------

  Enable Multi Corner Analysis               :  Yes
  Enable Pessimism Removal                   :  Yes
  Pessimism Removal Resolution               :  Nearest Common Node
  Enable Input Delay Default Clock           :  No
  Enable Preset / Clear Arcs                 :  No
  Disable Flight Delays                      :  No
  Ignore I/O Paths                           :  No
  Timing Early Launch at Borrowing Latches   :  No
  Borrow Time for Max Delay Exceptions       :  Yes
  Merge Timing Exceptions                    :  Yes
  Inter-SLR Compensation                     :  Conservative

  Corner  Analyze    Analyze    
  Name    Max Paths  Min Paths  
  ------  ---------  ---------  
  Slow    Yes        Yes        
  Fast    Yes        Yes        


------------------------------------------------------------------------------------------------
| Report Methodology
| ------------------
------------------------------------------------------------------------------------------------

Rule       Severity          Description                   Violations  
---------  ----------------  ----------------------------  ----------  
TIMING-17  Critical Warning  Non-clocked sequential cell   59          
LUTAR-1    Warning           LUT drives async reset alert  8           

Note: This report is based on the most recent report_methodology run and may not be up-to-date. Run report_methodology on the current design for the latest report.



check_timing report

Table of Contents
-----------------
1. checking no_clock (105)
2. checking constant_clock (0)
3. checking pulse_width_clock (0)
4. checking unconstrained_internal_endpoints (113)
5. checking no_input_delay (0)
6. checking no_output_delay (7)
7. checking multiple_clock (0)
8. checking generated_clocks (0)
9. checking loops (0)
10. checking partial_input_delay (0)
11. checking partial_output_delay (0)
12. checking latch_loops (0)

1. checking no_clock (105)
--------------------------
 There are 2 register/latch pins with no clock driven by root clock pin: clk (HIGH)

 There are 2 register/latch pins with no clock driven by root clock pin: n1_qn_reg/Q (HIGH)

 There is 1 register/latch pin with no clock driven by root clock pin: n2_qn_reg/Q (HIGH)

 There are 2 register/latch pins with no clock driven by root clock pin: u_1_c6109/u_0_c6091/n1_q_reg/Q (HIGH)

 There are 2 register/latch pins with no clock driven by root clock pin: u_1_c6109/u_0_c6091/n1_qn_reg/Q (HIGH)

 There are 2 register/latch pins with no clock driven by root clock pin: u_1_c6109/u_0_c6091/n2_q_reg/Q (HIGH)

 There is 1 register/latch pin with no clock driven by root clock pin: u_1_c6109/u_0_c6091/n2_qn_reg/Q (HIGH)

 There are 2 register/latch pins with no clock driven by root clock pin: u_1_c6109/u_0_c6091/n3_q_reg/Q (HIGH)

 There are 2 register/latch pins with no clock driven by root clock pin: u_1_c6109/u_1_c6092/n1_q_reg/Q (HIGH)

 There are 2 register/latch pins with no clock driven by root clock pin: u_1_c6109/u_1_c6092/n1_qn_reg/Q (HIGH)

 There are 2 register/latch pins with no clock driven by root clock pin: u_1_c6109/u_1_c6092/n2_q_reg/Q (HIGH)

 There are 2 register/latch pins with no clock driven by root clock pin: u_1_c6109/u_1_c6092/n2_qn_reg/Q (HIGH)

 There are 2 register/latch pins with no clock driven by root clock pin: u_1_c6109/u_1_c6092/n3_q_reg/Q (HIGH)

 There is 1 register/latch pin with no clock driven by root clock pin: u_1_c6109/u_1_c6092/n3_qn_reg/Q (HIGH)

 There are 2 register/latch pins with no clock driven by root clock pin: u_1_c6109/u_1_c6092/n4_q_reg/Q (HIGH)

 There are 2 register/latch pins with no clock driven by root clock pin: u_1_c6109/u_2_c6093/n1_q_reg/Q (HIGH)

 There are 2 register/latch pins with no clock driven by root clock pin: u_1_c6109/u_2_c6093/n1_qn_reg/Q (HIGH)

 There are 2 register/latch pins with no clock driven by root clock pin: u_1_c6109/u_2_c6093/n2_q_reg/Q (HIGH)

 There are 2 register/latch pins with no clock driven by root clock pin: u_1_c6109/u_2_c6093/n2_qn_reg/Q (HIGH)

 There are 2 register/latch pins with no clock driven by root clock pin: u_1_c6109/u_2_c6093/n3_q_reg/Q (HIGH)

 There is 1 register/latch pin with no clock driven by root clock pin: u_1_c6109/u_2_c6093/n3_qn_reg/Q (HIGH)

 There are 2 register/latch pins with no clock driven by root clock pin: u_1_c6109/u_2_c6093/n4_q_reg/Q (HIGH)

 There are 2 register/latch pins with no clock driven by root clock pin: u_1_c6109/u_3_c6094/n1_q_reg/Q (HIGH)

 There are 2 register/latch pins with no clock driven by root clock pin: u_1_c6109/u_3_c6094/n1_qn_reg/Q (HIGH)

 There are 2 register/latch pins with no clock driven by root clock pin: u_1_c6109/u_3_c6094/n2_q_reg/Q (HIGH)

 There are 2 register/latch pins with no clock driven by root clock pin: u_1_c6109/u_3_c6094/n2_qn_reg/Q (HIGH)

 There are 2 register/latch pins with no clock driven by root clock pin: u_1_c6109/u_3_c6094/n3_q_reg/Q (HIGH)

 There is 1 register/latch pin with no clock driven by root clock pin: u_1_c6109/u_3_c6094/n3_qn_reg/Q (HIGH)

 There are 2 register/latch pins with no clock driven by root clock pin: u_1_c6109/u_3_c6094/n4_q_reg/Q (HIGH)

 There are 2 register/latch pins with no clock driven by root clock pin: u_1_c6109/u_4_c6095/n1_q_reg/Q (HIGH)

 There are 2 register/latch pins with no clock driven by root clock pin: u_1_c6109/u_4_c6095/n1_qn_reg/Q (HIGH)

 There are 2 register/latch pins with no clock driven by root clock pin: u_1_c6109/u_4_c6095/n2_q_reg/Q (HIGH)

 There are 2 register/latch pins with no clock driven by root clock pin: u_1_c6109/u_4_c6095/n2_qn_reg/Q (HIGH)

 There are 2 register/latch pins with no clock driven by root clock pin: u_1_c6109/u_4_c6095/n3_q_reg/Q (HIGH)

 There is 1 register/latch pin with no clock driven by root clock pin: u_1_c6109/u_4_c6095/n3_qn_reg/Q (HIGH)

 There are 2 register/latch pins with no clock driven by root clock pin: u_1_c6109/u_4_c6095/n4_q_reg/Q (HIGH)

 There are 2 register/latch pins with no clock driven by root clock pin: u_1_c6109/u_5_c6096/n1_q_reg/Q (HIGH)

 There are 2 register/latch pins with no clock driven by root clock pin: u_1_c6109/u_5_c6096/n1_qn_reg/Q (HIGH)

 There are 2 register/latch pins with no clock driven by root clock pin: u_1_c6109/u_5_c6096/n2_q_reg/Q (HIGH)

 There are 2 register/latch pins with no clock driven by root clock pin: u_1_c6109/u_5_c6096/n2_qn_reg/Q (HIGH)

 There are 2 register/latch pins with no clock driven by root clock pin: u_1_c6109/u_5_c6096/n3_q_reg/Q (HIGH)

 There is 1 register/latch pin with no clock driven by root clock pin: u_1_c6109/u_5_c6096/n3_qn_reg/Q (HIGH)

 There are 2 register/latch pins with no clock driven by root clock pin: u_1_c6109/u_5_c6096/n4_q_reg/Q (HIGH)

 There are 2 register/latch pins with no clock driven by root clock pin: u_1_c6109/u_6_c6097/n1_q_reg/Q (HIGH)

 There are 2 register/latch pins with no clock driven by root clock pin: u_1_c6109/u_6_c6097/n1_qn_reg/Q (HIGH)

 There are 2 register/latch pins with no clock driven by root clock pin: u_1_c6109/u_6_c6097/n2_q_reg/Q (HIGH)

 There are 2 register/latch pins with no clock driven by root clock pin: u_1_c6109/u_6_c6097/n2_qn_reg/Q (HIGH)

 There are 2 register/latch pins with no clock driven by root clock pin: u_1_c6109/u_6_c6097/n3_q_reg/Q (HIGH)

 There is 1 register/latch pin with no clock driven by root clock pin: u_1_c6109/u_6_c6097/n3_qn_reg/Q (HIGH)

 There are 2 register/latch pins with no clock driven by root clock pin: u_1_c6109/u_6_c6097/n4_q_reg/Q (HIGH)

 There are 2 register/latch pins with no clock driven by root clock pin: u_1_c6109/u_7_c6098/n1_q_reg/Q (HIGH)

 There are 2 register/latch pins with no clock driven by root clock pin: u_1_c6109/u_7_c6098/n1_qn_reg/Q (HIGH)

 There are 2 register/latch pins with no clock driven by root clock pin: u_1_c6109/u_7_c6098/n2_q_reg/Q (HIGH)

 There are 2 register/latch pins with no clock driven by root clock pin: u_1_c6109/u_7_c6098/n2_qn_reg/Q (HIGH)

 There are 2 register/latch pins with no clock driven by root clock pin: u_1_c6109/u_7_c6098/n3_q_reg/Q (HIGH)

 There is 1 register/latch pin with no clock driven by root clock pin: u_1_c6109/u_7_c6098/n3_qn_reg/Q (HIGH)

 There are 2 register/latch pins with no clock driven by root clock pin: u_1_c6109/u_7_c6098/n4_q_reg/Q (HIGH)


2. checking constant_clock (0)
------------------------------
 There are 0 register/latch pins with constant_clock.


3. checking pulse_width_clock (0)
---------------------------------
 There are 0 register/latch pins which need pulse_width check


4. checking unconstrained_internal_endpoints (113)
--------------------------------------------------
 There are 113 pins that are not constrained for maximum delay. (HIGH)

 There are 0 pins that are not constrained for maximum delay due to constant clock.


5. checking no_input_delay (0)
------------------------------
 There are 0 input ports with no input delay specified.

 There are 0 input ports with no input delay but user has a false path constraint.


6. checking no_output_delay (7)
-------------------------------
 There are 7 ports with no output delay specified. (HIGH)

 There are 0 ports with no output delay but user has a false path constraint

 There are 0 ports with no output delay but with a timing clock defined on it or propagating through it


7. checking multiple_clock (0)
------------------------------
 There are 0 register/latch pins with multiple clocks.


8. checking generated_clocks (0)
--------------------------------
 There are 0 generated clocks that are not connected to a clock source.


9. checking loops (0)
---------------------
 There are 0 combinational loops in the design.


10. checking partial_input_delay (0)
------------------------------------
 There are 0 input ports with partial input delay specified.


11. checking partial_output_delay (0)
-------------------------------------
 There are 0 ports with partial output delay specified.


12. checking latch_loops (0)
----------------------------
 There are 0 combinational latch loops in the design through latch input



------------------------------------------------------------------------------------------------
| Design Timing Summary
| ---------------------
------------------------------------------------------------------------------------------------

    WNS(ns)      TNS(ns)  TNS Failing Endpoints  TNS Total Endpoints      WHS(ns)      THS(ns)  THS Failing Endpoints  THS Total Endpoints     WPWS(ns)     TPWS(ns)  TPWS Failing Endpoints  TPWS Total Endpoints  
    -------      -------  ---------------------  -------------------      -------      -------  ---------------------  -------------------     --------     --------  ----------------------  --------------------  
        inf        0.000                      0                  120          inf        0.000                      0                  120           NA           NA                      NA                    NA  


There are no user specified timing constraints.


------------------------------------------------------------------------------------------------
| Clock Summary
| -------------
------------------------------------------------------------------------------------------------


------------------------------------------------------------------------------------------------
| Intra Clock Table
| -----------------
------------------------------------------------------------------------------------------------

Clock             WNS(ns)      TNS(ns)  TNS Failing Endpoints  TNS Total Endpoints      WHS(ns)      THS(ns)  THS Failing Endpoints  THS Total Endpoints     WPWS(ns)     TPWS(ns)  TPWS Failing Endpoints  TPWS Total Endpoints  
-----             -------      -------  ---------------------  -------------------      -------      -------  ---------------------  -------------------     --------     --------  ----------------------  --------------------  


------------------------------------------------------------------------------------------------
| Inter Clock Table
| -----------------
------------------------------------------------------------------------------------------------

From Clock    To Clock          WNS(ns)      TNS(ns)  TNS Failing Endpoints  TNS Total Endpoints      WHS(ns)      THS(ns)  THS Failing Endpoints  THS Total Endpoints  
----------    --------          -------      -------  ---------------------  -------------------      -------      -------  ---------------------  -------------------  


------------------------------------------------------------------------------------------------
| Other Path Groups Table
| -----------------------
------------------------------------------------------------------------------------------------

Path Group    From Clock    To Clock          WNS(ns)      TNS(ns)  TNS Failing Endpoints  TNS Total Endpoints      WHS(ns)      THS(ns)  THS Failing Endpoints  THS Total Endpoints  
----------    ----------    --------          -------      -------  ---------------------  -------------------      -------      -------  ---------------------  -------------------  


------------------------------------------------------------------------------------------------
| User Ignored Path Table
| -----------------------
------------------------------------------------------------------------------------------------

Path Group    From Clock    To Clock    
----------    ----------    --------    


------------------------------------------------------------------------------------------------
| Unconstrained Path Table
| ------------------------
------------------------------------------------------------------------------------------------

Path Group    From Clock    To Clock    
----------    ----------    --------    
(none)                                    


------------------------------------------------------------------------------------------------
| Timing Details
| --------------
------------------------------------------------------------------------------------------------


--------------------------------------------------------------------------------------
Path Group:  (none)
From Clock:  
  To Clock:  

Max Delay           120 Endpoints
Min Delay           120 Endpoints
--------------------------------------------------------------------------------------


Max Delay Paths
--------------------------------------------------------------------------------------
Slack:                    inf
  Source:                 n2_q_reg/C
                            (rising edge-triggered cell FDRE)
  Destination:            g
                            (output port)
  Path Group:             (none)
  Path Type:              Max at Slow Process Corner
  Data Path Delay:        7.391ns  (logic 4.589ns (62.082%)  route 2.803ns (37.918%))
  Logic Levels:           3  (FDRE=1 LUT3=1 OBUF=1)

    Location             Delay type                Incr(ns)  Path(ns)    Netlist Resource(s)
  -------------------------------------------------------------------    -------------------
    SLICE_X38Y8          FDRE                         0.000     0.000 r  n2_q_reg/C
    SLICE_X38Y8          FDRE (Prop_fdre_C_Q)         0.689     0.689 r  n2_q_reg/Q
                         net (fo=9, routed)           0.882     1.571    u_0_c5850/n2_q
    SLICE_X38Y9          LUT3 (Prop_lut3_I2_O)        0.156     1.727 r  u_0_c5850/n32_o/O
                         net (fo=1, routed)           1.920     3.648    g_OBUF
    K4                   OBUF (Prop_obuf_I_O)         3.744     7.391 r  g_OBUF_inst/O
                         net (fo=0)                   0.000     7.391    g
    K4                                                                r  g (OUT)
  -------------------------------------------------------------------    -------------------

Slack:                    inf
  Source:                 n2_q_reg/C
                            (rising edge-triggered cell FDRE)
  Destination:            e
                            (output port)
  Path Group:             (none)
  Path Type:              Max at Slow Process Corner
  Data Path Delay:        7.297ns  (logic 4.574ns (62.680%)  route 2.723ns (37.320%))
  Logic Levels:           3  (FDRE=1 LUT3=1 OBUF=1)

    Location             Delay type                Incr(ns)  Path(ns)    Netlist Resource(s)
  -------------------------------------------------------------------    -------------------
    SLICE_X38Y8          FDRE                         0.000     0.000 r  n2_q_reg/C
    SLICE_X38Y8          FDRE (Prop_fdre_C_Q)         0.689     0.689 f  n2_q_reg/Q
                         net (fo=9, routed)           0.863     1.552    u_0_c5850/n2_q
    SLICE_X38Y9          LUT3 (Prop_lut3_I2_O)        0.153     1.705 r  u_0_c5850/n23_o/O
                         net (fo=1, routed)           1.860     3.565    e_OBUF
    M1                   OBUF (Prop_obuf_I_O)         3.732     7.297 r  e_OBUF_inst/O
                         net (fo=0)                   0.000     7.297    e
    M1                                                                r  e (OUT)
  -------------------------------------------------------------------    -------------------

Slack:                    inf
  Source:                 n2_q_reg/C
                            (rising edge-triggered cell FDRE)
  Destination:            f
                            (output port)
  Path Group:             (none)
  Path Type:              Max at Slow Process Corner
  Data Path Delay:        7.208ns  (logic 4.311ns (59.812%)  route 2.897ns (40.188%))
  Logic Levels:           3  (FDRE=1 LUT3=1 OBUF=1)

    Location             Delay type                Incr(ns)  Path(ns)    Netlist Resource(s)
  -------------------------------------------------------------------    -------------------
    SLICE_X38Y8          FDRE                         0.000     0.000 r  n2_q_reg/C
    SLICE_X38Y8          FDRE (Prop_fdre_C_Q)         0.689     0.689 r  n2_q_reg/Q
                         net (fo=9, routed)           0.882     1.571    u_0_c5850/n2_q
    SLICE_X38Y9          LUT3 (Prop_lut3_I2_O)        0.124     1.695 r  u_0_c5850/n28_o/O
                         net (fo=1, routed)           2.014     3.710    f_OBUF
    J4                   OBUF (Prop_obuf_I_O)         3.498     7.208 r  f_OBUF_inst/O
                         net (fo=0)                   0.000     7.208    f
    J4                                                                r  f (OUT)
  -------------------------------------------------------------------    -------------------

Slack:                    inf
  Source:                 n2_q_reg/C
                            (rising edge-triggered cell FDRE)
  Destination:            d
                            (output port)
  Path Group:             (none)
  Path Type:              Max at Slow Process Corner
  Data Path Delay:        7.004ns  (logic 4.337ns (61.921%)  route 2.667ns (38.079%))
  Logic Levels:           3  (FDRE=1 LUT3=1 OBUF=1)

    Location             Delay type                Incr(ns)  Path(ns)    Netlist Resource(s)
  -------------------------------------------------------------------    -------------------
    SLICE_X38Y8          FDRE                         0.000     0.000 r  n2_q_reg/C
    SLICE_X38Y8          FDRE (Prop_fdre_C_Q)         0.689     0.689 r  n2_q_reg/Q
                         net (fo=9, routed)           0.863     1.552    u_0_c5850/n2_q
    SLICE_X38Y9          LUT3 (Prop_lut3_I2_O)        0.124     1.676 r  u_0_c5850/n19_o/O
                         net (fo=1, routed)           1.804     3.480    d_OBUF
    M3                   OBUF (Prop_obuf_I_O)         3.524     7.004 r  d_OBUF_inst/O
                         net (fo=0)                   0.000     7.004    d
    M3                                                                r  d (OUT)
  -------------------------------------------------------------------    -------------------

Slack:                    inf
  Source:                 n3_q_reg/C
                            (rising edge-triggered cell FDRE)
  Destination:            c
                            (output port)
  Path Group:             (none)
  Path Type:              Max at Slow Process Corner
  Data Path Delay:        6.951ns  (logic 4.602ns (66.203%)  route 2.349ns (33.797%))
  Logic Levels:           3  (FDRE=1 LUT3=1 OBUF=1)

    Location             Delay type                Incr(ns)  Path(ns)    Netlist Resource(s)
  -------------------------------------------------------------------    -------------------
    SLICE_X38Y7          FDRE                         0.000     0.000 r  n3_q_reg/C
    SLICE_X38Y7          FDRE (Prop_fdre_C_Q)         0.689     0.689 f  n3_q_reg/Q
                         net (fo=8, routed)           0.683     1.372    n3_q
    SLICE_X38Y9          LUT3 (Prop_lut3_I0_O)        0.150     1.522 r  c_OBUF_inst_i_1/O
                         net (fo=1, routed)           1.667     3.188    c_OBUF
    P2                   OBUF (Prop_obuf_I_O)         3.763     6.951 r  c_OBUF_inst/O
                         net (fo=0)                   0.000     6.951    c
    P2                                                                r  c (OUT)
  -------------------------------------------------------------------    -------------------

Slack:                    inf
  Source:                 n2_q_reg/C
                            (rising edge-triggered cell FDRE)
  Destination:            b
                            (output port)
  Path Group:             (none)
  Path Type:              Max at Slow Process Corner
  Data Path Delay:        6.812ns  (logic 4.596ns (67.466%)  route 2.216ns (32.534%))
  Logic Levels:           3  (FDRE=1 LUT3=1 OBUF=1)

    Location             Delay type                Incr(ns)  Path(ns)    Netlist Resource(s)
  -------------------------------------------------------------------    -------------------
    SLICE_X38Y8          FDRE                         0.000     0.000 r  n2_q_reg/C
    SLICE_X38Y8          FDRE (Prop_fdre_C_Q)         0.689     0.689 r  n2_q_reg/Q
                         net (fo=9, routed)           0.553     1.242    u_0_c5850/n2_q
    SLICE_X38Y8          LUT3 (Prop_lut3_I2_O)        0.150     1.392 r  u_0_c5850/n10_o/O
                         net (fo=1, routed)           1.663     3.055    b_OBUF
    P4                   OBUF (Prop_obuf_I_O)         3.757     6.812 r  b_OBUF_inst/O
                         net (fo=0)                   0.000     6.812    b
    P4                                                                r  b (OUT)
  -------------------------------------------------------------------    -------------------

Slack:                    inf
  Source:                 n2_q_reg/C
                            (rising edge-triggered cell FDRE)
  Destination:            a
                            (output port)
  Path Group:             (none)
  Path Type:              Max at Slow Process Corner
  Data Path Delay:        6.544ns  (logic 4.321ns (66.027%)  route 2.223ns (33.973%))
  Logic Levels:           3  (FDRE=1 LUT3=1 OBUF=1)

    Location             Delay type                Incr(ns)  Path(ns)    Netlist Resource(s)
  -------------------------------------------------------------------    -------------------
    SLICE_X38Y8          FDRE                         0.000     0.000 r  n2_q_reg/C
    SLICE_X38Y8          FDRE (Prop_fdre_C_Q)         0.689     0.689 f  n2_q_reg/Q
                         net (fo=9, routed)           0.553     1.242    u_0_c5850/n2_q
    SLICE_X38Y8          LUT3 (Prop_lut3_I2_O)        0.124     1.366 r  u_0_c5850/n5_o1/O
                         net (fo=1, routed)           1.670     3.036    a_OBUF
    L3                   OBUF (Prop_obuf_I_O)         3.508     6.544 r  a_OBUF_inst/O
                         net (fo=0)                   0.000     6.544    a
    L3                                                                r  a (OUT)
  -------------------------------------------------------------------    -------------------

Slack:                    inf
  Source:                 u_1_c6109/u_4_c6095/n2_q_reg/C
                            (rising edge-triggered cell FDCE)
  Destination:            u_1_c6109/u_4_c6095/n3_q_reg/CLR
  Path Group:             (none)
  Path Type:              Max at Slow Process Corner
  Data Path Delay:        2.400ns  (logic 0.751ns (31.295%)  route 1.649ns (68.705%))
  Logic Levels:           2  (FDCE=1 LUT4=1)

    Location             Delay type                Incr(ns)  Path(ns)    Netlist Resource(s)
  -------------------------------------------------------------------    -------------------
    SLICE_X35Y13         FDCE                         0.000     0.000 r  u_1_c6109/u_4_c6095/n2_q_reg/C
    SLICE_X35Y13         FDCE (Prop_fdce_C_Q)         0.627     0.627 f  u_1_c6109/u_4_c6095/n2_q_reg/Q
                         net (fo=3, routed)           0.975     1.602    u_1_c6109/u_4_c6095/n2_q
    SLICE_X36Y13         LUT4 (Prop_lut4_I2_O)        0.124     1.726 f  u_1_c6109/u_4_c6095/n1_q_i_2__2/O
                         net (fo=9, routed)           0.674     2.400    u_1_c6109/u_4_c6095/n5_clk_mod10
    SLICE_X36Y13         FDCE                                         f  u_1_c6109/u_4_c6095/n3_q_reg/CLR
  -------------------------------------------------------------------    -------------------

Slack:                    inf
  Source:                 u_1_c6109/u_4_c6095/n2_q_reg/C
                            (rising edge-triggered cell FDCE)
  Destination:            u_1_c6109/u_4_c6095/n3_qn_reg/PRE
  Path Group:             (none)
  Path Type:              Max at Slow Process Corner
  Data Path Delay:        2.400ns  (logic 0.751ns (31.295%)  route 1.649ns (68.705%))
  Logic Levels:           2  (FDCE=1 LUT4=1)

    Location             Delay type                Incr(ns)  Path(ns)    Netlist Resource(s)
  -------------------------------------------------------------------    -------------------
    SLICE_X35Y13         FDCE                         0.000     0.000 r  u_1_c6109/u_4_c6095/n2_q_reg/C
    SLICE_X35Y13         FDCE (Prop_fdce_C_Q)         0.627     0.627 f  u_1_c6109/u_4_c6095/n2_q_reg/Q
                         net (fo=3, routed)           0.975     1.602    u_1_c6109/u_4_c6095/n2_q
    SLICE_X36Y13         LUT4 (Prop_lut4_I2_O)        0.124     1.726 f  u_1_c6109/u_4_c6095/n1_q_i_2__2/O
                         net (fo=9, routed)           0.674     2.400    u_1_c6109/u_4_c6095/n5_clk_mod10
    SLICE_X36Y13         FDPE                                         f  u_1_c6109/u_4_c6095/n3_qn_reg/PRE
  -------------------------------------------------------------------    -------------------

Slack:                    inf
  Source:                 u_1_c6109/u_4_c6095/n2_q_reg/C
                            (rising edge-triggered cell FDCE)
  Destination:            u_1_c6109/u_4_c6095/n4_q_reg/CLR
  Path Group:             (none)
  Path Type:              Max at Slow Process Corner
  Data Path Delay:        2.395ns  (logic 0.751ns (31.352%)  route 1.644ns (68.648%))
  Logic Levels:           2  (FDCE=1 LUT4=1)

    Location             Delay type                Incr(ns)  Path(ns)    Netlist Resource(s)
  -------------------------------------------------------------------    -------------------
    SLICE_X35Y13         FDCE                         0.000     0.000 r  u_1_c6109/u_4_c6095/n2_q_reg/C
    SLICE_X35Y13         FDCE (Prop_fdce_C_Q)         0.627     0.627 f  u_1_c6109/u_4_c6095/n2_q_reg/Q
                         net (fo=3, routed)           0.975     1.602    u_1_c6109/u_4_c6095/n2_q
    SLICE_X36Y13         LUT4 (Prop_lut4_I2_O)        0.124     1.726 f  u_1_c6109/u_4_c6095/n1_q_i_2__2/O
                         net (fo=9, routed)           0.669     2.395    u_1_c6109/u_4_c6095/n5_clk_mod10
    SLICE_X37Y13         FDCE                                         f  u_1_c6109/u_4_c6095/n4_q_reg/CLR
  -------------------------------------------------------------------    -------------------





Min Delay Paths
--------------------------------------------------------------------------------------
Slack:                    inf
  Source:                 u_1_c6109/u_3_c6094/n1_q_reg/C
                            (rising edge-triggered cell FDCE)
  Destination:            u_1_c6109/u_3_c6094/n1_qn_reg/D
  Path Group:             (none)
  Path Type:              Min at Fast Process Corner
  Data Path Delay:        0.220ns  (logic 0.141ns (64.051%)  route 0.079ns (35.949%))
  Logic Levels:           1  (FDCE=1)

    Location             Delay type                Incr(ns)  Path(ns)    Netlist Resource(s)
  -------------------------------------------------------------------    -------------------
    SLICE_X35Y12         FDCE                         0.000     0.000 r  u_1_c6109/u_3_c6094/n1_q_reg/C
    SLICE_X35Y12         FDCE (Prop_fdce_C_Q)         0.141     0.141 r  u_1_c6109/u_3_c6094/n1_q_reg/Q
                         net (fo=3, routed)           0.079     0.220    u_1_c6109/u_3_c6094/n1_q_reg_n_0
    SLICE_X35Y12         FDPE                                         r  u_1_c6109/u_3_c6094/n1_qn_reg/D
  -------------------------------------------------------------------    -------------------

Slack:                    inf
  Source:                 u_1_c6109/u_6_c6097/n1_q_reg/C
                            (rising edge-triggered cell FDCE)
  Destination:            u_1_c6109/u_6_c6097/n1_qn_reg/D
  Path Group:             (none)
  Path Type:              Min at Fast Process Corner
  Data Path Delay:        0.220ns  (logic 0.141ns (64.051%)  route 0.079ns (35.949%))
  Logic Levels:           1  (FDCE=1)

    Location             Delay type                Incr(ns)  Path(ns)    Netlist Resource(s)
  -------------------------------------------------------------------    -------------------
    SLICE_X37Y11         FDCE                         0.000     0.000 r  u_1_c6109/u_6_c6097/n1_q_reg/C
    SLICE_X37Y11         FDCE (Prop_fdce_C_Q)         0.141     0.141 r  u_1_c6109/u_6_c6097/n1_q_reg/Q
                         net (fo=3, routed)           0.079     0.220    u_1_c6109/u_6_c6097/n1_q_reg_n_0
    SLICE_X37Y11         FDPE                                         r  u_1_c6109/u_6_c6097/n1_qn_reg/D
  -------------------------------------------------------------------    -------------------

Slack:                    inf
  Source:                 u_1_c6109/u_5_c6096/n1_q_reg/C
                            (rising edge-triggered cell FDCE)
  Destination:            u_1_c6109/u_5_c6096/n1_qn_reg/D
  Path Group:             (none)
  Path Type:              Min at Fast Process Corner
  Data Path Delay:        0.230ns  (logic 0.141ns (61.402%)  route 0.089ns (38.598%))
  Logic Levels:           1  (FDCE=1)

    Location             Delay type                Incr(ns)  Path(ns)    Netlist Resource(s)
  -------------------------------------------------------------------    -------------------
    SLICE_X36Y14         FDCE                         0.000     0.000 r  u_1_c6109/u_5_c6096/n1_q_reg/C
    SLICE_X36Y14         FDCE (Prop_fdce_C_Q)         0.141     0.141 r  u_1_c6109/u_5_c6096/n1_q_reg/Q
                         net (fo=3, routed)           0.089     0.230    u_1_c6109/u_5_c6096/n1_q_reg_n_0
    SLICE_X36Y14         FDPE                                         r  u_1_c6109/u_5_c6096/n1_qn_reg/D
  -------------------------------------------------------------------    -------------------

Slack:                    inf
  Source:                 u_1_c6109/u_0_c6091/n1_q_reg/C
                            (rising edge-triggered cell FDCE)
  Destination:            u_1_c6109/u_0_c6091/n1_qn_reg/D
  Path Group:             (none)
  Path Type:              Min at Fast Process Corner
  Data Path Delay:        0.243ns  (logic 0.164ns (67.452%)  route 0.079ns (32.548%))
  Logic Levels:           1  (FDCE=1)

    Location             Delay type                Incr(ns)  Path(ns)    Netlist Resource(s)
  -------------------------------------------------------------------    -------------------
    SLICE_X34Y12         FDCE                         0.000     0.000 r  u_1_c6109/u_0_c6091/n1_q_reg/C
    SLICE_X34Y12         FDCE (Prop_fdce_C_Q)         0.164     0.164 r  u_1_c6109/u_0_c6091/n1_q_reg/Q
                         net (fo=3, routed)           0.079     0.243    u_1_c6109/u_0_c6091/n1_q
    SLICE_X34Y12         FDPE                                         r  u_1_c6109/u_0_c6091/n1_qn_reg/D
  -------------------------------------------------------------------    -------------------

Slack:                    inf
  Source:                 u_1_c6109/u_1_c6092/n1_q_reg/C
                            (rising edge-triggered cell FDCE)
  Destination:            u_1_c6109/u_1_c6092/n1_qn_reg/D
  Path Group:             (none)
  Path Type:              Min at Fast Process Corner
  Data Path Delay:        0.243ns  (logic 0.164ns (67.452%)  route 0.079ns (32.548%))
  Logic Levels:           1  (FDCE=1)

    Location             Delay type                Incr(ns)  Path(ns)    Netlist Resource(s)
  -------------------------------------------------------------------    -------------------
    SLICE_X38Y13         FDCE                         0.000     0.000 r  u_1_c6109/u_1_c6092/n1_q_reg/C
    SLICE_X38Y13         FDCE (Prop_fdce_C_Q)         0.164     0.164 r  u_1_c6109/u_1_c6092/n1_q_reg/Q
                         net (fo=3, routed)           0.079     0.243    u_1_c6109/u_1_c6092/n1_q_reg_n_0
    SLICE_X38Y13         FDPE                                         r  u_1_c6109/u_1_c6092/n1_qn_reg/D
  -------------------------------------------------------------------    -------------------

Slack:                    inf
  Source:                 u_1_c6109/u_2_c6093/n1_q_reg/C
                            (rising edge-triggered cell FDCE)
  Destination:            u_1_c6109/u_2_c6093/n1_qn_reg/D
  Path Group:             (none)
  Path Type:              Min at Fast Process Corner
  Data Path Delay:        0.243ns  (logic 0.164ns (67.452%)  route 0.079ns (32.548%))
  Logic Levels:           1  (FDCE=1)

    Location             Delay type                Incr(ns)  Path(ns)    Netlist Resource(s)
  -------------------------------------------------------------------    -------------------
    SLICE_X38Y10         FDCE                         0.000     0.000 r  u_1_c6109/u_2_c6093/n1_q_reg/C
    SLICE_X38Y10         FDCE (Prop_fdce_C_Q)         0.164     0.164 r  u_1_c6109/u_2_c6093/n1_q_reg/Q
                         net (fo=3, routed)           0.079     0.243    u_1_c6109/u_2_c6093/n1_q_reg_n_0
    SLICE_X38Y10         FDPE                                         r  u_1_c6109/u_2_c6093/n1_qn_reg/D
  -------------------------------------------------------------------    -------------------

Slack:                    inf
  Source:                 u_1_c6109/u_4_c6095/n1_q_reg/C
                            (rising edge-triggered cell FDCE)
  Destination:            u_1_c6109/u_4_c6095/n1_qn_reg/D
  Path Group:             (none)
  Path Type:              Min at Fast Process Corner
  Data Path Delay:        0.243ns  (logic 0.164ns (67.452%)  route 0.079ns (32.548%))
  Logic Levels:           1  (FDCE=1)

    Location             Delay type                Incr(ns)  Path(ns)    Netlist Resource(s)
  -------------------------------------------------------------------    -------------------
    SLICE_X34Y13         FDCE                         0.000     0.000 r  u_1_c6109/u_4_c6095/n1_q_reg/C
    SLICE_X34Y13         FDCE (Prop_fdce_C_Q)         0.164     0.164 r  u_1_c6109/u_4_c6095/n1_q_reg/Q
                         net (fo=3, routed)           0.079     0.243    u_1_c6109/u_4_c6095/n1_q_reg_n_0
    SLICE_X34Y13         FDPE                                         r  u_1_c6109/u_4_c6095/n1_qn_reg/D
  -------------------------------------------------------------------    -------------------

Slack:                    inf
  Source:                 u_1_c6109/u_7_c6098/n1_q_reg/C
                            (rising edge-triggered cell FDCE)
  Destination:            u_1_c6109/u_7_c6098/n1_qn_reg/D
  Path Group:             (none)
  Path Type:              Min at Fast Process Corner
  Data Path Delay:        0.243ns  (logic 0.164ns (67.452%)  route 0.079ns (32.548%))
  Logic Levels:           1  (FDCE=1)

    Location             Delay type                Incr(ns)  Path(ns)    Netlist Resource(s)
  -------------------------------------------------------------------    -------------------
    SLICE_X38Y14         FDCE                         0.000     0.000 r  u_1_c6109/u_7_c6098/n1_q_reg/C
    SLICE_X38Y14         FDCE (Prop_fdce_C_Q)         0.164     0.164 r  u_1_c6109/u_7_c6098/n1_q_reg/Q
                         net (fo=3, routed)           0.079     0.243    u_1_c6109/u_7_c6098/n1_q_reg_n_0
    SLICE_X38Y14         FDPE                                         r  u_1_c6109/u_7_c6098/n1_qn_reg/D
  -------------------------------------------------------------------    -------------------

Slack:                    inf
  Source:                 n1_q_reg/C
                            (rising edge-triggered cell FDRE)
  Destination:            n1_qn_reg/D
  Path Group:             (none)
  Path Type:              Min at Fast Process Corner
  Data Path Delay:        0.255ns  (logic 0.164ns (64.245%)  route 0.091ns (35.755%))
  Logic Levels:           1  (FDRE=1)

    Location             Delay type                Incr(ns)  Path(ns)    Netlist Resource(s)
  -------------------------------------------------------------------    -------------------
    SLICE_X38Y9          FDRE                         0.000     0.000 r  n1_q_reg/C
    SLICE_X38Y9          FDRE (Prop_fdre_C_Q)         0.164     0.164 r  n1_q_reg/Q
                         net (fo=9, routed)           0.091     0.255    n1_q
    SLICE_X38Y9          FDRE                                         r  n1_qn_reg/D
  -------------------------------------------------------------------    -------------------

Slack:                    inf
  Source:                 u_1_c6109/u_5_c6096/n3_q_reg/C
                            (rising edge-triggered cell FDCE)
  Destination:            u_1_c6109/u_5_c6096/n3_qn_reg/D
  Path Group:             (none)
  Path Type:              Min at Fast Process Corner
  Data Path Delay:        0.271ns  (logic 0.195ns (71.840%)  route 0.076ns (28.160%))
  Logic Levels:           1  (FDCE=1)

    Location             Delay type                Incr(ns)  Path(ns)    Netlist Resource(s)
  -------------------------------------------------------------------    -------------------
    SLICE_X36Y12         FDCE                         0.000     0.000 r  u_1_c6109/u_5_c6096/n3_q_reg/C
    SLICE_X36Y12         FDCE (Prop_fdce_C_Q)         0.195     0.195 r  u_1_c6109/u_5_c6096/n3_q_reg/Q
                         net (fo=3, routed)           0.076     0.271    u_1_c6109/u_5_c6096/n3_q_reg_n_0
    SLICE_X36Y12         FDPE                                         r  u_1_c6109/u_5_c6096/n3_qn_reg/D
  -------------------------------------------------------------------    -------------------





