Copyright 1986-2022 Xilinx, Inc. All Rights Reserved. Copyright 2022-2025 Advanced Micro Devices, Inc. All Rights Reserved.
------------------------------------------------------------------------------------------------------------------------------------------------------------------------------------------------------------------------------
| Tool Version : Vivado v.2025.2 (win64) Build 6299465 Fri Nov 14 19:35:11 GMT 2025
| Date         : Mon Aug  3 17:54:37 2026
| Host         : LAPTOP-2P21F8GO running 64-bit major release  (build 9200)
| Command      : report_timing_summary -max_paths 10 -routable_nets -report_unconstrained -file lab5_3_timing_summary_routed.rpt -pb lab5_3_timing_summary_routed.pb -rpx lab5_3_timing_summary_routed.rpx -warn_on_violation
| Design       : lab5_3
| Device       : 7s15-ftgb196
| Speed File   : -1  PRODUCTION 1.23 2018-06-13
| Design State : Routed
------------------------------------------------------------------------------------------------------------------------------------------------------------------------------------------------------------------------------

Timing Summary Report

------------------------------------------------------------------------------------------------
| Timer Settings
| --------------
------------------------------------------------------------------------------------------------

  Enable Multi Corner Analysis               :  Yes
  Enable Pessimism Removal                   :  Yes
  Pessimism Removal Resolution               :  Nearest Common Node
  Enable Input Delay Default Clock           :  No
  Enable Preset / Clear Arcs                 :  No
  Disable Flight Delays                      :  No
  Ignore I/O Paths                           :  No
  Timing Early Launch at Borrowing Latches   :  No
  Borrow Time for Max Delay Exceptions       :  Yes
  Merge Timing Exceptions                    :  Yes
  Inter-SLR Compensation                     :  Conservative

  Corner  Analyze    Analyze    
  Name    Max Paths  Min Paths  
  ------  ---------  ---------  
  Slow    Yes        Yes        
  Fast    Yes        Yes        


------------------------------------------------------------------------------------------------
| Report Methodology
| ------------------
------------------------------------------------------------------------------------------------

Rule       Severity          Description                   Violations  
---------  ----------------  ----------------------------  ----------  
TIMING-17  Critical Warning  Non-clocked sequential cell   61          
LUTAR-1    Warning           LUT drives async reset alert  8           

Note: This report is based on the most recent report_methodology run and may not be up-to-date. Run report_methodology on the current design for the latest report.



check_timing report

Table of Contents
-----------------
1. checking no_clock (122)
2. checking constant_clock (0)
3. checking pulse_width_clock (0)
4. checking unconstrained_internal_endpoints (118)
5. checking no_input_delay (0)
6. checking no_output_delay (7)
7. checking multiple_clock (0)
8. checking generated_clocks (0)
9. checking loops (0)
10. checking partial_input_delay (0)
11. checking partial_output_delay (0)
12. checking latch_loops (0)

1. checking no_clock (122)
--------------------------
 There are 2 register/latch pins with no clock driven by root clock pin: clk (HIGH)

 There are 2 register/latch pins with no clock driven by root clock pin: u_0_c6232/u_0_c6091/n1_q_reg/Q (HIGH)

 There are 2 register/latch pins with no clock driven by root clock pin: u_0_c6232/u_0_c6091/n1_qn_reg/Q (HIGH)

 There are 2 register/latch pins with no clock driven by root clock pin: u_0_c6232/u_0_c6091/n2_q_reg/Q (HIGH)

 There is 1 register/latch pin with no clock driven by root clock pin: u_0_c6232/u_0_c6091/n2_qn_reg/Q (HIGH)

 There are 2 register/latch pins with no clock driven by root clock pin: u_0_c6232/u_0_c6091/n3_q_reg/Q (HIGH)

 There are 7 register/latch pins with no clock driven by root clock pin: u_0_c6232/u_1_c6092/n1_q_reg/Q (HIGH)

 There are 2 register/latch pins with no clock driven by root clock pin: u_0_c6232/u_1_c6092/n1_qn_reg/Q (HIGH)

 There are 7 register/latch pins with no clock driven by root clock pin: u_0_c6232/u_1_c6092/n2_q_reg/Q (HIGH)

 There are 2 register/latch pins with no clock driven by root clock pin: u_0_c6232/u_1_c6092/n2_qn_reg/Q (HIGH)

 There are 7 register/latch pins with no clock driven by root clock pin: u_0_c6232/u_1_c6092/n3_q_reg/Q (HIGH)

 There is 1 register/latch pin with no clock driven by root clock pin: u_0_c6232/u_1_c6092/n3_qn_reg/Q (HIGH)

 There are 7 register/latch pins with no clock driven by root clock pin: u_0_c6232/u_1_c6092/n4_q_reg/Q (HIGH)

 There are 2 register/latch pins with no clock driven by root clock pin: u_0_c6232/u_2_c6093/n1_q_reg/Q (HIGH)

 There are 2 register/latch pins with no clock driven by root clock pin: u_0_c6232/u_2_c6093/n1_qn_reg/Q (HIGH)

 There are 2 register/latch pins with no clock driven by root clock pin: u_0_c6232/u_2_c6093/n2_q_reg/Q (HIGH)

 There are 2 register/latch pins with no clock driven by root clock pin: u_0_c6232/u_2_c6093/n2_qn_reg/Q (HIGH)

 There are 2 register/latch pins with no clock driven by root clock pin: u_0_c6232/u_2_c6093/n3_q_reg/Q (HIGH)

 There is 1 register/latch pin with no clock driven by root clock pin: u_0_c6232/u_2_c6093/n3_qn_reg/Q (HIGH)

 There are 2 register/latch pins with no clock driven by root clock pin: u_0_c6232/u_2_c6093/n4_q_reg/Q (HIGH)

 There are 2 register/latch pins with no clock driven by root clock pin: u_0_c6232/u_3_c6094/n1_q_reg/Q (HIGH)

 There are 2 register/latch pins with no clock driven by root clock pin: u_0_c6232/u_3_c6094/n1_qn_reg/Q (HIGH)

 There are 2 register/latch pins with no clock driven by root clock pin: u_0_c6232/u_3_c6094/n2_q_reg/Q (HIGH)

 There are 2 register/latch pins with no clock driven by root clock pin: u_0_c6232/u_3_c6094/n2_qn_reg/Q (HIGH)

 There are 2 register/latch pins with no clock driven by root clock pin: u_0_c6232/u_3_c6094/n3_q_reg/Q (HIGH)

 There is 1 register/latch pin with no clock driven by root clock pin: u_0_c6232/u_3_c6094/n3_qn_reg/Q (HIGH)

 There are 2 register/latch pins with no clock driven by root clock pin: u_0_c6232/u_3_c6094/n4_q_reg/Q (HIGH)

 There are 2 register/latch pins with no clock driven by root clock pin: u_0_c6232/u_4_c6095/n1_q_reg/Q (HIGH)

 There are 2 register/latch pins with no clock driven by root clock pin: u_0_c6232/u_4_c6095/n1_qn_reg/Q (HIGH)

 There are 2 register/latch pins with no clock driven by root clock pin: u_0_c6232/u_4_c6095/n2_q_reg/Q (HIGH)

 There are 2 register/latch pins with no clock driven by root clock pin: u_0_c6232/u_4_c6095/n2_qn_reg/Q (HIGH)

 There are 2 register/latch pins with no clock driven by root clock pin: u_0_c6232/u_4_c6095/n3_q_reg/Q (HIGH)

 There is 1 register/latch pin with no clock driven by root clock pin: u_0_c6232/u_4_c6095/n3_qn_reg/Q (HIGH)

 There are 2 register/latch pins with no clock driven by root clock pin: u_0_c6232/u_4_c6095/n4_q_reg/Q (HIGH)

 There are 2 register/latch pins with no clock driven by root clock pin: u_0_c6232/u_5_c6096/n1_q_reg/Q (HIGH)

 There are 2 register/latch pins with no clock driven by root clock pin: u_0_c6232/u_5_c6096/n1_qn_reg/Q (HIGH)

 There are 2 register/latch pins with no clock driven by root clock pin: u_0_c6232/u_5_c6096/n2_q_reg/Q (HIGH)

 There are 2 register/latch pins with no clock driven by root clock pin: u_0_c6232/u_5_c6096/n2_qn_reg/Q (HIGH)

 There are 2 register/latch pins with no clock driven by root clock pin: u_0_c6232/u_5_c6096/n3_q_reg/Q (HIGH)

 There is 1 register/latch pin with no clock driven by root clock pin: u_0_c6232/u_5_c6096/n3_qn_reg/Q (HIGH)

 There are 2 register/latch pins with no clock driven by root clock pin: u_0_c6232/u_5_c6096/n4_q_reg/Q (HIGH)

 There are 2 register/latch pins with no clock driven by root clock pin: u_0_c6232/u_6_c6097/n1_q_reg/Q (HIGH)

 There are 2 register/latch pins with no clock driven by root clock pin: u_0_c6232/u_6_c6097/n1_qn_reg/Q (HIGH)

 There are 2 register/latch pins with no clock driven by root clock pin: u_0_c6232/u_6_c6097/n2_q_reg/Q (HIGH)

 There are 2 register/latch pins with no clock driven by root clock pin: u_0_c6232/u_6_c6097/n2_qn_reg/Q (HIGH)

 There are 2 register/latch pins with no clock driven by root clock pin: u_0_c6232/u_6_c6097/n3_q_reg/Q (HIGH)

 There is 1 register/latch pin with no clock driven by root clock pin: u_0_c6232/u_6_c6097/n3_qn_reg/Q (HIGH)

 There are 2 register/latch pins with no clock driven by root clock pin: u_0_c6232/u_6_c6097/n4_q_reg/Q (HIGH)

 There are 2 register/latch pins with no clock driven by root clock pin: u_0_c6232/u_7_c6098/n1_q_reg/Q (HIGH)

 There are 2 register/latch pins with no clock driven by root clock pin: u_0_c6232/u_7_c6098/n1_qn_reg/Q (HIGH)

 There are 2 register/latch pins with no clock driven by root clock pin: u_0_c6232/u_7_c6098/n2_q_reg/Q (HIGH)

 There are 2 register/latch pins with no clock driven by root clock pin: u_0_c6232/u_7_c6098/n2_qn_reg/Q (HIGH)

 There are 2 register/latch pins with no clock driven by root clock pin: u_0_c6232/u_7_c6098/n3_q_reg/Q (HIGH)

 There is 1 register/latch pin with no clock driven by root clock pin: u_0_c6232/u_7_c6098/n3_qn_reg/Q (HIGH)

 There are 2 register/latch pins with no clock driven by root clock pin: u_0_c6232/u_7_c6098/n4_q_reg/Q (HIGH)


2. checking constant_clock (0)
------------------------------
 There are 0 register/latch pins with constant_clock.


3. checking pulse_width_clock (0)
---------------------------------
 There are 0 register/latch pins which need pulse_width check


4. checking unconstrained_internal_endpoints (118)
--------------------------------------------------
 There are 118 pins that are not constrained for maximum delay. (HIGH)

 There are 0 pins that are not constrained for maximum delay due to constant clock.


5. checking no_input_delay (0)
------------------------------
 There are 0 input ports with no input delay specified.

 There are 0 input ports with no input delay but user has a false path constraint.


6. checking no_output_delay (7)
-------------------------------
 There are 7 ports with no output delay specified. (HIGH)

 There are 0 ports with no output delay but user has a false path constraint

 There are 0 ports with no output delay but with a timing clock defined on it or propagating through it


7. checking multiple_clock (0)
------------------------------
 There are 0 register/latch pins with multiple clocks.


8. checking generated_clocks (0)
--------------------------------
 There are 0 generated clocks that are not connected to a clock source.


9. checking loops (0)
---------------------
 There are 0 combinational loops in the design.


10. checking partial_input_delay (0)
------------------------------------
 There are 0 input ports with partial input delay specified.


11. checking partial_output_delay (0)
-------------------------------------
 There are 0 ports with partial output delay specified.


12. checking latch_loops (0)
----------------------------
 There are 0 combinational latch loops in the design through latch input



------------------------------------------------------------------------------------------------
| Design Timing Summary
| ---------------------
------------------------------------------------------------------------------------------------

    WNS(ns)      TNS(ns)  TNS Failing Endpoints  TNS Total Endpoints      WHS(ns)      THS(ns)  THS Failing Endpoints  THS Total Endpoints     WPWS(ns)     TPWS(ns)  TPWS Failing Endpoints  TPWS Total Endpoints  
    -------      -------  ---------------------  -------------------      -------      -------  ---------------------  -------------------     --------     --------  ----------------------  --------------------  
        inf        0.000                      0                  125          inf        0.000                      0                  125           NA           NA                      NA                    NA  


There are no user specified timing constraints.


------------------------------------------------------------------------------------------------
| Clock Summary
| -------------
------------------------------------------------------------------------------------------------


------------------------------------------------------------------------------------------------
| Intra Clock Table
| -----------------
------------------------------------------------------------------------------------------------

Clock             WNS(ns)      TNS(ns)  TNS Failing Endpoints  TNS Total Endpoints      WHS(ns)      THS(ns)  THS Failing Endpoints  THS Total Endpoints     WPWS(ns)     TPWS(ns)  TPWS Failing Endpoints  TPWS Total Endpoints  
-----             -------      -------  ---------------------  -------------------      -------      -------  ---------------------  -------------------     --------     --------  ----------------------  --------------------  


------------------------------------------------------------------------------------------------
| Inter Clock Table
| -----------------
------------------------------------------------------------------------------------------------

From Clock    To Clock          WNS(ns)      TNS(ns)  TNS Failing Endpoints  TNS Total Endpoints      WHS(ns)      THS(ns)  THS Failing Endpoints  THS Total Endpoints  
----------    --------          -------      -------  ---------------------  -------------------      -------      -------  ---------------------  -------------------  


------------------------------------------------------------------------------------------------
| Other Path Groups Table
| -----------------------
------------------------------------------------------------------------------------------------

Path Group    From Clock    To Clock          WNS(ns)      TNS(ns)  TNS Failing Endpoints  TNS Total Endpoints      WHS(ns)      THS(ns)  THS Failing Endpoints  THS Total Endpoints  
----------    ----------    --------          -------      -------  ---------------------  -------------------      -------      -------  ---------------------  -------------------  


------------------------------------------------------------------------------------------------
| User Ignored Path Table
| -----------------------
------------------------------------------------------------------------------------------------

Path Group    From Clock    To Clock    
----------    ----------    --------    


------------------------------------------------------------------------------------------------
| Unconstrained Path Table
| ------------------------
------------------------------------------------------------------------------------------------

Path Group    From Clock    To Clock    
----------    ----------    --------    
(none)                                    


------------------------------------------------------------------------------------------------
| Timing Details
| --------------
------------------------------------------------------------------------------------------------


--------------------------------------------------------------------------------------
Path Group:  (none)
From Clock:  
  To Clock:  

Max Delay           125 Endpoints
Min Delay           125 Endpoints
--------------------------------------------------------------------------------------


Max Delay Paths
--------------------------------------------------------------------------------------
Slack:                    inf
  Source:                 u_1_c6233/n4_q_reg/C
                            (rising edge-triggered cell FDRE)
  Destination:            f
                            (output port)
  Path Group:             (none)
  Path Type:              Max at Slow Process Corner
  Data Path Delay:        7.297ns  (logic 4.452ns (61.012%)  route 2.845ns (38.988%))
  Logic Levels:           3  (FDRE=1 LUT4=1 OBUF=1)

    Location             Delay type                Incr(ns)  Path(ns)    Netlist Resource(s)
  -------------------------------------------------------------------    -------------------
    SLICE_X39Y11         FDRE                         0.000     0.000 r  u_1_c6233/n4_q_reg/C
    SLICE_X39Y11         FDRE (Prop_fdre_C_Q)         0.419     0.419 r  u_1_c6233/n4_q_reg/Q
                         net (fo=8, routed)           0.985     1.404    u_2_c6237/n2_q3_msb
    SLICE_X39Y13         LUT4 (Prop_lut4_I1_O)        0.327     1.731 r  u_2_c6237/n28_o/O
                         net (fo=1, routed)           1.860     3.591    f_OBUF
    J4                   OBUF (Prop_obuf_I_O)         3.706     7.297 r  f_OBUF_inst/O
                         net (fo=0)                   0.000     7.297    f
    J4                                                                r  f (OUT)
  -------------------------------------------------------------------    -------------------

Slack:                    inf
  Source:                 u_1_c6233/n1_q_reg/C
                            (rising edge-triggered cell FDRE)
  Destination:            b
                            (output port)
  Path Group:             (none)
  Path Type:              Max at Slow Process Corner
  Data Path Delay:        7.175ns  (logic 4.345ns (60.557%)  route 2.830ns (39.443%))
  Logic Levels:           3  (FDRE=1 LUT4=1 OBUF=1)

    Location             Delay type                Incr(ns)  Path(ns)    Netlist Resource(s)
  -------------------------------------------------------------------    -------------------
    SLICE_X39Y13         FDRE                         0.000     0.000 r  u_1_c6233/n1_q_reg/C
    SLICE_X39Y13         FDRE (Prop_fdre_C_Q)         0.456     0.456 r  u_1_c6233/n1_q_reg/Q
                         net (fo=13, routed)          1.014     1.470    u_2_c6237/n2_q0_lsb
    SLICE_X39Y11         LUT4 (Prop_lut4_I2_O)        0.153     1.623 r  u_2_c6237/n10_o/O
                         net (fo=1, routed)           1.816     3.439    b_OBUF
    P4                   OBUF (Prop_obuf_I_O)         3.736     7.175 r  b_OBUF_inst/O
                         net (fo=0)                   0.000     7.175    b
    P4                                                                r  b (OUT)
  -------------------------------------------------------------------    -------------------

Slack:                    inf
  Source:                 u_1_c6233/n4_q_reg/C
                            (rising edge-triggered cell FDRE)
  Destination:            d
                            (output port)
  Path Group:             (none)
  Path Type:              Max at Slow Process Corner
  Data Path Delay:        7.049ns  (logic 4.478ns (63.520%)  route 2.572ns (36.480%))
  Logic Levels:           3  (FDRE=1 LUT4=1 OBUF=1)

    Location             Delay type                Incr(ns)  Path(ns)    Netlist Resource(s)
  -------------------------------------------------------------------    -------------------
    SLICE_X39Y11         FDRE                         0.000     0.000 r  u_1_c6233/n4_q_reg/C
    SLICE_X39Y11         FDRE (Prop_fdre_C_Q)         0.419     0.419 r  u_1_c6233/n4_q_reg/Q
                         net (fo=8, routed)           0.905     1.324    u_2_c6237/n2_q3_msb
    SLICE_X39Y11         LUT4 (Prop_lut4_I2_O)        0.327     1.651 r  u_2_c6237/n19_o/O
                         net (fo=1, routed)           1.667     3.318    d_OBUF
    M3                   OBUF (Prop_obuf_I_O)         3.732     7.049 r  d_OBUF_inst/O
                         net (fo=0)                   0.000     7.049    d
    M3                                                                r  d (OUT)
  -------------------------------------------------------------------    -------------------

Slack:                    inf
  Source:                 u_1_c6233/n1_q_reg/C
                            (rising edge-triggered cell FDRE)
  Destination:            a
                            (output port)
  Path Group:             (none)
  Path Type:              Max at Slow Process Corner
  Data Path Delay:        7.007ns  (logic 4.088ns (58.341%)  route 2.919ns (41.659%))
  Logic Levels:           3  (FDRE=1 LUT4=1 OBUF=1)

    Location             Delay type                Incr(ns)  Path(ns)    Netlist Resource(s)
  -------------------------------------------------------------------    -------------------
    SLICE_X39Y13         FDRE                         0.000     0.000 r  u_1_c6233/n1_q_reg/C
    SLICE_X39Y13         FDRE (Prop_fdre_C_Q)         0.456     0.456 r  u_1_c6233/n1_q_reg/Q
                         net (fo=13, routed)          1.014     1.470    u_2_c6237/n2_q0_lsb
    SLICE_X39Y11         LUT4 (Prop_lut4_I3_O)        0.124     1.594 r  u_2_c6237/n5_o/O
                         net (fo=1, routed)           1.905     3.499    a_OBUF
    L3                   OBUF (Prop_obuf_I_O)         3.508     7.007 r  a_OBUF_inst/O
                         net (fo=0)                   0.000     7.007    a
    L3                                                                r  a (OUT)
  -------------------------------------------------------------------    -------------------

Slack:                    inf
  Source:                 u_1_c6233/n4_q_reg/C
                            (rising edge-triggered cell FDRE)
  Destination:            e
                            (output port)
  Path Group:             (none)
  Path Type:              Max at Slow Process Corner
  Data Path Delay:        6.895ns  (logic 4.243ns (61.531%)  route 2.653ns (38.469%))
  Logic Levels:           3  (FDRE=1 LUT4=1 OBUF=1)

    Location             Delay type                Incr(ns)  Path(ns)    Netlist Resource(s)
  -------------------------------------------------------------------    -------------------
    SLICE_X39Y11         FDRE                         0.000     0.000 r  u_1_c6233/n4_q_reg/C
    SLICE_X39Y11         FDRE (Prop_fdre_C_Q)         0.419     0.419 f  u_1_c6233/n4_q_reg/Q
                         net (fo=8, routed)           0.985     1.404    u_2_c6237/n2_q3_msb
    SLICE_X39Y13         LUT4 (Prop_lut4_I1_O)        0.299     1.703 r  u_2_c6237/n23_o/O
                         net (fo=1, routed)           1.668     3.371    e_OBUF
    M1                   OBUF (Prop_obuf_I_O)         3.525     6.895 r  e_OBUF_inst/O
                         net (fo=0)                   0.000     6.895    e
    M1                                                                r  e (OUT)
  -------------------------------------------------------------------    -------------------

Slack:                    inf
  Source:                 u_1_c6233/n4_q_reg/C
                            (rising edge-triggered cell FDRE)
  Destination:            c
                            (output port)
  Path Group:             (none)
  Path Type:              Max at Slow Process Corner
  Data Path Delay:        6.829ns  (logic 4.257ns (62.340%)  route 2.572ns (37.660%))
  Logic Levels:           3  (FDRE=1 LUT4=1 OBUF=1)

    Location             Delay type                Incr(ns)  Path(ns)    Netlist Resource(s)
  -------------------------------------------------------------------    -------------------
    SLICE_X39Y11         FDRE                         0.000     0.000 r  u_1_c6233/n4_q_reg/C
    SLICE_X39Y11         FDRE (Prop_fdre_C_Q)         0.419     0.419 r  u_1_c6233/n4_q_reg/Q
                         net (fo=8, routed)           0.905     1.324    u_2_c6237/n2_q3_msb
    SLICE_X39Y11         LUT4 (Prop_lut4_I2_O)        0.299     1.623 r  u_2_c6237/n14_o/O
                         net (fo=1, routed)           1.667     3.290    c_OBUF
    P2                   OBUF (Prop_obuf_I_O)         3.539     6.829 r  c_OBUF_inst/O
                         net (fo=0)                   0.000     6.829    c
    P2                                                                r  c (OUT)
  -------------------------------------------------------------------    -------------------

Slack:                    inf
  Source:                 u_1_c6233/n4_q_reg/C
                            (rising edge-triggered cell FDRE)
  Destination:            g
                            (output port)
  Path Group:             (none)
  Path Type:              Max at Slow Process Corner
  Data Path Delay:        6.791ns  (logic 4.231ns (62.299%)  route 2.560ns (37.701%))
  Logic Levels:           3  (FDRE=1 LUT4=1 OBUF=1)

    Location             Delay type                Incr(ns)  Path(ns)    Netlist Resource(s)
  -------------------------------------------------------------------    -------------------
    SLICE_X39Y11         FDRE                         0.000     0.000 r  u_1_c6233/n4_q_reg/C
    SLICE_X39Y11         FDRE (Prop_fdre_C_Q)         0.419     0.419 r  u_1_c6233/n4_q_reg/Q
                         net (fo=8, routed)           0.847     1.266    u_2_c6237/n2_q3_msb
    SLICE_X39Y13         LUT4 (Prop_lut4_I2_O)        0.299     1.565 r  u_2_c6237/n32_o/O
                         net (fo=1, routed)           1.713     3.278    g_OBUF
    K4                   OBUF (Prop_obuf_I_O)         3.513     6.791 r  g_OBUF_inst/O
                         net (fo=0)                   0.000     6.791    g
    K4                                                                r  g (OUT)
  -------------------------------------------------------------------    -------------------

Slack:                    inf
  Source:                 u_0_c6232/u_3_c6094/n2_q_reg/C
                            (rising edge-triggered cell FDCE)
  Destination:            u_0_c6232/u_3_c6094/n2_q_reg/CLR
  Path Group:             (none)
  Path Type:              Max at Slow Process Corner
  Data Path Delay:        2.487ns  (logic 0.813ns (32.684%)  route 1.674ns (67.316%))
  Logic Levels:           2  (FDCE=1 LUT4=1)

    Location             Delay type                Incr(ns)  Path(ns)    Netlist Resource(s)
  -------------------------------------------------------------------    -------------------
    SLICE_X34Y14         FDCE                         0.000     0.000 r  u_0_c6232/u_3_c6094/n2_q_reg/C
    SLICE_X34Y14         FDCE (Prop_fdce_C_Q)         0.689     0.689 f  u_0_c6232/u_3_c6094/n2_q_reg/Q
                         net (fo=3, routed)           0.881     1.570    u_0_c6232/u_3_c6094/n2_q
    SLICE_X34Y13         LUT4 (Prop_lut4_I2_O)        0.124     1.694 f  u_0_c6232/u_3_c6094/n1_q_i_2__0/O
                         net (fo=9, routed)           0.793     2.487    u_0_c6232/u_3_c6094/n4_clk_mod10
    SLICE_X34Y14         FDCE                                         f  u_0_c6232/u_3_c6094/n2_q_reg/CLR
  -------------------------------------------------------------------    -------------------

Slack:                    inf
  Source:                 u_0_c6232/u_3_c6094/n2_q_reg/C
                            (rising edge-triggered cell FDCE)
  Destination:            u_0_c6232/u_3_c6094/n2_qn_reg/PRE
  Path Group:             (none)
  Path Type:              Max at Slow Process Corner
  Data Path Delay:        2.487ns  (logic 0.813ns (32.684%)  route 1.674ns (67.316%))
  Logic Levels:           2  (FDCE=1 LUT4=1)

    Location             Delay type                Incr(ns)  Path(ns)    Netlist Resource(s)
  -------------------------------------------------------------------    -------------------
    SLICE_X34Y14         FDCE                         0.000     0.000 r  u_0_c6232/u_3_c6094/n2_q_reg/C
    SLICE_X34Y14         FDCE (Prop_fdce_C_Q)         0.689     0.689 f  u_0_c6232/u_3_c6094/n2_q_reg/Q
                         net (fo=3, routed)           0.881     1.570    u_0_c6232/u_3_c6094/n2_q
    SLICE_X34Y13         LUT4 (Prop_lut4_I2_O)        0.124     1.694 f  u_0_c6232/u_3_c6094/n1_q_i_2__0/O
                         net (fo=9, routed)           0.793     2.487    u_0_c6232/u_3_c6094/n4_clk_mod10
    SLICE_X34Y14         FDPE                                         f  u_0_c6232/u_3_c6094/n2_qn_reg/PRE
  -------------------------------------------------------------------    -------------------

Slack:                    inf
  Source:                 u_0_c6232/u_7_c6098/n3_q_reg/C
                            (rising edge-triggered cell FDCE)
  Destination:            u_0_c6232/u_7_c6098/n2_q_reg/CLR
  Path Group:             (none)
  Path Type:              Max at Slow Process Corner
  Data Path Delay:        2.431ns  (logic 0.751ns (30.890%)  route 1.680ns (69.110%))
  Logic Levels:           2  (FDCE=1 LUT4=1)

    Location             Delay type                Incr(ns)  Path(ns)    Netlist Resource(s)
  -------------------------------------------------------------------    -------------------
    SLICE_X37Y12         FDCE                         0.000     0.000 r  u_0_c6232/u_7_c6098/n3_q_reg/C
    SLICE_X37Y12         FDCE (Prop_fdce_C_Q)         0.627     0.627 r  u_0_c6232/u_7_c6098/n3_q_reg/Q
                         net (fo=3, routed)           0.966     1.593    u_0_c6232/u_7_c6098/n3_q_reg_n_0
    SLICE_X38Y12         LUT4 (Prop_lut4_I3_O)        0.124     1.717 f  u_0_c6232/u_7_c6098/n1_q_i_2__4/O
                         net (fo=9, routed)           0.714     2.431    u_0_c6232/u_7_c6098/n8_clk_mod10
    SLICE_X38Y12         FDCE                                         f  u_0_c6232/u_7_c6098/n2_q_reg/CLR
  -------------------------------------------------------------------    -------------------





Min Delay Paths
--------------------------------------------------------------------------------------
Slack:                    inf
  Source:                 u_0_c6232/u_0_c6091/n1_q_reg/C
                            (rising edge-triggered cell FDCE)
  Destination:            u_0_c6232/u_0_c6091/n1_qn_reg/D
  Path Group:             (none)
  Path Type:              Min at Fast Process Corner
  Data Path Delay:        0.219ns  (logic 0.141ns (64.352%)  route 0.078ns (35.648%))
  Logic Levels:           1  (FDCE=1)

    Location             Delay type                Incr(ns)  Path(ns)    Netlist Resource(s)
  -------------------------------------------------------------------    -------------------
    SLICE_X35Y12         FDCE                         0.000     0.000 r  u_0_c6232/u_0_c6091/n1_q_reg/C
    SLICE_X35Y12         FDCE (Prop_fdce_C_Q)         0.141     0.141 r  u_0_c6232/u_0_c6091/n1_q_reg/Q
                         net (fo=3, routed)           0.078     0.219    u_0_c6232/u_0_c6091/n1_q
    SLICE_X35Y12         FDPE                                         r  u_0_c6232/u_0_c6091/n1_qn_reg/D
  -------------------------------------------------------------------    -------------------

Slack:                    inf
  Source:                 u_0_c6232/u_4_c6095/n1_q_reg/C
                            (rising edge-triggered cell FDCE)
  Destination:            u_0_c6232/u_4_c6095/n1_qn_reg/D
  Path Group:             (none)
  Path Type:              Min at Fast Process Corner
  Data Path Delay:        0.220ns  (logic 0.141ns (64.051%)  route 0.079ns (35.949%))
  Logic Levels:           1  (FDCE=1)

    Location             Delay type                Incr(ns)  Path(ns)    Netlist Resource(s)
  -------------------------------------------------------------------    -------------------
    SLICE_X35Y14         FDCE                         0.000     0.000 r  u_0_c6232/u_4_c6095/n1_q_reg/C
    SLICE_X35Y14         FDCE (Prop_fdce_C_Q)         0.141     0.141 r  u_0_c6232/u_4_c6095/n1_q_reg/Q
                         net (fo=3, routed)           0.079     0.220    u_0_c6232/u_4_c6095/n1_q_reg_n_0
    SLICE_X35Y14         FDPE                                         r  u_0_c6232/u_4_c6095/n1_qn_reg/D
  -------------------------------------------------------------------    -------------------

Slack:                    inf
  Source:                 u_0_c6232/u_6_c6097/n1_q_reg/C
                            (rising edge-triggered cell FDCE)
  Destination:            u_0_c6232/u_6_c6097/n1_qn_reg/D
  Path Group:             (none)
  Path Type:              Min at Fast Process Corner
  Data Path Delay:        0.220ns  (logic 0.141ns (64.051%)  route 0.079ns (35.949%))
  Logic Levels:           1  (FDCE=1)

    Location             Delay type                Incr(ns)  Path(ns)    Netlist Resource(s)
  -------------------------------------------------------------------    -------------------
    SLICE_X35Y11         FDCE                         0.000     0.000 r  u_0_c6232/u_6_c6097/n1_q_reg/C
    SLICE_X35Y11         FDCE (Prop_fdce_C_Q)         0.141     0.141 r  u_0_c6232/u_6_c6097/n1_q_reg/Q
                         net (fo=3, routed)           0.079     0.220    u_0_c6232/u_6_c6097/n1_q_reg_n_0
    SLICE_X35Y11         FDPE                                         r  u_0_c6232/u_6_c6097/n1_qn_reg/D
  -------------------------------------------------------------------    -------------------

Slack:                    inf
  Source:                 u_0_c6232/u_2_c6093/n1_q_reg/C
                            (rising edge-triggered cell FDCE)
  Destination:            u_0_c6232/u_2_c6093/n1_qn_reg/D
  Path Group:             (none)
  Path Type:              Min at Fast Process Corner
  Data Path Delay:        0.230ns  (logic 0.141ns (61.419%)  route 0.089ns (38.581%))
  Logic Levels:           1  (FDCE=1)

    Location             Delay type                Incr(ns)  Path(ns)    Netlist Resource(s)
  -------------------------------------------------------------------    -------------------
    SLICE_X36Y10         FDCE                         0.000     0.000 r  u_0_c6232/u_2_c6093/n1_q_reg/C
    SLICE_X36Y10         FDCE (Prop_fdce_C_Q)         0.141     0.141 r  u_0_c6232/u_2_c6093/n1_q_reg/Q
                         net (fo=3, routed)           0.089     0.230    u_0_c6232/u_2_c6093/n1_q_reg_n_0
    SLICE_X36Y10         FDPE                                         r  u_0_c6232/u_2_c6093/n1_qn_reg/D
  -------------------------------------------------------------------    -------------------

Slack:                    inf
  Source:                 u_0_c6232/u_1_c6092/n1_q_reg/C
                            (rising edge-triggered cell FDCE)
  Destination:            u_0_c6232/u_1_c6092/n1_qn_reg/D
  Path Group:             (none)
  Path Type:              Min at Fast Process Corner
  Data Path Delay:        0.242ns  (logic 0.164ns (67.739%)  route 0.078ns (32.261%))
  Logic Levels:           1  (FDCE=1)

    Location             Delay type                Incr(ns)  Path(ns)    Netlist Resource(s)
  -------------------------------------------------------------------    -------------------
    SLICE_X38Y10         FDCE                         0.000     0.000 r  u_0_c6232/u_1_c6092/n1_q_reg/C
    SLICE_X38Y10         FDCE (Prop_fdce_C_Q)         0.164     0.164 r  u_0_c6232/u_1_c6092/n1_q_reg/Q
                         net (fo=3, routed)           0.078     0.242    u_0_c6232/u_1_c6092/n1_q
    SLICE_X38Y10         FDPE                                         r  u_0_c6232/u_1_c6092/n1_qn_reg/D
  -------------------------------------------------------------------    -------------------

Slack:                    inf
  Source:                 u_0_c6232/u_3_c6094/n1_q_reg/C
                            (rising edge-triggered cell FDCE)
  Destination:            u_0_c6232/u_3_c6094/n1_qn_reg/D
  Path Group:             (none)
  Path Type:              Min at Fast Process Corner
  Data Path Delay:        0.242ns  (logic 0.164ns (67.739%)  route 0.078ns (32.261%))
  Logic Levels:           1  (FDCE=1)

    Location             Delay type                Incr(ns)  Path(ns)    Netlist Resource(s)
  -------------------------------------------------------------------    -------------------
    SLICE_X34Y13         FDCE                         0.000     0.000 r  u_0_c6232/u_3_c6094/n1_q_reg/C
    SLICE_X34Y13         FDCE (Prop_fdce_C_Q)         0.164     0.164 r  u_0_c6232/u_3_c6094/n1_q_reg/Q
                         net (fo=3, routed)           0.078     0.242    u_0_c6232/u_3_c6094/n1_q_reg_n_0
    SLICE_X34Y13         FDPE                                         r  u_0_c6232/u_3_c6094/n1_qn_reg/D
  -------------------------------------------------------------------    -------------------

Slack:                    inf
  Source:                 u_0_c6232/u_5_c6096/n1_q_reg/C
                            (rising edge-triggered cell FDCE)
  Destination:            u_0_c6232/u_5_c6096/n1_qn_reg/D
  Path Group:             (none)
  Path Type:              Min at Fast Process Corner
  Data Path Delay:        0.242ns  (logic 0.164ns (67.739%)  route 0.078ns (32.261%))
  Logic Levels:           1  (FDCE=1)

    Location             Delay type                Incr(ns)  Path(ns)    Netlist Resource(s)
  -------------------------------------------------------------------    -------------------
    SLICE_X34Y11         FDCE                         0.000     0.000 r  u_0_c6232/u_5_c6096/n1_q_reg/C
    SLICE_X34Y11         FDCE (Prop_fdce_C_Q)         0.164     0.164 r  u_0_c6232/u_5_c6096/n1_q_reg/Q
                         net (fo=3, routed)           0.078     0.242    u_0_c6232/u_5_c6096/n1_q_reg_n_0
    SLICE_X34Y11         FDPE                                         r  u_0_c6232/u_5_c6096/n1_qn_reg/D
  -------------------------------------------------------------------    -------------------

Slack:                    inf
  Source:                 u_0_c6232/u_7_c6098/n1_q_reg/C
                            (rising edge-triggered cell FDCE)
  Destination:            u_0_c6232/u_7_c6098/n1_qn_reg/D
  Path Group:             (none)
  Path Type:              Min at Fast Process Corner
  Data Path Delay:        0.243ns  (logic 0.164ns (67.452%)  route 0.079ns (32.548%))
  Logic Levels:           1  (FDCE=1)

    Location             Delay type                Incr(ns)  Path(ns)    Netlist Resource(s)
  -------------------------------------------------------------------    -------------------
    SLICE_X38Y11         FDCE                         0.000     0.000 r  u_0_c6232/u_7_c6098/n1_q_reg/C
    SLICE_X38Y11         FDCE (Prop_fdce_C_Q)         0.164     0.164 r  u_0_c6232/u_7_c6098/n1_q_reg/Q
                         net (fo=3, routed)           0.079     0.243    u_0_c6232/u_7_c6098/n1_q_reg_n_0
    SLICE_X38Y11         FDPE                                         r  u_0_c6232/u_7_c6098/n1_qn_reg/D
  -------------------------------------------------------------------    -------------------

Slack:                    inf
  Source:                 u_0_c6232/u_3_c6094/n3_q_reg/C
                            (rising edge-triggered cell FDCE)
  Destination:            u_0_c6232/u_3_c6094/n3_qn_reg/D
  Path Group:             (none)
  Path Type:              Min at Fast Process Corner
  Data Path Delay:        0.272ns  (logic 0.194ns (71.296%)  route 0.078ns (28.704%))
  Logic Levels:           1  (FDCE=1)

    Location             Delay type                Incr(ns)  Path(ns)    Netlist Resource(s)
  -------------------------------------------------------------------    -------------------
    SLICE_X35Y13         FDCE                         0.000     0.000 r  u_0_c6232/u_3_c6094/n3_q_reg/C
    SLICE_X35Y13         FDCE (Prop_fdce_C_Q)         0.194     0.194 r  u_0_c6232/u_3_c6094/n3_q_reg/Q
                         net (fo=3, routed)           0.078     0.272    u_0_c6232/u_3_c6094/n3_q_reg_n_0
    SLICE_X35Y13         FDPE                                         r  u_0_c6232/u_3_c6094/n3_qn_reg/D
  -------------------------------------------------------------------    -------------------

Slack:                    inf
  Source:                 u_0_c6232/u_2_c6093/n3_q_reg/C
                            (rising edge-triggered cell FDCE)
  Destination:            u_0_c6232/u_2_c6093/n3_qn_reg/D
  Path Group:             (none)
  Path Type:              Min at Fast Process Corner
  Data Path Delay:        0.273ns  (logic 0.195ns (71.401%)  route 0.078ns (28.599%))
  Logic Levels:           1  (FDCE=1)

    Location             Delay type                Incr(ns)  Path(ns)    Netlist Resource(s)
  -------------------------------------------------------------------    -------------------
    SLICE_X37Y9          FDCE                         0.000     0.000 r  u_0_c6232/u_2_c6093/n3_q_reg/C
    SLICE_X37Y9          FDCE (Prop_fdce_C_Q)         0.195     0.195 r  u_0_c6232/u_2_c6093/n3_q_reg/Q
                         net (fo=3, routed)           0.078     0.273    u_0_c6232/u_2_c6093/n3_q_reg_n_0
    SLICE_X37Y9          FDPE                                         r  u_0_c6232/u_2_c6093/n3_qn_reg/D
  -------------------------------------------------------------------    -------------------





