#-----------------------------------------------------------
# Vivado v2025.2 (64-bit)
# SW Build 6299465 on Fri Nov 14 19:35:11 GMT 2025
# IP Build 6300035 on Fri Nov 14 10:48:45 MST 2025
# SharedData Build 6298862 on Thu Nov 13 04:50:51 MST 2025
# Start of session at: Mon Aug  3 17:54:05 2026
# Process ID         : 18632
# Current directory  : E:/Second Year/First Semester/Digital/Lab/Lab05/lab5/lab5.runs/impl_1
# Command line       : vivado.exe -log lab5_3.vdi -applog -product Vivado -messageDb vivado.pb -mode batch -source lab5_3.tcl -notrace
# Log file           : E:/Second Year/First Semester/Digital/Lab/Lab05/lab5/lab5.runs/impl_1/lab5_3.vdi
# Journal file       : E:/Second Year/First Semester/Digital/Lab/Lab05/lab5/lab5.runs/impl_1\vivado.jou
# Running On         : LAPTOP-2P21F8GO
# Platform           : Windows Server 2016 or Windows 10
# Operating System   : 19045
# Processor Detail   : AMD Ryzen 7 5800H with Radeon Graphics         
# CPU Frequency      : 3194 MHz
# CPU Physical cores : 8
# CPU Logical cores  : 16
# Host memory        : 16487 MB
# Swap memory        : 6442 MB
# Total Virtual      : 22930 MB
# Available Virtual  : 5267 MB
#-----------------------------------------------------------
source lab5_3.tcl -notrace
