
*** Running vivado
    with args -log lab5_3.vds -m64 -product Vivado -mode batch -messageDb vivado.pb -notrace -source lab5_3.tcl



****** Vivado v2025.2 (64-bit)
  **** SW Build 6299465 on Fri Nov 14 19:35:11 GMT 2025
  **** IP Build 6300035 on Fri Nov 14 10:48:45 MST 2025
  **** SharedData Build 6298862 on Thu Nov 13 04:50:51 MST 2025
  **** Start of session at: Mon Aug  3 17:52:49 2026
    ** Copyright 1986-2022 Xilinx, Inc. All Rights Reserved.
    ** Copyright 2022-2025 Advanced Micro Devices, Inc. All Rights Reserved.

source lab5_3.tcl -notrace
Command: read_checkpoint -auto_incremental -incremental {E:/Second Year/First Semester/Digital/Lab/Lab05/lab5/lab5.srcs/utils_1/imports/synth_1/lab5_2.dcp}
INFO: [Vivado 12-5825] Read reference checkpoint from E:/Second Year/First Semester/Digital/Lab/Lab05/lab5/lab5.srcs/utils_1/imports/synth_1/lab5_2.dcp for incremental synthesis
INFO: [Vivado 12-7989] Please ensure there are no constraint changes
Command: synth_design -top lab5_3 -part xc7s15ftgb196-1
Starting synth_design
Attempting to get a license for feature 'Synthesis' and/or device 'xc7s15'
INFO: [Common 17-349] Got license for feature 'Synthesis' and/or device 'xc7s15'
INFO: [Device 21-403] Loading part xc7s15ftgb196-1
INFO: [Designutils 20-5440] No compile time benefit to using incremental synthesis; A full resynthesis will be run
INFO: [Designutils 20-4379] Flow is switching to default flow due to incremental criteria not met. If you would like to alter this behaviour and have the flow terminate instead, please set the following parameter config_implementation {autoIncr.Synth.RejectBehavior Terminate}
INFO: [Synth 8-7079] Multithreading enabled for synth_design using a maximum of 2 processes.
INFO: [Synth 8-7078] Launching helper process for spawning children vivado processes
INFO: [Synth 8-7075] Helper process launched with PID 22300
---------------------------------------------------------------------------------
Starting RTL Elaboration : Time (s): cpu = 00:00:06 ; elapsed = 00:00:06 . Memory (MB): peak = 1221.559 ; gain = 539.039
---------------------------------------------------------------------------------
INFO: [Synth 8-638] synthesizing module 'lab5_3' [E:/Second Year/First Semester/Digital/Lab/Lab05/lab5/lab5.srcs/sources_1/new/lab5_3.vhd:46]
INFO: [Synth 8-3491] module 'mod50m_async' declared at 'E:/Second Year/First Semester/Digital/Lab/Lab05/lab5/lab5.srcs/sources_1/new/mod50m_async.vhd:29' bound to instance 'u_0_c6232' of component 'mod50m_async' [E:/Second Year/First Semester/Digital/Lab/Lab05/lab5/lab5.srcs/sources_1/new/lab5_3.vhd:81]
INFO: [Synth 8-638] synthesizing module 'mod50m_async' [E:/Second Year/First Semester/Digital/Lab/Lab05/lab5/lab5.srcs/sources_1/new/mod50m_async.vhd:36]
INFO: [Synth 8-3491] module 'mod_5' declared at 'E:/Second Year/First Semester/Digital/Lab/Lab05/lab5/lab5.srcs/sources_1/new/mod_5.vhd:28' bound to instance 'u_0_c6091' of component 'mod_5' [E:/Second Year/First Semester/Digital/Lab/Lab05/lab5/lab5.srcs/sources_1/new/mod50m_async.vhd:53]
INFO: [Synth 8-638] synthesizing module 'mod_5' [E:/Second Year/First Semester/Digital/Lab/Lab05/lab5/lab5.srcs/sources_1/new/mod_5.vhd:35]
INFO: [Synth 8-256] done synthesizing module 'mod_5' (0#1) [E:/Second Year/First Semester/Digital/Lab/Lab05/lab5/lab5.srcs/sources_1/new/mod_5.vhd:35]
INFO: [Synth 8-3491] module 'mod_10' declared at 'E:/Second Year/First Semester/Digital/Lab/Lab05/lab5/lab5.srcs/sources_1/new/mod_10.vhd:28' bound to instance 'u_1_c6092' of component 'mod_10' [E:/Second Year/First Semester/Digital/Lab/Lab05/lab5/lab5.srcs/sources_1/new/mod50m_async.vhd:57]
INFO: [Synth 8-638] synthesizing module 'mod_10' [E:/Second Year/First Semester/Digital/Lab/Lab05/lab5/lab5.srcs/sources_1/new/mod_10.vhd:35]
INFO: [Synth 8-256] done synthesizing module 'mod_10' (0#1) [E:/Second Year/First Semester/Digital/Lab/Lab05/lab5/lab5.srcs/sources_1/new/mod_10.vhd:35]
INFO: [Synth 8-3491] module 'mod_10' declared at 'E:/Second Year/First Semester/Digital/Lab/Lab05/lab5/lab5.srcs/sources_1/new/mod_10.vhd:28' bound to instance 'u_2_c6093' of component 'mod_10' [E:/Second Year/First Semester/Digital/Lab/Lab05/lab5/lab5.srcs/sources_1/new/mod50m_async.vhd:61]
INFO: [Synth 8-3491] module 'mod_10' declared at 'E:/Second Year/First Semester/Digital/Lab/Lab05/lab5/lab5.srcs/sources_1/new/mod_10.vhd:28' bound to instance 'u_3_c6094' of component 'mod_10' [E:/Second Year/First Semester/Digital/Lab/Lab05/lab5/lab5.srcs/sources_1/new/mod50m_async.vhd:65]
INFO: [Synth 8-3491] module 'mod_10' declared at 'E:/Second Year/First Semester/Digital/Lab/Lab05/lab5/lab5.srcs/sources_1/new/mod_10.vhd:28' bound to instance 'u_4_c6095' of component 'mod_10' [E:/Second Year/First Semester/Digital/Lab/Lab05/lab5/lab5.srcs/sources_1/new/mod50m_async.vhd:69]
INFO: [Synth 8-3491] module 'mod_10' declared at 'E:/Second Year/First Semester/Digital/Lab/Lab05/lab5/lab5.srcs/sources_1/new/mod_10.vhd:28' bound to instance 'u_5_c6096' of component 'mod_10' [E:/Second Year/First Semester/Digital/Lab/Lab05/lab5/lab5.srcs/sources_1/new/mod50m_async.vhd:73]
INFO: [Synth 8-3491] module 'mod_10' declared at 'E:/Second Year/First Semester/Digital/Lab/Lab05/lab5/lab5.srcs/sources_1/new/mod_10.vhd:28' bound to instance 'u_6_c6097' of component 'mod_10' [E:/Second Year/First Semester/Digital/Lab/Lab05/lab5/lab5.srcs/sources_1/new/mod50m_async.vhd:77]
INFO: [Synth 8-3491] module 'mod_10' declared at 'E:/Second Year/First Semester/Digital/Lab/Lab05/lab5/lab5.srcs/sources_1/new/mod_10.vhd:28' bound to instance 'u_7_c6098' of component 'mod_10' [E:/Second Year/First Semester/Digital/Lab/Lab05/lab5/lab5.srcs/sources_1/new/mod50m_async.vhd:81]
INFO: [Synth 8-256] done synthesizing module 'mod50m_async' (0#1) [E:/Second Year/First Semester/Digital/Lab/Lab05/lab5/lab5.srcs/sources_1/new/mod50m_async.vhd:36]
INFO: [Synth 8-3491] module 'counter_2345679' declared at 'E:/Second Year/First Semester/Digital/Lab/Lab05/lab5/lab5.srcs/sources_1/new/counter_2345679.vhd:11' bound to instance 'u_1_c6233' of component 'counter_2345679' [E:/Second Year/First Semester/Digital/Lab/Lab05/lab5/lab5.srcs/sources_1/new/lab5_3.vhd:85]
INFO: [Synth 8-638] synthesizing module 'counter_2345679' [E:/Second Year/First Semester/Digital/Lab/Lab05/lab5/lab5.srcs/sources_1/new/counter_2345679.vhd:21]
INFO: [Synth 8-256] done synthesizing module 'counter_2345679' (0#1) [E:/Second Year/First Semester/Digital/Lab/Lab05/lab5/lab5.srcs/sources_1/new/counter_2345679.vhd:21]
INFO: [Synth 8-3491] module 'hex_7seg' declared at 'E:/Second Year/First Semester/Digital/Lab/Lab05/lab5/lab5.srcs/sources_1/new/hex_7seg.vhd:28' bound to instance 'u_2_c6237' of component 'hex_7seg' [E:/Second Year/First Semester/Digital/Lab/Lab05/lab5/lab5.srcs/sources_1/new/lab5_3.vhd:92]
INFO: [Synth 8-638] synthesizing module 'hex_7seg' [E:/Second Year/First Semester/Digital/Lab/Lab05/lab5/lab5.srcs/sources_1/new/hex_7seg.vhd:44]
INFO: [Synth 8-256] done synthesizing module 'hex_7seg' (0#1) [E:/Second Year/First Semester/Digital/Lab/Lab05/lab5/lab5.srcs/sources_1/new/hex_7seg.vhd:44]
INFO: [Synth 8-256] done synthesizing module 'lab5_3' (0#1) [E:/Second Year/First Semester/Digital/Lab/Lab05/lab5/lab5.srcs/sources_1/new/lab5_3.vhd:46]
WARNING: [Synth 8-6014] Unused sequential element n3_qn_reg was removed.  [E:/Second Year/First Semester/Digital/Lab/Lab05/lab5/lab5.srcs/sources_1/new/mod_5.vhd:72]
WARNING: [Synth 8-6014] Unused sequential element n4_qn_reg was removed.  [E:/Second Year/First Semester/Digital/Lab/Lab05/lab5/lab5.srcs/sources_1/new/mod_10.vhd:85]
WARNING: [Synth 8-6014] Unused sequential element n1_qn_reg was removed.  [E:/Second Year/First Semester/Digital/Lab/Lab05/lab5/lab5.srcs/sources_1/new/counter_2345679.vhd:43]
WARNING: [Synth 8-6014] Unused sequential element n4_qn_reg was removed.  [E:/Second Year/First Semester/Digital/Lab/Lab05/lab5/lab5.srcs/sources_1/new/counter_2345679.vhd:72]
WARNING: [Synth 8-6014] Unused sequential element n19_q_reg was removed.  [E:/Second Year/First Semester/Digital/Lab/Lab05/lab5/lab5.srcs/sources_1/new/counter_2345679.vhd:82]
WARNING: [Synth 8-3917] design lab5_3 has port d0 driven by constant 0
WARNING: [Synth 8-3917] design lab5_3 has port d1 driven by constant 0
WARNING: [Synth 8-3917] design lab5_3 has port d2 driven by constant 0
WARNING: [Synth 8-3917] design lab5_3 has port d3 driven by constant 1
---------------------------------------------------------------------------------
Finished RTL Elaboration : Time (s): cpu = 00:00:08 ; elapsed = 00:00:08 . Memory (MB): peak = 1339.871 ; gain = 657.352
---------------------------------------------------------------------------------
---------------------------------------------------------------------------------
Start Handling Custom Attributes
---------------------------------------------------------------------------------
---------------------------------------------------------------------------------
Finished Handling Custom Attributes : Time (s): cpu = 00:00:08 ; elapsed = 00:00:08 . Memory (MB): peak = 1339.871 ; gain = 657.352
---------------------------------------------------------------------------------
---------------------------------------------------------------------------------
Finished RTL Optimization Phase 1 : Time (s): cpu = 00:00:08 ; elapsed = 00:00:08 . Memory (MB): peak = 1339.871 ; gain = 657.352
---------------------------------------------------------------------------------
Netlist sorting complete. Time (s): cpu = 00:00:00 ; elapsed = 00:00:00.001 . Memory (MB): peak = 1339.871 ; gain = 0.000
INFO: [Project 1-570] Preparing netlist for logic optimization

Processing XDC Constraints
Initializing timing engine
Parsing XDC File [E:/Second Year/First Semester/Digital/Lab/Lab05/lab5/lab5.srcs/constrs_1/new/2.xdc]
Finished Parsing XDC File [E:/Second Year/First Semester/Digital/Lab/Lab05/lab5/lab5.srcs/constrs_1/new/2.xdc]
INFO: [Project 1-236] Implementation specific constraints were found while reading constraint file [E:/Second Year/First Semester/Digital/Lab/Lab05/lab5/lab5.srcs/constrs_1/new/2.xdc]. These constraints will be ignored for synthesis but will be used in implementation. Impacted constraints are listed in the file [.Xil/lab5_3_propImpl.xdc].
Resolution: To avoid this warning, move constraints listed in [.Xil/lab5_3_propImpl.xdc] to another XDC file and exclude this new file from synthesis with the used_in_synthesis property (File Properties dialog in GUI) and re-run elaboration/synthesis.
Completed Processing XDC Constraints

Netlist sorting complete. Time (s): cpu = 00:00:00 ; elapsed = 00:00:00 . Memory (MB): peak = 1339.871 ; gain = 0.000
INFO: [Project 1-111] Unisim Transformation Summary:
No Unisim elements were transformed.

Constraint Validation Runtime : Time (s): cpu = 00:00:00 ; elapsed = 00:00:00.003 . Memory (MB): peak = 1339.871 ; gain = 0.000
INFO: [Designutils 20-5440] No compile time benefit to using incremental synthesis; A full resynthesis will be run
INFO: [Designutils 20-4379] Flow is switching to default flow due to incremental criteria not met. If you would like to alter this behaviour and have the flow terminate instead, please set the following parameter config_implementation {autoIncr.Synth.RejectBehavior Terminate}
---------------------------------------------------------------------------------
Finished Constraint Validation : Time (s): cpu = 00:00:16 ; elapsed = 00:00:15 . Memory (MB): peak = 1339.871 ; gain = 657.352
---------------------------------------------------------------------------------
---------------------------------------------------------------------------------
Start Loading Part and Timing Information
---------------------------------------------------------------------------------
Loading part: xc7s15ftgb196-1
---------------------------------------------------------------------------------
Finished Loading Part and Timing Information : Time (s): cpu = 00:00:16 ; elapsed = 00:00:16 . Memory (MB): peak = 1339.871 ; gain = 657.352
---------------------------------------------------------------------------------
---------------------------------------------------------------------------------
Start Applying 'set_property' XDC Constraints
---------------------------------------------------------------------------------
---------------------------------------------------------------------------------
Finished applying 'set_property' XDC Constraints : Time (s): cpu = 00:00:16 ; elapsed = 00:00:16 . Memory (MB): peak = 1339.871 ; gain = 657.352
---------------------------------------------------------------------------------
---------------------------------------------------------------------------------
Finished RTL Optimization Phase 2 : Time (s): cpu = 00:00:16 ; elapsed = 00:00:16 . Memory (MB): peak = 1339.871 ; gain = 657.352
---------------------------------------------------------------------------------
---------------------------------------------------------------------------------
Start RTL Component Statistics 
---------------------------------------------------------------------------------
Detailed RTL Component Info : 
+---Registers : 
	                1 Bit    Registers := 61    
+---Muxes : 
	   2 Input    1 Bit        Muxes := 1     
---------------------------------------------------------------------------------
Finished RTL Component Statistics 
---------------------------------------------------------------------------------
---------------------------------------------------------------------------------
Start Part Resource Summary
---------------------------------------------------------------------------------
Part Resources:
DSPs: 20 (col length:20)
BRAMs: 20 (col length: RAMB18 20 RAMB36 10)
---------------------------------------------------------------------------------
Finished Part Resource Summary
---------------------------------------------------------------------------------
---------------------------------------------------------------------------------
Start Cross Boundary and Area Optimization
---------------------------------------------------------------------------------
WARNING: [Synth 8-3917] design lab5_3 has port d0 driven by constant 0
WARNING: [Synth 8-3917] design lab5_3 has port d1 driven by constant 0
WARNING: [Synth 8-3917] design lab5_3 has port d2 driven by constant 0
WARNING: [Synth 8-3917] design lab5_3 has port d3 driven by constant 1
---------------------------------------------------------------------------------
Finished Cross Boundary and Area Optimization : Time (s): cpu = 00:00:18 ; elapsed = 00:00:18 . Memory (MB): peak = 1369.082 ; gain = 686.562
---------------------------------------------------------------------------------
---------------------------------------------------------------------------------
Start Applying XDC Timing Constraints
---------------------------------------------------------------------------------
---------------------------------------------------------------------------------
Finished Applying XDC Timing Constraints : Time (s): cpu = 00:00:23 ; elapsed = 00:00:23 . Memory (MB): peak = 1526.465 ; gain = 843.945
---------------------------------------------------------------------------------
---------------------------------------------------------------------------------
Start Timing Optimization
---------------------------------------------------------------------------------
---------------------------------------------------------------------------------
Finished Timing Optimization : Time (s): cpu = 00:00:23 ; elapsed = 00:00:23 . Memory (MB): peak = 1526.613 ; gain = 844.094
---------------------------------------------------------------------------------
---------------------------------------------------------------------------------
Start Technology Mapping
---------------------------------------------------------------------------------
---------------------------------------------------------------------------------
Finished Technology Mapping : Time (s): cpu = 00:00:23 ; elapsed = 00:00:23 . Memory (MB): peak = 1555.254 ; gain = 872.734
---------------------------------------------------------------------------------
---------------------------------------------------------------------------------
Start IO Insertion
---------------------------------------------------------------------------------
---------------------------------------------------------------------------------
Start Flattening Before IO Insertion
---------------------------------------------------------------------------------
---------------------------------------------------------------------------------
Finished Flattening Before IO Insertion
---------------------------------------------------------------------------------
---------------------------------------------------------------------------------
Start Final Netlist Cleanup
---------------------------------------------------------------------------------
---------------------------------------------------------------------------------
Finished Final Netlist Cleanup
---------------------------------------------------------------------------------
---------------------------------------------------------------------------------
Finished IO Insertion : Time (s): cpu = 00:00:27 ; elapsed = 00:00:27 . Memory (MB): peak = 1785.809 ; gain = 1103.289
---------------------------------------------------------------------------------
---------------------------------------------------------------------------------
Start Renaming Generated Instances
---------------------------------------------------------------------------------
---------------------------------------------------------------------------------
Finished Renaming Generated Instances : Time (s): cpu = 00:00:27 ; elapsed = 00:00:27 . Memory (MB): peak = 1785.809 ; gain = 1103.289
---------------------------------------------------------------------------------
---------------------------------------------------------------------------------
Start Rebuilding User Hierarchy
---------------------------------------------------------------------------------
---------------------------------------------------------------------------------
Finished Rebuilding User Hierarchy : Time (s): cpu = 00:00:27 ; elapsed = 00:00:27 . Memory (MB): peak = 1785.809 ; gain = 1103.289
---------------------------------------------------------------------------------
---------------------------------------------------------------------------------
Start Renaming Generated Ports
---------------------------------------------------------------------------------
---------------------------------------------------------------------------------
Finished Renaming Generated Ports : Time (s): cpu = 00:00:27 ; elapsed = 00:00:27 . Memory (MB): peak = 1785.809 ; gain = 1103.289
---------------------------------------------------------------------------------
---------------------------------------------------------------------------------
Start Handling Custom Attributes
---------------------------------------------------------------------------------
---------------------------------------------------------------------------------
Finished Handling Custom Attributes : Time (s): cpu = 00:00:27 ; elapsed = 00:00:27 . Memory (MB): peak = 1785.809 ; gain = 1103.289
---------------------------------------------------------------------------------
---------------------------------------------------------------------------------
Start Renaming Generated Nets
---------------------------------------------------------------------------------
---------------------------------------------------------------------------------
Finished Renaming Generated Nets : Time (s): cpu = 00:00:27 ; elapsed = 00:00:27 . Memory (MB): peak = 1785.809 ; gain = 1103.289
---------------------------------------------------------------------------------
---------------------------------------------------------------------------------
Start Writing Synthesis Report
---------------------------------------------------------------------------------

Report BlackBoxes: 
+-+--------------+----------+
| |BlackBox name |Instances |
+-+--------------+----------+
+-+--------------+----------+

Report Cell Usage: 
+------+-----+------+
|      |Cell |Count |
+------+-----+------+
|1     |BUFG |     1|
|2     |LUT1 |    32|
|3     |LUT3 |     3|
|4     |LUT4 |    16|
|5     |FDCE |    32|
|6     |FDPE |    24|
|7     |FDRE |     5|
|8     |IBUF |     1|
|9     |OBUF |    11|
+------+-----+------+
---------------------------------------------------------------------------------
Finished Writing Synthesis Report : Time (s): cpu = 00:00:27 ; elapsed = 00:00:27 . Memory (MB): peak = 1785.809 ; gain = 1103.289
---------------------------------------------------------------------------------
Synthesis finished with 0 errors, 0 critical warnings and 4 warnings.
Synthesis Optimization Runtime : Time (s): cpu = 00:00:18 ; elapsed = 00:00:26 . Memory (MB): peak = 1785.809 ; gain = 1103.289
Synthesis Optimization Complete : Time (s): cpu = 00:00:28 ; elapsed = 00:00:28 . Memory (MB): peak = 1785.809 ; gain = 1103.289
INFO: [Project 1-571] Translating synthesized netlist
Netlist sorting complete. Time (s): cpu = 00:00:00 ; elapsed = 00:00:00 . Memory (MB): peak = 1792.816 ; gain = 0.000
INFO: [Project 1-570] Preparing netlist for logic optimization
INFO: [Opt 31-138] Pushed 0 inverter(s) to 0 load pin(s).
Netlist sorting complete. Time (s): cpu = 00:00:00 ; elapsed = 00:00:00 . Memory (MB): peak = 1794.527 ; gain = 0.000
INFO: [Project 1-111] Unisim Transformation Summary:
No Unisim elements were transformed.

Synth Design complete | Checksum: e780cd50
INFO: [Common 17-83] Releasing license: Synthesis
42 Infos, 13 Warnings, 0 Critical Warnings and 0 Errors encountered.
synth_design completed successfully
synth_design: Time (s): cpu = 00:00:31 ; elapsed = 00:00:33 . Memory (MB): peak = 1794.527 ; gain = 1265.773
Write ShapeDB Complete: Time (s): cpu = 00:00:00 ; elapsed = 00:00:00 . Memory (MB): peak = 1794.527 ; gain = 0.000
INFO: [Common 17-1381] The checkpoint 'E:/Second Year/First Semester/Digital/Lab/Lab05/lab5/lab5.runs/synth_1/lab5_3.dcp' has been generated.
INFO: [Vivado 12-24828] Executing command : report_utilization -file lab5_3_utilization_synth.rpt -pb lab5_3_utilization_synth.pb
INFO: [Common 17-206] Exiting Vivado at Mon Aug  3 17:53:29 2026...
